Archive member included to satisfy reference by file (symbol)

C:/ST/STM32CubeIDE_1.15.1/STM32CubeIDE/plugins/com.st.stm32cube.ide.mcu.externaltools.gnu-tools-for-stm32.13.3.rel1.win32_1.0.0.202411081344/tools/bin/../lib/gcc/arm-none-eabi/13.3.1/../../../../arm-none-eabi/lib/thumb/v7-m/nofp\libc_nano.a(libc_a-exit.o)
                              C:/ST/STM32CubeIDE_1.15.1/STM32CubeIDE/plugins/com.st.stm32cube.ide.mcu.externaltools.gnu-tools-for-stm32.13.3.rel1.win32_1.0.0.202411081344/tools/bin/../lib/gcc/arm-none-eabi/13.3.1/../../../../arm-none-eabi/lib/thumb/v7-m/nofp/crt0.o (exit)
C:/ST/STM32CubeIDE_1.15.1/STM32CubeIDE/plugins/com.st.stm32cube.ide.mcu.externaltools.gnu-tools-for-stm32.13.3.rel1.win32_1.0.0.202411081344/tools/bin/../lib/gcc/arm-none-eabi/13.3.1/../../../../arm-none-eabi/lib/thumb/v7-m/nofp\libc_nano.a(libc_a-findfp.o)
                              C:/ST/STM32CubeIDE_1.15.1/STM32CubeIDE/plugins/com.st.stm32cube.ide.mcu.externaltools.gnu-tools-for-stm32.13.3.rel1.win32_1.0.0.202411081344/tools/bin/../lib/gcc/arm-none-eabi/13.3.1/../../../../arm-none-eabi/lib/thumb/v7-m/nofp\libc_nano.a(libc_a-exit.o) (__stdio_exit_handler)
C:/ST/STM32CubeIDE_1.15.1/STM32CubeIDE/plugins/com.st.stm32cube.ide.mcu.externaltools.gnu-tools-for-stm32.13.3.rel1.win32_1.0.0.202411081344/tools/bin/../lib/gcc/arm-none-eabi/13.3.1/../../../../arm-none-eabi/lib/thumb/v7-m/nofp\libc_nano.a(libc_a-fwalk.o)
                              C:/ST/STM32CubeIDE_1.15.1/STM32CubeIDE/plugins/com.st.stm32cube.ide.mcu.externaltools.gnu-tools-for-stm32.13.3.rel1.win32_1.0.0.202411081344/tools/bin/../lib/gcc/arm-none-eabi/13.3.1/../../../../arm-none-eabi/lib/thumb/v7-m/nofp\libc_nano.a(libc_a-findfp.o) (_fwalk_sglue)
C:/ST/STM32CubeIDE_1.15.1/STM32CubeIDE/plugins/com.st.stm32cube.ide.mcu.externaltools.gnu-tools-for-stm32.13.3.rel1.win32_1.0.0.202411081344/tools/bin/../lib/gcc/arm-none-eabi/13.3.1/../../../../arm-none-eabi/lib/thumb/v7-m/nofp\libc_nano.a(libc_a-stdio.o)
                              C:/ST/STM32CubeIDE_1.15.1/STM32CubeIDE/plugins/com.st.stm32cube.ide.mcu.externaltools.gnu-tools-for-stm32.13.3.rel1.win32_1.0.0.202411081344/tools/bin/../lib/gcc/arm-none-eabi/13.3.1/../../../../arm-none-eabi/lib/thumb/v7-m/nofp\libc_nano.a(libc_a-findfp.o) (__sread)
C:/ST/STM32CubeIDE_1.15.1/STM32CubeIDE/plugins/com.st.stm32cube.ide.mcu.externaltools.gnu-tools-for-stm32.13.3.rel1.win32_1.0.0.202411081344/tools/bin/../lib/gcc/arm-none-eabi/13.3.1/../../../../arm-none-eabi/lib/thumb/v7-m/nofp\libc_nano.a(libc_a-memset.o)
                              C:/ST/STM32CubeIDE_1.15.1/STM32CubeIDE/plugins/com.st.stm32cube.ide.mcu.externaltools.gnu-tools-for-stm32.13.3.rel1.win32_1.0.0.202411081344/tools/bin/../lib/gcc/arm-none-eabi/13.3.1/../../../../arm-none-eabi/lib/thumb/v7-m/nofp/crt0.o (memset)
C:/ST/STM32CubeIDE_1.15.1/STM32CubeIDE/plugins/com.st.stm32cube.ide.mcu.externaltools.gnu-tools-for-stm32.13.3.rel1.win32_1.0.0.202411081344/tools/bin/../lib/gcc/arm-none-eabi/13.3.1/../../../../arm-none-eabi/lib/thumb/v7-m/nofp\libc_nano.a(libc_a-strcat.o)
                              ./Core/Src/main.o (strcat)
C:/ST/STM32CubeIDE_1.15.1/STM32CubeIDE/plugins/com.st.stm32cube.ide.mcu.externaltools.gnu-tools-for-stm32.13.3.rel1.win32_1.0.0.202411081344/tools/bin/../lib/gcc/arm-none-eabi/13.3.1/../../../../arm-none-eabi/lib/thumb/v7-m/nofp\libc_nano.a(libc_a-closer.o)
                              C:/ST/STM32CubeIDE_1.15.1/STM32CubeIDE/plugins/com.st.stm32cube.ide.mcu.externaltools.gnu-tools-for-stm32.13.3.rel1.win32_1.0.0.202411081344/tools/bin/../lib/gcc/arm-none-eabi/13.3.1/../../../../arm-none-eabi/lib/thumb/v7-m/nofp\libc_nano.a(libc_a-stdio.o) (_close_r)
C:/ST/STM32CubeIDE_1.15.1/STM32CubeIDE/plugins/com.st.stm32cube.ide.mcu.externaltools.gnu-tools-for-stm32.13.3.rel1.win32_1.0.0.202411081344/tools/bin/../lib/gcc/arm-none-eabi/13.3.1/../../../../arm-none-eabi/lib/thumb/v7-m/nofp\libc_nano.a(libc_a-reent.o)
                              C:/ST/STM32CubeIDE_1.15.1/STM32CubeIDE/plugins/com.st.stm32cube.ide.mcu.externaltools.gnu-tools-for-stm32.13.3.rel1.win32_1.0.0.202411081344/tools/bin/../lib/gcc/arm-none-eabi/13.3.1/../../../../arm-none-eabi/lib/thumb/v7-m/nofp\libc_nano.a(libc_a-closer.o) (errno)
C:/ST/STM32CubeIDE_1.15.1/STM32CubeIDE/plugins/com.st.stm32cube.ide.mcu.externaltools.gnu-tools-for-stm32.13.3.rel1.win32_1.0.0.202411081344/tools/bin/../lib/gcc/arm-none-eabi/13.3.1/../../../../arm-none-eabi/lib/thumb/v7-m/nofp\libc_nano.a(libc_a-impure.o)
                              C:/ST/STM32CubeIDE_1.15.1/STM32CubeIDE/plugins/com.st.stm32cube.ide.mcu.externaltools.gnu-tools-for-stm32.13.3.rel1.win32_1.0.0.202411081344/tools/bin/../lib/gcc/arm-none-eabi/13.3.1/../../../../arm-none-eabi/lib/thumb/v7-m/nofp\libc_nano.a(libc_a-reent.o) (_impure_ptr)
[...]
Memory Configuration

Name             Origin             Length             Attributes
RAM              0x20000000         0x00005000         xrw
FLASH            0x08000000         0x00010000         xr
*default*        0x00000000         0xffffffff

Linker script and memory map

LOAD C:/ST/STM32CubeIDE_1.15.1/STM32CubeIDE/plugins/com.st.stm32cube.ide.mcu.externaltools.gnu-tools-for-stm32.13.3.rel1.win32_1.0.0.202411081344/tools/bin/../lib/gcc/arm-none-eabi/13.3.1/thumb/v7-m/nofp/crti.o
LOAD C:/ST/STM32CubeIDE_1.15.1/STM32CubeIDE/plugins/com.st.stm32cube.ide.mcu.externaltools.gnu-tools-for-stm32.13.3.rel1.win32_1.0.0.202411081344/tools/bin/../lib/gcc/arm-none-eabi/13.3.1/thumb/v7-m/nofp/crtbegin.o
LOAD C:/ST/STM32CubeIDE_1.15.1/STM32CubeIDE/plugins/com.st.stm32cube.ide.mcu.externaltools.gnu-tools-for-stm32.13.3.rel1.win32_1.0.0.202411081344/tools/bin/../lib/gcc/arm-none-eabi/13.3.1/../../../../arm-none-eabi/lib/thumb/v7-m/nofp/crt0.o
LOAD ./Core/Src/Ethernet/W5500/w5500.o
LOAD ./Core/Src/Ethernet/W5500_SPI.o
LOAD ./Core/Src/Ethernet/dhcp.o
LOAD ./Core/Src/Ethernet/socket.o
LOAD ./Core/Src/Ethernet/wizchip_conf.o
LOAD ./Core/Src/W25Qxx.o
LOAD ./Core/Src/main.o
LOAD ./Core/Src/stm32f1xx_hal_msp.o
LOAD ./Core/Src/stm32f1xx_it.o
LOAD ./Core/Src/syscalls.o
LOAD ./Core/Src/sysmem.o
LOAD ./Core/Src/system_stm32f1xx.o
LOAD ./Core/Startup/startup_stm32f103c8tx.o
LOAD ./Drivers/STM32F1xx_HAL_Driver/Src/stm32f1xx_hal.o
LOAD ./Drivers/STM32F1xx_HAL_Driver/Src/stm32f1xx_hal_can.o
LOAD ./Drivers/STM32F1xx_HAL_Driver/Src/stm32f1xx_hal_cortex.o
LOAD ./Drivers/STM32F1xx_HAL_Driver/Src/stm32f1xx_hal_dma.o
LOAD ./Drivers/STM32F1xx_HAL_Driver/Src/stm32f1xx_hal_exti.o
LOAD ./Drivers/STM32F1xx_HAL_Driver/Src/stm32f1xx_hal_flash.o
LOAD ./Drivers/STM32F1xx_HAL_Driver/Src/stm32f1xx_hal_flash_ex.o
LOAD ./Drivers/STM32F1xx_HAL_Driver/Src/stm32f1xx_hal_gpio.o
LOAD ./Drivers/STM32F1xx_HAL_Driver/Src/stm32f1xx_hal_gpio_ex.o
LOAD ./Drivers/STM32F1xx_HAL_Driver/Src/stm32f1xx_hal_iwdg.o
LOAD ./Drivers/STM32F1xx_HAL_Driver/Src/stm32f1xx_hal_pwr.o
LOAD ./Drivers/STM32F1xx_HAL_Driver/Src/stm32f1xx_hal_rcc.o
LOAD ./Drivers/STM32F1xx_HAL_Driver/Src/stm32f1xx_hal_rcc_ex.o
LOAD ./Drivers/STM32F1xx_HAL_Driver/Src/stm32f1xx_hal_spi.o
LOAD ./Drivers/STM32F1xx_HAL_Driver/Src/stm32f1xx_hal_tim.o
LOAD ./Drivers/STM32F1xx_HAL_Driver/Src/stm32f1xx_hal_tim_ex.o
LOAD ./Drivers/STM32F1xx_HAL_Driver/Src/stm32f1xx_hal_uart.o
START GROUP
LOAD C:/ST/STM32CubeIDE_1.15.1/STM32CubeIDE/plugins/com.st.stm32cube.ide.mcu.externaltools.gnu-tools-for-stm32.13.3.rel1.win32_1.0.0.202411081344/tools/bin/../lib/gcc/arm-none-eabi/13.3.1/../../../../arm-none-eabi/lib/thumb/v7-m/nofp\libc_nano.a
LOAD C:/ST/STM32CubeIDE_1.15.1/STM32CubeIDE/plugins/com.st.stm32cube.ide.mcu.externaltools.gnu-tools-for-stm32.13.3.rel1.win32_1.0.0.202411081344/tools/bin/../lib/gcc/arm-none-eabi/13.3.1/../../../../arm-none-eabi/lib/thumb/v7-m/nofp\libm.a
END GROUP
START GROUP
LOAD C:/ST/STM32CubeIDE_1.15.1/STM32CubeIDE/plugins/com.st.stm32cube.ide.mcu.externaltools.gnu-tools-for-stm32.13.3.rel1.win32_1.0.0.202411081344/tools/bin/../lib/gcc/arm-none-eabi/13.3.1/thumb/v7-m/nofp\libgcc.a
LOAD C:/ST/STM32CubeIDE_1.15.1/STM32CubeIDE/plugins/com.st.stm32cube.ide.mcu.externaltools.gnu-tools-for-stm32.13.3.rel1.win32_1.0.0.202411081344/tools/bin/../lib/gcc/arm-none-eabi/13.3.1/../../../../arm-none-eabi/lib/thumb/v7-m/nofp\libc_nano.a
END GROUP
START GROUP
LOAD C:/ST/STM32CubeIDE_1.15.1/STM32CubeIDE/plugins/com.st.stm32cube.ide.mcu.externaltools.gnu-tools-for-stm32.13.3.rel1.win32_1.0.0.202411081344/tools/bin/../lib/gcc/arm-none-eabi/13.3.1/thumb/v7-m/nofp\libgcc.a
LOAD C:/ST/STM32CubeIDE_1.15.1/STM32CubeIDE/plugins/com.st.stm32cube.ide.mcu.externaltools.gnu-tools-for-stm32.13.3.rel1.win32_1.0.0.202411081344/tools/bin/../lib/gcc/arm-none-eabi/13.3.1/../../../../arm-none-eabi/lib/thumb/v7-m/nofp\libc_nano.a
LOAD C:/ST/STM32CubeIDE_1.15.1/STM32CubeIDE/plugins/com.st.stm32cube.ide.mcu.externaltools.gnu-tools-for-stm32.13.3.rel1.win32_1.0.0.202411081344/tools/bin/../lib/gcc/arm-none-eabi/13.3.1/../../../../arm-none-eabi/lib/thumb/v7-m/nofp\libnosys.a
END GROUP
START GROUP
LOAD C:/ST/STM32CubeIDE_1.15.1/STM32CubeIDE/plugins/com.st.stm32cube.ide.mcu.externaltools.gnu-tools-for-stm32.13.3.rel1.win32_1.0.0.202411081344/tools/bin/../lib/gcc/arm-none-eabi/13.3.1/thumb/v7-m/nofp\libgcc.a
LOAD C:/ST/STM32CubeIDE_1.15.1/STM32CubeIDE/plugins/com.st.stm32cube.ide.mcu.externaltools.gnu-tools-for-stm32.13.3.rel1.win32_1.0.0.202411081344/tools/bin/../lib/gcc/arm-none-eabi/13.3.1/../../../../arm-none-eabi/lib/thumb/v7-m/nofp\libc_nano.a
LOAD C:/ST/STM32CubeIDE_1.15.1/STM32CubeIDE/plugins/com.st.stm32cube.ide.mcu.externaltools.gnu-tools-for-stm32.13.3.rel1.win32_1.0.0.202411081344/tools/bin/../lib/gcc/arm-none-eabi/13.3.1/../../../../arm-none-eabi/lib/thumb/v7-m/nofp\libnosys.a
END GROUP
LOAD C:/ST/STM32CubeIDE_1.15.1/STM32CubeIDE/plugins/com.st.stm32cube.ide.mcu.externaltools.gnu-tools-for-stm32.13.3.rel1.win32_1.0.0.202411081344/tools/bin/../lib/gcc/arm-none-eabi/13.3.1/thumb/v7-m/nofp/crtend.o
LOAD C:/ST/STM32CubeIDE_1.15.1/STM32CubeIDE/plugins/com.st.stm32cube.ide.mcu.externaltools.gnu-tools-for-stm32.13.3.rel1.win32_1.0.0.202411081344/tools/bin/../lib/gcc/arm-none-eabi/13.3.1/thumb/v7-m/nofp/crtn.o
                0x20005000                        _estack = (ORIGIN (RAM) + LENGTH (RAM))
                0x00000200                        _Min_Heap_Size = 0x200
                0x00000400                        _Min_Stack_Size = 0x400

.isr_vector     0x08000000      0x10c
                0x08000000                        . = ALIGN (0x4)
 *(.isr_vector)
 .isr_vector    0x08000000      0x10c ./Core/Startup/startup_stm32f103c8tx.o
                0x08000000                g_pfnVectors
                0x0800010c                        . = ALIGN (0x4)

.text           0x0800010c     0x97c0
                0x0800010c                        . = ALIGN (0x4)
 *(.text)
 .text          0x0800010c       0x40 C:/ST/STM32CubeIDE_1.15.1/STM32CubeIDE/plugins/com.st.stm32cube.ide.mcu.externaltools.gnu-tools-for-stm32.13.3.rel1.win32_1.0.0.202411081344/tools/bin/../lib/gcc/arm-none-eabi/13.3.1/thumb/v7-m/nofp/crtbegin.o
 .text          0x0800014c       0x10 C:/ST/STM32CubeIDE_1.15.1/STM32CubeIDE/plugins/com.st.stm32cube.ide.mcu.externaltools.gnu-tools-for-stm32.13.3.rel1.win32_1.0.0.202411081344/tools/bin/../lib/gcc/arm-none-eabi/13.3.1/../../../../arm-none-eabi/lib/thumb/v7-m/nofp\libc_nano.a(libc_a-strlen.o)
                0x0800014c                strlen
 *(.text*)
 .text.WIZCHIP_READ
                0x0800015c       0x98 ./Core/Src/Ethernet/W5500/w5500.o
                0x0800015c                WIZCHIP_READ
 .text.WIZCHIP_WRITE
                0x080001f4       0x9c ./Core/Src/Ethernet/W5500/w5500.o
                0x080001f4                WIZCHIP_WRITE
 .text.WIZCHIP_READ_BUF
                0x08000290       0xc0 ./Core/Src/Ethernet/W5500/w5500.o
                0x08000290                WIZCHIP_READ_BUF
 .text.WIZCHIP_WRITE_BUF
                0x08000350       0xc0 ./Core/Src/Ethernet/W5500/w5500.o
                0x08000350                WIZCHIP_WRITE_BUF
 .text.getSn_TX_FSR
                0x08000410       0x92 ./Core/Src/Ethernet/W5500/w5500.o
                0x08000410                getSn_TX_FSR
 .text.getSn_RX_RSR
                0x080004a2       0x92 ./Core/Src/Ethernet/W5500/w5500.o
                0x080004a2                getSn_RX_RSR
 .text.wiz_send_data
                0x08000534       0xb4 ./Core/Src/Ethernet/W5500/w5500.o
                0x08000534                wiz_send_data
 .text.wiz_recv_data
                0x080005e8       0xb4 ./Core/Src/Ethernet/W5500/w5500.o
                0x080005e8                wiz_recv_data
 .text.wizchip_select
                0x0800069c       0x18 ./Core/Src/Ethernet/W5500_SPI.o
                0x0800069c                wizchip_select
 .text.wizchip_deselect
                0x080006b4       0x18 ./Core/Src/Ethernet/W5500_SPI.o
                0x080006b4                wizchip_deselect
 .text.wizchip_read
                0x080006cc       0x24 ./Core/Src/Ethernet/W5500_SPI.o
                0x080006cc                wizchip_read
 .text.wizchip_write
                0x080006f0       0x24 ./Core/Src/Ethernet/W5500_SPI.o
                0x080006f0                wizchip_write
 .text.wizchip_readburst
                0x08000714       0x28 ./Core/Src/Ethernet/W5500_SPI.o
                0x08000714                wizchip_readburst
 .text.wizchip_writeburst
                0x0800073c       0x28 ./Core/Src/Ethernet/W5500_SPI.o
                0x0800073c                wizchip_writeburst
 .text.W5500Init
                0x08000764       0x98 ./Core/Src/Ethernet/W5500_SPI.o
                0x08000764                W5500Init
 .text.socket   0x080007fc      0x228 ./Core/Src/Ethernet/socket.o
                0x080007fc                socket
 .text.close    0x08000a24       0xf4 ./Core/Src/Ethernet/socket.o
                0x08000a24                close
 .text.connect  0x08000b18      0x1d0 ./Core/Src/Ethernet/socket.o
                0x08000b18                connect
 .text.send     0x08000ce8      0x1f0 ./Core/Src/Ethernet/socket.o
                0x08000ce8                send
 .text.recv     0x08000ed8      0x168 ./Core/Src/Ethernet/socket.o
                0x08000ed8                recv
 .text.wizchip_cris_enter
                0x08001040        0xc ./Core/Src/Ethernet/wizchip_conf.o
                0x08001040                wizchip_cris_enter
 .text.wizchip_cris_exit
                0x0800104c        0xc ./Core/Src/Ethernet/wizchip_conf.o
                0x0800104c                wizchip_cris_exit
 .text.wizchip_cs_select
                0x08001058        0xc ./Core/Src/Ethernet/wizchip_conf.o
                0x08001058                wizchip_cs_select
 .text.wizchip_cs_deselect
                0x08001064        0xc ./Core/Src/Ethernet/wizchip_conf.o
                0x08001064                wizchip_cs_deselect
 .text.wizchip_bus_readdata
                0x08001070       0x18 ./Core/Src/Ethernet/wizchip_conf.o
                0x08001070                wizchip_bus_readdata
 .text.wizchip_bus_writedata
                0x08001088       0x1c ./Core/Src/Ethernet/wizchip_conf.o
                0x08001088                wizchip_bus_writedata
 .text.wizchip_spi_readbyte
                0x080010a4        0xe ./Core/Src/Ethernet/wizchip_conf.o
                0x080010a4                wizchip_spi_readbyte
 .text.wizchip_spi_writebyte
                0x080010b2       0x14 ./Core/Src/Ethernet/wizchip_conf.o
                0x080010b2                wizchip_spi_writebyte
 .text.wizchip_spi_readburst
                0x080010c6       0x16 ./Core/Src/Ethernet/wizchip_conf.o
                0x080010c6                wizchip_spi_readburst
 .text.wizchip_spi_writeburst
                0x080010dc       0x16 ./Core/Src/Ethernet/wizchip_conf.o
                0x080010dc                wizchip_spi_writeburst
 *fill*         0x080010f2        0x2 
 .text.reg_wizchip_cs_cbfunc
                0x080010f4       0x48 ./Core/Src/Ethernet/wizchip_conf.o
                0x080010f4                reg_wizchip_cs_cbfunc
 .text.reg_wizchip_spi_cbfunc
                0x0800113c       0x58 ./Core/Src/Ethernet/wizchip_conf.o
                0x0800113c                reg_wizchip_spi_cbfunc
 .text.reg_wizchip_spiburst_cbfunc
                0x08001194       0x58 ./Core/Src/Ethernet/wizchip_conf.o
                0x08001194                reg_wizchip_spiburst_cbfunc
 .text.ctlwizchip
                0x080011ec      0x1c0 ./Core/Src/Ethernet/wizchip_conf.o
                0x080011ec                ctlwizchip
 .text.wizchip_sw_reset
                0x080013ac       0x98 ./Core/Src/Ethernet/wizchip_conf.o
                0x080013ac                wizchip_sw_reset
 .text.wizchip_init
                0x08001444      0x118 ./Core/Src/Ethernet/wizchip_conf.o
                0x08001444                wizchip_init
 .text.wizchip_clrinterrupt
                0x0800155c       0x68 ./Core/Src/Ethernet/wizchip_conf.o
                0x0800155c                wizchip_clrinterrupt
 .text.wizchip_getinterrupt
                0x080015c4       0x4a ./Core/Src/Ethernet/wizchip_conf.o
                0x080015c4                wizchip_getinterrupt
 .text.wizchip_setinterruptmask
                0x0800160e       0x36 ./Core/Src/Ethernet/wizchip_conf.o
                0x0800160e                wizchip_setinterruptmask
 .text.wizchip_getinterruptmask
                0x08001644       0x46 ./Core/Src/Ethernet/wizchip_conf.o
                0x08001644                wizchip_getinterruptmask
 .text.wizphy_getphylink
                0x0800168a       0x2c ./Core/Src/Ethernet/wizchip_conf.o
                0x0800168a                wizphy_getphylink
 .text.wizphy_getphypmode
                0x080016b6       0x32 ./Core/Src/Ethernet/wizchip_conf.o
                0x080016b6                wizphy_getphypmode
 .text.wizphy_reset
                0x080016e8       0x4e ./Core/Src/Ethernet/wizchip_conf.o
                0x080016e8                wizphy_reset
 .text.wizphy_setphyconf
                0x08001736       0x84 ./Core/Src/Ethernet/wizchip_conf.o
                0x08001736                wizphy_setphyconf
 *fill*         0x080017ba        0x2 
 .text.wizphy_getphyconf
                0x080017bc       0xd4 ./Core/Src/Ethernet/wizchip_conf.o
                0x080017bc                wizphy_getphyconf
 .text.wizphy_setphypmode
                0x08001890       0x94 ./Core/Src/Ethernet/wizchip_conf.o
                0x08001890                wizphy_setphypmode
 .text.wizchip_setnetinfo
                0x08001924       0x80 ./Core/Src/Ethernet/wizchip_conf.o
                0x08001924                wizchip_setnetinfo
 .text.csLOW    0x080019a4       0x18 ./Core/Src/W25Qxx.o
                0x080019a4                csLOW
 .text.csHIGH   0x080019bc       0x18 ./Core/Src/W25Qxx.o
                0x080019bc                csHIGH
 .text.W25Q_delay
                0x080019d4       0x16 ./Core/Src/W25Qxx.o
                0x080019d4                W25Q_delay
 *fill*         0x080019ea        0x2 
 .text.SPI_Write
                0x080019ec       0x28 ./Core/Src/W25Qxx.o
                0x080019ec                SPI_Write
 .text.SPI_Read
                0x08001a14       0x28 ./Core/Src/W25Qxx.o
                0x08001a14                SPI_Read
 .text.W25Q_WaitForWriteEnd
                0x08001a3c       0x50 ./Core/Src/W25Qxx.o
                0x08001a3c                W25Q_WaitForWriteEnd
 .text.W25Q_Reset
                0x08001a8c       0x30 ./Core/Src/W25Qxx.o
                0x08001a8c                W25Q_Reset
 .text.W25Q_FastRead
                0x08001abc       0x60 ./Core/Src/W25Qxx.o
                0x08001abc                W25Q_FastRead
 .text.W25Q_FastRead_address
                0x08001b1c       0x52 ./Core/Src/W25Qxx.o
                0x08001b1c                W25Q_FastRead_address
 .text.write_enable
                0x08001b6e       0x2a ./Core/Src/W25Qxx.o
                0x08001b6e                write_enable
 .text.write_disable
                0x08001b98       0x2a ./Core/Src/W25Qxx.o
                0x08001b98                write_disable
 .text.W25Q_EraseChip
                0x08001bc2       0x32 ./Core/Src/W25Qxx.o
                0x08001bc2                W25Q_EraseChip
 .text.W25Q_Erase_Sector
                0x08001bf4       0x56 ./Core/Src/W25Qxx.o
                0x08001bf4                W25Q_Erase_Sector
 .text.W25Q_Read_Byte
                0x08001c4a       0x4c ./Core/Src/W25Qxx.o
                0x08001c4a                W25Q_Read_Byte
 .text.W25Q_Write_Nbytes
                0x08001c96      0x156 ./Core/Src/W25Qxx.o
                0x08001c96                W25Q_Write_Nbytes
 .text.HAL_UARTEx_RxEventCallback
                0x08001dec      0x14c ./Core/Src/main.o
                0x08001dec                HAL_UARTEx_RxEventCallback
 .text.HAL_GPIO_EXTI_Callback
                0x08001f38       0xc0 ./Core/Src/main.o
                0x08001f38                HAL_GPIO_EXTI_Callback
 .text.HAL_TIM_PeriodElapsedCallback
                0x08001ff8      0x190 ./Core/Src/main.o
                0x08001ff8                HAL_TIM_PeriodElapsedCallback
 .text.HAL_CAN_RxFifo0MsgPendingCallback
                0x08002188       0x60 ./Core/Src/main.o
                0x08002188                HAL_CAN_RxFifo0MsgPendingCallback
 .text.main     0x080021e8     0x15bc ./Core/Src/main.o
                0x080021e8                main
 .text.SystemClock_Config
                0x080037a4       0x90 ./Core/Src/main.o
                0x080037a4                SystemClock_Config
 .text.MX_CAN_Init
                0x08003834       0x6c ./Core/Src/main.o
 .text.MX_IWDG_Init
                0x080038a0       0x34 ./Core/Src/main.o
 .text.MX_SPI1_Init
                0x080038d4       0x6c ./Core/Src/main.o
 .text.MX_SPI2_Init
                0x08003940       0x6c ./Core/Src/main.o
 .text.MX_TIM2_Init
                0x080039ac       0x9c ./Core/Src/main.o
 .text.MX_TIM3_Init
                0x08003a48       0x9c ./Core/Src/main.o
 .text.MX_USART1_UART_Init
                0x08003ae4       0x54 ./Core/Src/main.o
 .text.MX_DMA_Init
                0x08003b38       0x3c ./Core/Src/main.o
 .text.MX_GPIO_Init
                0x08003b74      0x1c4 ./Core/Src/main.o
 .text.sendData_eth
                0x08003d38       0x4c ./Core/Src/main.o
                0x08003d38                sendData_eth
 .text.send_u8_eth
                0x08003d84       0x34 ./Core/Src/main.o
                0x08003d84                send_u8_eth
 .text.sendString
                0x08003db8       0xac ./Core/Src/main.o
                0x08003db8                sendString
 .text.sendData_eth_info
                0x08003e64       0x64 ./Core/Src/main.o
                0x08003e64                sendData_eth_info
 .text.sendData_eth_CardID
                0x08003ec8      0x174 ./Core/Src/main.o
                0x08003ec8                sendData_eth_CardID
 .text.sendData_uart
                0x0800403c       0x58 ./Core/Src/main.o
                0x0800403c                sendData_uart
 .text.save_data
                0x08004094      0x1e8 ./Core/Src/main.o
                0x08004094                save_data
 .text.binary_search
                0x0800427c       0x9c ./Core/Src/main.o
                0x0800427c                binary_search
 .text.new_card_update
                0x08004318       0x7a ./Core/Src/main.o
                0x08004318                new_card_update
 .text.shift_left_1bit
                0x08004392       0x5c ./Core/Src/main.o
                0x08004392                shift_left_1bit
 .text.calculate_data_can
                0x080043ee      0x1c2 ./Core/Src/main.o
                0x080043ee                calculate_data_can
 .text.reconect_eth
                0x080045b0      0x124 ./Core/Src/main.o
                0x080045b0                reconect_eth
 .text.Set_speed_can
                0x080046d4       0xcc ./Core/Src/main.o
                0x080046d4                Set_speed_can
 .text.is_leap_year
                0x080047a0       0x64 ./Core/Src/main.o
 .text.mktime   0x08004804      0x110 ./Core/Src/main.o
                0x08004804                mktime
 .text.Error_Handler
                0x08004914        0xc ./Core/Src/main.o
                0x08004914                Error_Handler
 .text.HAL_MspInit
                0x08004920       0x64 ./Core/Src/stm32f1xx_hal_msp.o
                0x08004920                HAL_MspInit
 .text.HAL_CAN_MspInit
                0x08004984       0xa8 ./Core/Src/stm32f1xx_hal_msp.o
                0x08004984                HAL_CAN_MspInit
 .text.HAL_SPI_MspInit
                0x08004a2c      0x10c ./Core/Src/stm32f1xx_hal_msp.o
                0x08004a2c                HAL_SPI_MspInit
 .text.HAL_TIM_Base_MspInit
                0x08004b38       0x80 ./Core/Src/stm32f1xx_hal_msp.o
                0x08004b38                HAL_TIM_Base_MspInit
 .text.HAL_UART_MspInit
                0x08004bb8       0xfc ./Core/Src/stm32f1xx_hal_msp.o
                0x08004bb8                HAL_UART_MspInit
 .text.NMI_Handler
                0x08004cb4        0x8 ./Core/Src/stm32f1xx_it.o
                0x08004cb4                NMI_Handler
 .text.HardFault_Handler
                0x08004cbc        0x8 ./Core/Src/stm32f1xx_it.o
                0x08004cbc                HardFault_Handler
 .text.MemManage_Handler
                0x08004cc4        0x8 ./Core/Src/stm32f1xx_it.o
                0x08004cc4                MemManage_Handler
 .text.BusFault_Handler
                0x08004ccc        0x8 ./Core/Src/stm32f1xx_it.o
                0x08004ccc                BusFault_Handler
 .text.UsageFault_Handler
                0x08004cd4        0x8 ./Core/Src/stm32f1xx_it.o
                0x08004cd4                UsageFault_Handler
 .text.SVC_Handler
                0x08004cdc        0xc ./Core/Src/stm32f1xx_it.o
                0x08004cdc                SVC_Handler
 .text.DebugMon_Handler
                0x08004ce8        0xc ./Core/Src/stm32f1xx_it.o
                0x08004ce8                DebugMon_Handler
 .text.PendSV_Handler
                0x08004cf4        0xc ./Core/Src/stm32f1xx_it.o
                0x08004cf4                PendSV_Handler
 .text.SysTick_Handler
                0x08004d00        0xc ./Core/Src/stm32f1xx_it.o
                0x08004d00                SysTick_Handler
 .text.EXTI0_IRQHandler
                0x08004d0c        0xe ./Core/Src/stm32f1xx_it.o
                0x08004d0c                EXTI0_IRQHandler
 *fill*         0x08004d1a        0x2 
 .text.DMA1_Channel5_IRQHandler
                0x08004d1c       0x14 ./Core/Src/stm32f1xx_it.o
                0x08004d1c                DMA1_Channel5_IRQHandler
 .text.USB_LP_CAN1_RX0_IRQHandler
                0x08004d30       0x14 ./Core/Src/stm32f1xx_it.o
                0x08004d30                USB_LP_CAN1_RX0_IRQHandler
 .text.EXTI9_5_IRQHandler
                0x08004d44        0xe ./Core/Src/stm32f1xx_it.o
                0x08004d44                EXTI9_5_IRQHandler
 *fill*         0x08004d52        0x2 
 .text.TIM2_IRQHandler
                0x08004d54       0x14 ./Core/Src/stm32f1xx_it.o
                0x08004d54                TIM2_IRQHandler
 .text.TIM3_IRQHandler
                0x08004d68       0x14 ./Core/Src/stm32f1xx_it.o
                0x08004d68                TIM3_IRQHandler
 .text.USART1_IRQHandler
                0x08004d7c       0x14 ./Core/Src/stm32f1xx_it.o
                0x08004d7c                USART1_IRQHandler
 .text.SystemInit
                0x08004d90        0xc ./Core/Src/system_stm32f1xx.o
                0x08004d90                SystemInit
 .text.Reset_Handler
                0x08004d9c       0x48 ./Core/Startup/startup_stm32f103c8tx.o
                0x08004d9c                Reset_Handler
 .text.Default_Handler
                0x08004de4        0x2 ./Core/Startup/startup_stm32f103c8tx.o
                0x08004de4                RTC_Alarm_IRQHandler
                0x08004de4                EXTI2_IRQHandler
                0x08004de4                TIM1_CC_IRQHandler
                0x08004de4                PVD_IRQHandler
                0x08004de4                EXTI3_IRQHandler
                0x08004de4                I2C2_EV_IRQHandler
                0x08004de4                ADC1_2_IRQHandler
                0x08004de4                SPI1_IRQHandler
                0x08004de4                TAMPER_IRQHandler
                0x08004de4                DMA1_Channel4_IRQHandler
                0x08004de4                USART3_IRQHandler
                0x08004de4                RTC_IRQHandler
                0x08004de4                DMA1_Channel7_IRQHandler
                0x08004de4                CAN1_RX1_IRQHandler
                0x08004de4                TIM4_IRQHandler
                0x08004de4                I2C1_EV_IRQHandler
                0x08004de4                DMA1_Channel6_IRQHandler
                0x08004de4                RCC_IRQHandler
                0x08004de4                TIM1_TRG_COM_IRQHandler
                0x08004de4                DMA1_Channel1_IRQHandler
                0x08004de4                Default_Handler
                0x08004de4                EXTI15_10_IRQHandler
                0x08004de4                SPI2_IRQHandler
                0x08004de4                EXTI4_IRQHandler
                0x08004de4                USB_HP_CAN1_TX_IRQHandler
                0x08004de4                DMA1_Channel3_IRQHandler
                0x08004de4                TIM1_UP_IRQHandler
                0x08004de4                WWDG_IRQHandler
                0x08004de4                TIM1_BRK_IRQHandler
                0x08004de4                EXTI1_IRQHandler
                0x08004de4                USART2_IRQHandler
                0x08004de4                I2C2_ER_IRQHandler
                0x08004de4                DMA1_Channel2_IRQHandler
                0x08004de4                CAN1_SCE_IRQHandler
                0x08004de4                FLASH_IRQHandler
                0x08004de4                I2C1_ER_IRQHandler
                0x08004de4                USBWakeUp_IRQHandler
 *fill*         0x08004de6        0x2 
 .text.HAL_Init
                0x08004de8       0x2c ./Drivers/STM32F1xx_HAL_Driver/Src/stm32f1xx_hal.o
                0x08004de8                HAL_Init
 .text.HAL_InitTick
                0x08004e14       0x60 ./Drivers/STM32F1xx_HAL_Driver/Src/stm32f1xx_hal.o
                0x08004e14                HAL_InitTick
 .text.HAL_IncTick
                0x08004e74       0x24 ./Drivers/STM32F1xx_HAL_Driver/Src/stm32f1xx_hal.o
                0x08004e74                HAL_IncTick
 .text.HAL_GetTick
                0x08004e98       0x14 ./Drivers/STM32F1xx_HAL_Driver/Src/stm32f1xx_hal.o
                0x08004e98                HAL_GetTick
 .text.HAL_Delay
                0x08004eac       0x48 ./Drivers/STM32F1xx_HAL_Driver/Src/stm32f1xx_hal.o
                0x08004eac                HAL_Delay
 .text.HAL_GetUIDw0
                0x08004ef4       0x14 ./Drivers/STM32F1xx_HAL_Driver/Src/stm32f1xx_hal.o
                0x08004ef4                HAL_GetUIDw0
 .text.HAL_GetUIDw1
                0x08004f08       0x14 ./Drivers/STM32F1xx_HAL_Driver/Src/stm32f1xx_hal.o
                0x08004f08                HAL_GetUIDw1
 .text.HAL_GetUIDw2
                0x08004f1c       0x14 ./Drivers/STM32F1xx_HAL_Driver/Src/stm32f1xx_hal.o
                0x08004f1c                HAL_GetUIDw2
 .text.HAL_CAN_Init
                0x08004f30      0x1f6 ./Drivers/STM32F1xx_HAL_Driver/Src/stm32f1xx_hal_can.o
                0x08004f30                HAL_CAN_Init
 .text.HAL_CAN_ConfigFilter
                0x08005126      0x192 ./Drivers/STM32F1xx_HAL_Driver/Src/stm32f1xx_hal_can.o
                0x08005126                HAL_CAN_ConfigFilter
 .text.HAL_CAN_Start
                0x080052b8       0x88 ./Drivers/STM32F1xx_HAL_Driver/Src/stm32f1xx_hal_can.o
                0x080052b8                HAL_CAN_Start
 .text.HAL_CAN_AddTxMessage
                0x08005340      0x19e ./Drivers/STM32F1xx_HAL_Driver/Src/stm32f1xx_hal_can.o
                0x08005340                HAL_CAN_AddTxMessage
 .text.HAL_CAN_AbortTxRequest
                0x080054de       0x88 ./Drivers/STM32F1xx_HAL_Driver/Src/stm32f1xx_hal_can.o
                0x080054de                HAL_CAN_AbortTxRequest
 .text.HAL_CAN_GetTxMailboxesFreeLevel
                0x08005566       0x68 ./Drivers/STM32F1xx_HAL_Driver/Src/stm32f1xx_hal_can.o
                0x08005566                HAL_CAN_GetTxMailboxesFreeLevel
 .text.HAL_CAN_GetRxMessage
                0x080055ce      0x242 ./Drivers/STM32F1xx_HAL_Driver/Src/stm32f1xx_hal_can.o
                0x080055ce                HAL_CAN_GetRxMessage
 .text.HAL_CAN_ActivateNotification
                0x08005810       0x4a ./Drivers/STM32F1xx_HAL_Driver/Src/stm32f1xx_hal_can.o
                0x08005810                HAL_CAN_ActivateNotification
 .text.HAL_CAN_IRQHandler
                0x0800585a      0x36e ./Drivers/STM32F1xx_HAL_Driver/Src/stm32f1xx_hal_can.o
                0x0800585a                HAL_CAN_IRQHandler
 .text.HAL_CAN_TxMailbox0CompleteCallback
                0x08005bc8       0x12 ./Drivers/STM32F1xx_HAL_Driver/Src/stm32f1xx_hal_can.o
                0x08005bc8                HAL_CAN_TxMailbox0CompleteCallback
 .text.HAL_CAN_TxMailbox1CompleteCallback
                0x08005bda       0x12 ./Drivers/STM32F1xx_HAL_Driver/Src/stm32f1xx_hal_can.o
                0x08005bda                HAL_CAN_TxMailbox1CompleteCallback
 .text.HAL_CAN_TxMailbox2CompleteCallback
                0x08005bec       0x12 ./Drivers/STM32F1xx_HAL_Driver/Src/stm32f1xx_hal_can.o
                0x08005bec                HAL_CAN_TxMailbox2CompleteCallback
 .text.HAL_CAN_TxMailbox0AbortCallback
                0x08005bfe       0x12 ./Drivers/STM32F1xx_HAL_Driver/Src/stm32f1xx_hal_can.o
                0x08005bfe                HAL_CAN_TxMailbox0AbortCallback
 .text.HAL_CAN_TxMailbox1AbortCallback
                0x08005c10       0x12 ./Drivers/STM32F1xx_HAL_Driver/Src/stm32f1xx_hal_can.o
                0x08005c10                HAL_CAN_TxMailbox1AbortCallback
 .text.HAL_CAN_TxMailbox2AbortCallback
                0x08005c22       0x12 ./Drivers/STM32F1xx_HAL_Driver/Src/stm32f1xx_hal_can.o
                0x08005c22                HAL_CAN_TxMailbox2AbortCallback
 .text.HAL_CAN_RxFifo0FullCallback
                0x08005c34       0x12 ./Drivers/STM32F1xx_HAL_Driver/Src/stm32f1xx_hal_can.o
                0x08005c34                HAL_CAN_RxFifo0FullCallback
 .text.HAL_CAN_RxFifo1MsgPendingCallback
                0x08005c46       0x12 ./Drivers/STM32F1xx_HAL_Driver/Src/stm32f1xx_hal_can.o
                0x08005c46                HAL_CAN_RxFifo1MsgPendingCallback
 .text.HAL_CAN_RxFifo1FullCallback
                0x08005c58       0x12 ./Drivers/STM32F1xx_HAL_Driver/Src/stm32f1xx_hal_can.o
                0x08005c58                HAL_CAN_RxFifo1FullCallback
 .text.HAL_CAN_SleepCallback
                0x08005c6a       0x12 ./Drivers/STM32F1xx_HAL_Driver/Src/stm32f1xx_hal_can.o
                0x08005c6a                HAL_CAN_SleepCallback
 .text.HAL_CAN_WakeUpFromRxMsgCallback
                0x08005c7c       0x12 ./Drivers/STM32F1xx_HAL_Driver/Src/stm32f1xx_hal_can.o
                0x08005c7c                HAL_CAN_WakeUpFromRxMsgCallback
 .text.HAL_CAN_ErrorCallback
                0x08005c8e       0x12 ./Drivers/STM32F1xx_HAL_Driver/Src/stm32f1xx_hal_can.o
                0x08005c8e                HAL_CAN_ErrorCallback
 .text.__NVIC_SetPriorityGrouping
                0x08005ca0       0x48 ./Drivers/STM32F1xx_HAL_Driver/Src/stm32f1xx_hal_cortex.o
 .text.__NVIC_GetPriorityGrouping
                0x08005ce8       0x1c ./Drivers/STM32F1xx_HAL_Driver/Src/stm32f1xx_hal_cortex.o
 .text.__NVIC_EnableIRQ
                0x08005d04       0x38 ./Drivers/STM32F1xx_HAL_Driver/Src/stm32f1xx_hal_cortex.o
 .text.__NVIC_SetPriority
                0x08005d3c       0x54 ./Drivers/STM32F1xx_HAL_Driver/Src/stm32f1xx_hal_cortex.o
 .text.NVIC_EncodePriority
                0x08005d90       0x64 ./Drivers/STM32F1xx_HAL_Driver/Src/stm32f1xx_hal_cortex.o
 .text.__NVIC_SystemReset
                0x08005df4       0x2c ./Drivers/STM32F1xx_HAL_Driver/Src/stm32f1xx_hal_cortex.o
 .text.SysTick_Config
                0x08005e20       0x44 ./Drivers/STM32F1xx_HAL_Driver/Src/stm32f1xx_hal_cortex.o
 .text.HAL_NVIC_SetPriorityGrouping
                0x08005e64       0x16 ./Drivers/STM32F1xx_HAL_Driver/Src/stm32f1xx_hal_cortex.o
                0x08005e64                HAL_NVIC_SetPriorityGrouping
 .text.HAL_NVIC_SetPriority
                0x08005e7a       0x38 ./Drivers/STM32F1xx_HAL_Driver/Src/stm32f1xx_hal_cortex.o
                0x08005e7a                HAL_NVIC_SetPriority
 .text.HAL_NVIC_EnableIRQ
                0x08005eb2       0x1c ./Drivers/STM32F1xx_HAL_Driver/Src/stm32f1xx_hal_cortex.o
                0x08005eb2                HAL_NVIC_EnableIRQ
 .text.HAL_NVIC_SystemReset
                0x08005ece        0x8 ./Drivers/STM32F1xx_HAL_Driver/Src/stm32f1xx_hal_cortex.o
                0x08005ece                HAL_NVIC_SystemReset
 .text.HAL_SYSTICK_Config
                0x08005ed6       0x18 ./Drivers/STM32F1xx_HAL_Driver/Src/stm32f1xx_hal_cortex.o
                0x08005ed6                HAL_SYSTICK_Config
 *fill*         0x08005eee        0x2 
 .text.HAL_DMA_Init
                0x08005ef0       0xb4 ./Drivers/STM32F1xx_HAL_Driver/Src/stm32f1xx_hal_dma.o
                0x08005ef0                HAL_DMA_Init
 .text.HAL_DMA_Start_IT
                0x08005fa4       0xc0 ./Drivers/STM32F1xx_HAL_Driver/Src/stm32f1xx_hal_dma.o
                0x08005fa4                HAL_DMA_Start_IT
 .text.HAL_DMA_Abort
                0x08006064       0x76 ./Drivers/STM32F1xx_HAL_Driver/Src/stm32f1xx_hal_dma.o
                0x08006064                HAL_DMA_Abort
 *fill*         0x080060da        0x2 
 .text.HAL_DMA_Abort_IT
                0x080060dc       0xf0 ./Drivers/STM32F1xx_HAL_Driver/Src/stm32f1xx_hal_dma.o
                0x080060dc                HAL_DMA_Abort_IT
 .text.HAL_DMA_IRQHandler
                0x080061cc      0x20c ./Drivers/STM32F1xx_HAL_Driver/Src/stm32f1xx_hal_dma.o
                0x080061cc                HAL_DMA_IRQHandler
 .text.DMA_SetConfig
                0x080063d8       0x5a ./Drivers/STM32F1xx_HAL_Driver/Src/stm32f1xx_hal_dma.o
 *fill*         0x08006432        0x2 
 .text.HAL_FLASH_Program
                0x08006434       0xe0 ./Drivers/STM32F1xx_HAL_Driver/Src/stm32f1xx_hal_flash.o
                0x08006434                HAL_FLASH_Program
 .text.HAL_FLASH_Unlock
                0x08006514       0x4c ./Drivers/STM32F1xx_HAL_Driver/Src/stm32f1xx_hal_flash.o
                0x08006514                HAL_FLASH_Unlock
 .text.HAL_FLASH_Lock
                0x08006560       0x20 ./Drivers/STM32F1xx_HAL_Driver/Src/stm32f1xx_hal_flash.o
                0x08006560                HAL_FLASH_Lock
 .text.FLASH_Program_HalfWord
                0x08006580       0x38 ./Drivers/STM32F1xx_HAL_Driver/Src/stm32f1xx_hal_flash.o
 .text.FLASH_WaitForLastOperation
                0x080065b8       0x8c ./Drivers/STM32F1xx_HAL_Driver/Src/stm32f1xx_hal_flash.o
                0x080065b8                FLASH_WaitForLastOperation
 .text.FLASH_SetErrorCode
                0x08006644       0xa0 ./Drivers/STM32F1xx_HAL_Driver/Src/stm32f1xx_hal_flash.o
 .text.HAL_FLASHEx_Erase
                0x080066e4       0xd8 ./Drivers/STM32F1xx_HAL_Driver/Src/stm32f1xx_hal_flash_ex.o
                0x080066e4                HAL_FLASHEx_Erase
 .text.FLASH_MassErase
                0x080067bc       0x38 ./Drivers/STM32F1xx_HAL_Driver/Src/stm32f1xx_hal_flash_ex.o
 .text.FLASH_PageErase
                0x080067f4       0x40 ./Drivers/STM32F1xx_HAL_Driver/Src/stm32f1xx_hal_flash_ex.o
                0x080067f4                FLASH_PageErase
 .text.HAL_GPIO_Init
                0x08006834      0x308 ./Drivers/STM32F1xx_HAL_Driver/Src/stm32f1xx_hal_gpio.o
                0x08006834                HAL_GPIO_Init
 .text.HAL_GPIO_ReadPin
                0x08006b3c       0x2e ./Drivers/STM32F1xx_HAL_Driver/Src/stm32f1xx_hal_gpio.o
                0x08006b3c                HAL_GPIO_ReadPin
 .text.HAL_GPIO_WritePin
                0x08006b6a       0x30 ./Drivers/STM32F1xx_HAL_Driver/Src/stm32f1xx_hal_gpio.o
                0x08006b6a                HAL_GPIO_WritePin
 .text.HAL_GPIO_TogglePin
                0x08006b9a       0x32 ./Drivers/STM32F1xx_HAL_Driver/Src/stm32f1xx_hal_gpio.o
                0x08006b9a                HAL_GPIO_TogglePin
 .text.HAL_GPIO_EXTI_IRQHandler
                0x08006bcc       0x30 ./Drivers/STM32F1xx_HAL_Driver/Src/stm32f1xx_hal_gpio.o
                0x08006bcc                HAL_GPIO_EXTI_IRQHandler
 .text.HAL_IWDG_Init
                0x08006bfc       0x88 ./Drivers/STM32F1xx_HAL_Driver/Src/stm32f1xx_hal_iwdg.o
                0x08006bfc                HAL_IWDG_Init
 .text.HAL_IWDG_Refresh
                0x08006c84       0x1e ./Drivers/STM32F1xx_HAL_Driver/Src/stm32f1xx_hal_iwdg.o
                0x08006c84                HAL_IWDG_Refresh
 *fill*         0x08006ca2        0x2 
 .text.HAL_RCC_OscConfig
                0x08006ca4      0x504 ./Drivers/STM32F1xx_HAL_Driver/Src/stm32f1xx_hal_rcc.o
                0x08006ca4                HAL_RCC_OscConfig
 .text.HAL_RCC_ClockConfig
                0x080071a8      0x1d4 ./Drivers/STM32F1xx_HAL_Driver/Src/stm32f1xx_hal_rcc.o
                0x080071a8                HAL_RCC_ClockConfig
 .text.HAL_RCC_GetSysClockFreq
                0x0800737c       0xac ./Drivers/STM32F1xx_HAL_Driver/Src/stm32f1xx_hal_rcc.o
                0x0800737c                HAL_RCC_GetSysClockFreq
 .text.HAL_RCC_GetHCLKFreq
                0x08007428       0x14 ./Drivers/STM32F1xx_HAL_Driver/Src/stm32f1xx_hal_rcc.o
                0x08007428                HAL_RCC_GetHCLKFreq
 .text.HAL_RCC_GetPCLK1Freq
                0x0800743c       0x28 ./Drivers/STM32F1xx_HAL_Driver/Src/stm32f1xx_hal_rcc.o
                0x0800743c                HAL_RCC_GetPCLK1Freq
 .text.HAL_RCC_GetPCLK2Freq
                0x08007464       0x28 ./Drivers/STM32F1xx_HAL_Driver/Src/stm32f1xx_hal_rcc.o
                0x08007464                HAL_RCC_GetPCLK2Freq
 .text.RCC_Delay
                0x0800748c       0x3c ./Drivers/STM32F1xx_HAL_Driver/Src/stm32f1xx_hal_rcc.o
 .text.HAL_SPI_Init
                0x080074c8      0x108 ./Drivers/STM32F1xx_HAL_Driver/Src/stm32f1xx_hal_spi.o
                0x080074c8                HAL_SPI_Init
 .text.HAL_SPI_Transmit
                0x080075d0      0x288 ./Drivers/STM32F1xx_HAL_Driver/Src/stm32f1xx_hal_spi.o
                0x080075d0                HAL_SPI_Transmit
 .text.HAL_SPI_Receive
                0x08007858      0x232 ./Drivers/STM32F1xx_HAL_Driver/Src/stm32f1xx_hal_spi.o
                0x08007858                HAL_SPI_Receive
 .text.HAL_SPI_TransmitReceive
                0x08007a8a      0x352 ./Drivers/STM32F1xx_HAL_Driver/Src/stm32f1xx_hal_spi.o
                0x08007a8a                HAL_SPI_TransmitReceive
 .text.SPI_WaitFlagStateUntilTimeout
                0x08007ddc      0x110 ./Drivers/STM32F1xx_HAL_Driver/Src/stm32f1xx_hal_spi.o
 .text.SPI_EndRxTransaction
                0x08007eec       0xa4 ./Drivers/STM32F1xx_HAL_Driver/Src/stm32f1xx_hal_spi.o
 .text.SPI_EndRxTxTransaction
                0x08007f90       0x62 ./Drivers/STM32F1xx_HAL_Driver/Src/stm32f1xx_hal_spi.o
 .text.HAL_TIM_Base_Init
                0x08007ff2       0x9e ./Drivers/STM32F1xx_HAL_Driver/Src/stm32f1xx_hal_tim.o
                0x08007ff2                HAL_TIM_Base_Init
 .text.HAL_TIM_Base_Start_IT
                0x08008090       0xa4 ./Drivers/STM32F1xx_HAL_Driver/Src/stm32f1xx_hal_tim.o
                0x08008090                HAL_TIM_Base_Start_IT
 .text.HAL_TIM_IRQHandler
                0x08008134      0x1e0 ./Drivers/STM32F1xx_HAL_Driver/Src/stm32f1xx_hal_tim.o
                0x08008134                HAL_TIM_IRQHandler
 .text.HAL_TIM_ConfigClockSource
                0x08008314      0x18e ./Drivers/STM32F1xx_HAL_Driver/Src/stm32f1xx_hal_tim.o
                0x08008314                HAL_TIM_ConfigClockSource
 .text.HAL_TIM_OC_DelayElapsedCallback
                0x080084a2       0x12 ./Drivers/STM32F1xx_HAL_Driver/Src/stm32f1xx_hal_tim.o
                0x080084a2                HAL_TIM_OC_DelayElapsedCallback
 .text.HAL_TIM_IC_CaptureCallback
                0x080084b4       0x12 ./Drivers/STM32F1xx_HAL_Driver/Src/stm32f1xx_hal_tim.o
                0x080084b4                HAL_TIM_IC_CaptureCallback
 .text.HAL_TIM_PWM_PulseFinishedCallback
                0x080084c6       0x12 ./Drivers/STM32F1xx_HAL_Driver/Src/stm32f1xx_hal_tim.o
                0x080084c6                HAL_TIM_PWM_PulseFinishedCallback
 .text.HAL_TIM_TriggerCallback
                0x080084d8       0x12 ./Drivers/STM32F1xx_HAL_Driver/Src/stm32f1xx_hal_tim.o
                0x080084d8                HAL_TIM_TriggerCallback
 *fill*         0x080084ea        0x2 
 .text.TIM_Base_SetConfig
                0x080084ec       0xdc ./Drivers/STM32F1xx_HAL_Driver/Src/stm32f1xx_hal_tim.o
                0x080084ec                TIM_Base_SetConfig
 .text.TIM_TI1_ConfigInputStage
                0x080085c8       0x5c ./Drivers/STM32F1xx_HAL_Driver/Src/stm32f1xx_hal_tim.o
 .text.TIM_TI2_ConfigInputStage
                0x08008624       0x5e ./Drivers/STM32F1xx_HAL_Driver/Src/stm32f1xx_hal_tim.o
 .text.TIM_ITRx_SetConfig
                0x08008682       0x34 ./Drivers/STM32F1xx_HAL_Driver/Src/stm32f1xx_hal_tim.o
 .text.TIM_ETR_SetConfig
                0x080086b6       0x3e ./Drivers/STM32F1xx_HAL_Driver/Src/stm32f1xx_hal_tim.o
                0x080086b6                TIM_ETR_SetConfig
 .text.HAL_TIMEx_MasterConfigSynchronization
                0x080086f4       0xbc ./Drivers/STM32F1xx_HAL_Driver/Src/stm32f1xx_hal_tim_ex.o
                0x080086f4                HAL_TIMEx_MasterConfigSynchronization
 .text.HAL_TIMEx_CommutCallback
                0x080087b0       0x12 ./Drivers/STM32F1xx_HAL_Driver/Src/stm32f1xx_hal_tim_ex.o
                0x080087b0                HAL_TIMEx_CommutCallback
 .text.HAL_TIMEx_BreakCallback
                0x080087c2       0x12 ./Drivers/STM32F1xx_HAL_Driver/Src/stm32f1xx_hal_tim_ex.o
                0x080087c2                HAL_TIMEx_BreakCallback
 .text.HAL_UART_Init
                0x080087d4       0xa0 ./Drivers/STM32F1xx_HAL_Driver/Src/stm32f1xx_hal_uart.o
                0x080087d4                HAL_UART_Init
 .text.HAL_UART_Transmit
                0x08008874      0x116 ./Drivers/STM32F1xx_HAL_Driver/Src/stm32f1xx_hal_uart.o
                0x08008874                HAL_UART_Transmit
 .text.HAL_UARTEx_ReceiveToIdle_DMA
                0x0800898a       0xb2 ./Drivers/STM32F1xx_HAL_Driver/Src/stm32f1xx_hal_uart.o
                0x0800898a                HAL_UARTEx_ReceiveToIdle_DMA
 .text.HAL_UART_IRQHandler
                0x08008a3c      0x524 ./Drivers/STM32F1xx_HAL_Driver/Src/stm32f1xx_hal_uart.o
                0x08008a3c                HAL_UART_IRQHandler
 .text.HAL_UART_TxCpltCallback
                0x08008f60       0x12 ./Drivers/STM32F1xx_HAL_Driver/Src/stm32f1xx_hal_uart.o
                0x08008f60                HAL_UART_TxCpltCallback
 .text.HAL_UART_RxCpltCallback
                0x08008f72       0x12 ./Drivers/STM32F1xx_HAL_Driver/Src/stm32f1xx_hal_uart.o
                0x08008f72                HAL_UART_RxCpltCallback
 .text.HAL_UART_RxHalfCpltCallback
                0x08008f84       0x12 ./Drivers/STM32F1xx_HAL_Driver/Src/stm32f1xx_hal_uart.o
                0x08008f84                HAL_UART_RxHalfCpltCallback
 .text.HAL_UART_ErrorCallback
                0x08008f96       0x12 ./Drivers/STM32F1xx_HAL_Driver/Src/stm32f1xx_hal_uart.o
                0x08008f96                HAL_UART_ErrorCallback
 .text.UART_DMAReceiveCplt
                0x08008fa8      0x12c ./Drivers/STM32F1xx_HAL_Driver/Src/stm32f1xx_hal_uart.o
 .text.UART_DMARxHalfCplt
                0x080090d4       0x3c ./Drivers/STM32F1xx_HAL_Driver/Src/stm32f1xx_hal_uart.o
 .text.UART_DMAError
                0x08009110       0x94 ./Drivers/STM32F1xx_HAL_Driver/Src/stm32f1xx_hal_uart.o
 .text.UART_WaitOnFlagUntilTimeout
                0x080091a4       0xb2 ./Drivers/STM32F1xx_HAL_Driver/Src/stm32f1xx_hal_uart.o
 *fill*         0x08009256        0x2 
 .text.UART_Start_Receive_DMA
                0x08009258      0x134 ./Drivers/STM32F1xx_HAL_Driver/Src/stm32f1xx_hal_uart.o
                0x08009258                UART_Start_Receive_DMA
 .text.UART_EndTxTransfer
                0x0800938c       0x4e ./Drivers/STM32F1xx_HAL_Driver/Src/stm32f1xx_hal_uart.o
 .text.UART_EndRxTransfer
                0x080093da       0xc4 ./Drivers/STM32F1xx_HAL_Driver/Src/stm32f1xx_hal_uart.o
 .text.UART_DMAAbortOnError
                0x0800949e       0x28 ./Drivers/STM32F1xx_HAL_Driver/Src/stm32f1xx_hal_uart.o
 .text.UART_Transmit_IT
                0x080094c6       0x9e ./Drivers/STM32F1xx_HAL_Driver/Src/stm32f1xx_hal_uart.o
 .text.UART_EndTransmit_IT
                0x08009564       0x30 ./Drivers/STM32F1xx_HAL_Driver/Src/stm32f1xx_hal_uart.o
 .text.UART_Receive_IT
                0x08009594      0x17c ./Drivers/STM32F1xx_HAL_Driver/Src/stm32f1xx_hal_uart.o
 .text.UART_SetConfig
                0x08009710      0x11c ./Drivers/STM32F1xx_HAL_Driver/Src/stm32f1xx_hal_uart.o
 .text.memset   0x0800982c       0x10 C:/ST/STM32CubeIDE_1.15.1/STM32CubeIDE/plugins/com.st.stm32cube.ide.mcu.externaltools.gnu-tools-for-stm32.13.3.rel1.win32_1.0.0.202411081344/tools/bin/../lib/gcc/arm-none-eabi/13.3.1/../../../../arm-none-eabi/lib/thumb/v7-m/nofp\libc_nano.a(libc_a-memset.o)
                0x0800982c                memset
 .text.strcat   0x0800983c       0x1e C:/ST/STM32CubeIDE_1.15.1/STM32CubeIDE/plugins/com.st.stm32cube.ide.mcu.externaltools.gnu-tools-for-stm32.13.3.rel1.win32_1.0.0.202411081344/tools/bin/../lib/gcc/arm-none-eabi/13.3.1/../../../../arm-none-eabi/lib/thumb/v7-m/nofp\libc_nano.a(libc_a-strcat.o)
                0x0800983c                strcat
 *fill*         0x0800985a        0x2 
 .text.__libc_init_array
                0x0800985c       0x48 C:/ST/STM32CubeIDE_1.15.1/STM32CubeIDE/plugins/com.st.stm32cube.ide.mcu.externaltools.gnu-tools-for-stm32.13.3.rel1.win32_1.0.0.202411081344/tools/bin/../lib/gcc/arm-none-eabi/13.3.1/../../../../arm-none-eabi/lib/thumb/v7-m/nofp\libc_nano.a(libc_a-init.o)
                0x0800985c                __libc_init_array
 .text.strcpy   0x080098a4       0x10 C:/ST/STM32CubeIDE_1.15.1/STM32CubeIDE/plugins/com.st.stm32cube.ide.mcu.externaltools.gnu-tools-for-stm32.13.3.rel1.win32_1.0.0.202411081344/tools/bin/../lib/gcc/arm-none-eabi/13.3.1/../../../../arm-none-eabi/lib/thumb/v7-m/nofp\libc_nano.a(libc_a-strcpy.o)
                0x080098a4                strcpy
 *(.glue_7)
 .glue_7        0x080098b4        0x0 linker stubs
 *(.glue_7t)
 .glue_7t       0x080098b4        0x0 linker stubs
 *(.eh_frame)
 .eh_frame      0x080098b4        0x0 C:/ST/STM32CubeIDE_1.15.1/STM32CubeIDE/plugins/com.st.stm32cube.ide.mcu.externaltools.gnu-tools-for-stm32.13.3.rel1.win32_1.0.0.202411081344/tools/bin/../lib/gcc/arm-none-eabi/13.3.1/thumb/v7-m/nofp/crtbegin.o
 *(.init)
 .init          0x080098b4        0x4 C:/ST/STM32CubeIDE_1.15.1/STM32CubeIDE/plugins/com.st.stm32cube.ide.mcu.externaltools.gnu-tools-for-stm32.13.3.rel1.win32_1.0.0.202411081344/tools/bin/../lib/gcc/arm-none-eabi/13.3.1/thumb/v7-m/nofp/crti.o
                0x080098b4                _init
 .init          0x080098b8        0x8 C:/ST/STM32CubeIDE_1.15.1/STM32CubeIDE/plugins/com.st.stm32cube.ide.mcu.externaltools.gnu-tools-for-stm32.13.3.rel1.win32_1.0.0.202411081344/tools/bin/../lib/gcc/arm-none-eabi/13.3.1/thumb/v7-m/nofp/crtn.o
 *(.fini)
 .fini          0x080098c0        0x4 C:/ST/STM32CubeIDE_1.15.1/STM32CubeIDE/plugins/com.st.stm32cube.ide.mcu.externaltools.gnu-tools-for-stm32.13.3.rel1.win32_1.0.0.202411081344/tools/bin/../lib/gcc/arm-none-eabi/13.3.1/thumb/v7-m/nofp/crti.o
                0x080098c0                _fini
 .fini          0x080098c4        0x8 C:/ST/STM32CubeIDE_1.15.1/STM32CubeIDE/plugins/com.st.stm32cube.ide.mcu.externaltools.gnu-tools-for-stm32.13.3.rel1.win32_1.0.0.202411081344/tools/bin/../lib/gcc/arm-none-eabi/13.3.1/thumb/v7-m/nofp/crtn.o
                0x080098cc                        . = ALIGN (0x4)
                0x080098cc                        _etext = .

.vfp11_veneer   0x080098cc        0x0
 .vfp11_veneer  0x080098cc        0x0 linker stubs

.v4_bx          0x080098cc        0x0
 .v4_bx         0x080098cc        0x0 linker stubs

.iplt           0x080098cc        0x0
 .iplt          0x080098cc        0x0 C:/ST/STM32CubeIDE_1.15.1/STM32CubeIDE/plugins/com.st.stm32cube.ide.mcu.externaltools.gnu-tools-for-stm32.13.3.rel1.win32_1.0.0.202411081344/tools/bin/../lib/gcc/arm-none-eabi/13.3.1/thumb/v7-m/nofp/crtbegin.o

.rodata         0x080098cc       0xb0
                0x080098cc                        . = ALIGN (0x4)
 *(.rodata)
 .rodata        0x080098cc       0x10 ./Core/Src/Ethernet/W5500_SPI.o
 .rodata        0x080098dc       0x43 ./Core/Src/main.o
 *(.rodata*)
 *fill*         0x0800991f        0x1 
 .rodata.days_in_month
                0x08009920       0x30 ./Core/Src/main.o
 .rodata.AHBPrescTable
                0x08009950       0x10 ./Core/Src/system_stm32f1xx.o
                0x08009950                AHBPrescTable
 .rodata.APBPrescTable
                0x08009960        0x8 ./Core/Src/system_stm32f1xx.o
                0x08009960                APBPrescTable
 .rodata.aPLLMULFactorTable.1
                0x08009968       0x10 ./Drivers/STM32F1xx_HAL_Driver/Src/stm32f1xx_hal_rcc.o
 .rodata.aPredivFactorTable.0
                0x08009978        0x2 ./Drivers/STM32F1xx_HAL_Driver/Src/stm32f1xx_hal_rcc.o
                0x0800997c                        . = ALIGN (0x4)
 *fill*         0x0800997a        0x2 

.ARM.extab      0x0800997c        0x0
                0x0800997c                        . = ALIGN (0x4)
 *(.ARM.extab* .gnu.linkonce.armextab.*)
                0x0800997c                        . = ALIGN (0x4)

.ARM            0x0800997c        0x8
                0x0800997c                        . = ALIGN (0x4)
                0x0800997c                        __exidx_start = .
 *(.ARM.exidx*)
 .ARM.exidx     0x0800997c        0x8 C:/ST/STM32CubeIDE_1.15.1/STM32CubeIDE/plugins/com.st.stm32cube.ide.mcu.externaltools.gnu-tools-for-stm32.13.3.rel1.win32_1.0.0.202411081344/tools/bin/../lib/gcc/arm-none-eabi/13.3.1/../../../../arm-none-eabi/lib/thumb/v7-m/nofp\libc_nano.a(libc_a-strlen.o)
                0x08009984                        __exidx_end = .
                0x08009984                        . = ALIGN (0x4)

.rel.dyn        0x08009984        0x0
 .rel.iplt      0x08009984        0x0 C:/ST/STM32CubeIDE_1.15.1/STM32CubeIDE/plugins/com.st.stm32cube.ide.mcu.externaltools.gnu-tools-for-stm32.13.3.rel1.win32_1.0.0.202411081344/tools/bin/../lib/gcc/arm-none-eabi/13.3.1/thumb/v7-m/nofp/crtbegin.o

.preinit_array  0x08009984        0x0
                0x08009984                        . = ALIGN (0x4)
                0x08009984                        PROVIDE (__preinit_array_start = .)
 *(.preinit_array*)
                0x08009984                        PROVIDE (__preinit_array_end = .)
                0x08009984                        . = ALIGN (0x4)

.init_array     0x08009984        0x4
                0x08009984                        . = ALIGN (0x4)
                0x08009984                        PROVIDE (__init_array_start = .)
 *(SORT_BY_NAME(.init_array.*))
 *(.init_array*)
 .init_array    0x08009984        0x4 C:/ST/STM32CubeIDE_1.15.1/STM32CubeIDE/plugins/com.st.stm32cube.ide.mcu.externaltools.gnu-tools-for-stm32.13.3.rel1.win32_1.0.0.202411081344/tools/bin/../lib/gcc/arm-none-eabi/13.3.1/thumb/v7-m/nofp/crtbegin.o
                0x08009988                        PROVIDE (__init_array_end = .)
                0x08009988                        . = ALIGN (0x4)

.fini_array     0x08009988        0x4
                0x08009988                        . = ALIGN (0x4)
                [!provide]                        PROVIDE (__fini_array_start = .)
 *(SORT_BY_NAME(.fini_array.*))
 *(.fini_array*)
 .fini_array    0x08009988        0x4 C:/ST/STM32CubeIDE_1.15.1/STM32CubeIDE/plugins/com.st.stm32cube.ide.mcu.externaltools.gnu-tools-for-stm32.13.3.rel1.win32_1.0.0.202411081344/tools/bin/../lib/gcc/arm-none-eabi/13.3.1/thumb/v7-m/nofp/crtbegin.o
                [!provide]                        PROVIDE (__fini_array_end = .)
                0x0800998c                        . = ALIGN (0x4)
                0x0800998c                        _sidata = LOADADDR (.data)

.data           0x20000000       0x44 load address 0x0800998c
                0x20000000                        . = ALIGN (0x4)
                0x20000000                        _sdata = .
 *(.data)
 *(.data*)
 .data.sock_any_port
                0x20000000        0x2 ./Core/Src/Ethernet/socket.o
 *fill*         0x20000002        0x2 
 .data.WIZCHIP  0x20000004       0x2c ./Core/Src/Ethernet/wizchip_conf.o
                0x20000004                WIZCHIP
 .data.uart_bypass
                0x20000030        0x1 ./Core/Src/main.o
                0x20000030                uart_bypass
 *fill*         0x20000031        0x3 
 .data.c        0x20000034        0x2 ./Core/Src/main.o
                0x20000034                c
 .data.REB_connected
                0x20000036        0x1 ./Core/Src/main.o
                0x20000036                REB_connected
 *fill*         0x20000037        0x1 
 .data.SystemCoreClock
                0x20000038        0x4 ./Core/Src/system_stm32f1xx.o
                0x20000038                SystemCoreClock
 .data.uwTickPrio
                0x2000003c        0x4 ./Drivers/STM32F1xx_HAL_Driver/Src/stm32f1xx_hal.o
                0x2000003c                uwTickPrio
 .data.uwTickFreq
                0x20000040        0x1 ./Drivers/STM32F1xx_HAL_Driver/Src/stm32f1xx_hal.o
                0x20000040                uwTickFreq
 *(.RamFunc)
 *(.RamFunc*)
                0x20000044                        . = ALIGN (0x4)
 *fill*         0x20000041        0x3 
                0x20000044                        _edata = .

.igot.plt       0x20000044        0x0 load address 0x080099d0
 .igot.plt      0x20000044        0x0 C:/ST/STM32CubeIDE_1.15.1/STM32CubeIDE/plugins/com.st.stm32cube.ide.mcu.externaltools.gnu-tools-for-stm32.13.3.rel1.win32_1.0.0.202411081344/tools/bin/../lib/gcc/arm-none-eabi/13.3.1/thumb/v7-m/nofp/crtbegin.o
                0x20000044                        . = ALIGN (0x4)

.bss            0x20000048      0x7a8 load address 0x080099d0
                0x20000048                        _sbss = .
                0x20000048                        __bss_start__ = _sbss
 *(.bss)
 .bss           0x20000048       0x1c C:/ST/STM32CubeIDE_1.15.1/STM32CubeIDE/plugins/com.st.stm32cube.ide.mcu.externaltools.gnu-tools-for-stm32.13.3.rel1.win32_1.0.0.202411081344/tools/bin/../lib/gcc/arm-none-eabi/13.3.1/thumb/v7-m/nofp/crtbegin.o
 *(.bss*)
 .bss.sock_io_mode
                0x20000064        0x2 ./Core/Src/Ethernet/socket.o
 .bss.sock_is_sending
                0x20000066        0x2 ./Core/Src/Ethernet/socket.o
 .bss.sock_remained_size
                0x20000068       0x10 ./Core/Src/Ethernet/socket.o
 .bss.g_uart_request_exit
                0x20000078        0x1 ./Core/Src/Ethernet/socket.o
                0x20000078                g_uart_request_exit
 *fill*         0x20000079        0x3 
 .bss.sock_pack_info
                0x2000007c        0x8 ./Core/Src/Ethernet/socket.o
                0x2000007c                sock_pack_info
 .bss._DNS_     0x20000084        0x4 ./Core/Src/Ethernet/wizchip_conf.o
 .bss._DHCP_    0x20000088        0x1 ./Core/Src/Ethernet/wizchip_conf.o
 *fill*         0x20000089        0x3 
 .bss.EraseInit
                0x2000008c       0x10 ./Core/Src/main.o
                0x2000008c                EraseInit
 .bss.hcan      0x2000009c       0x28 ./Core/Src/main.o
                0x2000009c                hcan
 .bss.hiwdg     0x200000c4        0xc ./Core/Src/main.o
                0x200000c4                hiwdg
 .bss.hspi1     0x200000d0       0x58 ./Core/Src/main.o
                0x200000d0                hspi1
 .bss.hspi2     0x20000128       0x58 ./Core/Src/main.o
                0x20000128                hspi2
 .bss.htim2     0x20000180       0x48 ./Core/Src/main.o
                0x20000180                htim2
 .bss.htim3     0x200001c8       0x48 ./Core/Src/main.o
                0x200001c8                htim3
 .bss.huart1    0x20000210       0x48 ./Core/Src/main.o
                0x20000210                huart1
 .bss.hdma_usart1_rx
                0x20000258       0x44 ./Core/Src/main.o
                0x20000258                hdma_usart1_rx
 .bss.RxHeader  0x2000029c       0x1c ./Core/Src/main.o
                0x2000029c                RxHeader
 .bss.TxHeader_MC2B
                0x200002b8       0x18 ./Core/Src/main.o
                0x200002b8                TxHeader_MC2B
 .bss.uart_data
                0x200002d0       0x32 ./Core/Src/main.o
                0x200002d0                uart_data
 *fill*         0x20000302        0x2 
 .bss.buf       0x20000304      0x208 ./Core/Src/main.o
                0x20000304                buf
 .bss.server_ip
                0x2000050c        0x4 ./Core/Src/main.o
                0x2000050c                server_ip
 .bss.time_delay
                0x20000510        0x1 ./Core/Src/main.o
                0x20000510                time_delay
 *fill*         0x20000511        0x3 
 .bss.lock_default
                0x20000514        0x8 ./Core/Src/main.o
                0x20000514                lock_default
 .bss.ip1       0x2000051c        0x1 ./Core/Src/main.o
                0x2000051c                ip1
 .bss.ip2       0x2000051d        0x1 ./Core/Src/main.o
                0x2000051d                ip2
 .bss.ip3       0x2000051e        0x1 ./Core/Src/main.o
                0x2000051e                ip3
 .bss.ip4       0x2000051f        0x1 ./Core/Src/main.o
                0x2000051f                ip4
 .bss.ip_server1
                0x20000520        0x1 ./Core/Src/main.o
                0x20000520                ip_server1
 .bss.ip_server2
                0x20000521        0x1 ./Core/Src/main.o
                0x20000521                ip_server2
 .bss.ip_server3
                0x20000522        0x1 ./Core/Src/main.o
                0x20000522                ip_server3
 .bss.ip_server4
                0x20000523        0x1 ./Core/Src/main.o
                0x20000523                ip_server4
 .bss.data_info
                0x20000524       0x1e ./Core/Src/main.o
                0x20000524                data_info
 .bss.elevator_mode
                0x20000542        0x1 ./Core/Src/main.o
                0x20000542                elevator_mode
 *fill*         0x20000543        0x1 
 .bss.data_MC2B
                0x20000544        0x8 ./Core/Src/main.o
                0x20000544                data_MC2B
 .bss.keepalive
                0x2000054c        0x1 ./Core/Src/main.o
                0x2000054c                keepalive
 *fill*         0x2000054d        0x3 
 .bss.Ethernet_received_data
                0x20000550        0x9 ./Core/Src/main.o
                0x20000550                Ethernet_received_data
 *fill*         0x20000559        0x3 
 .bss.Ethernet_setting_data
                0x2000055c       0x19 ./Core/Src/main.o
                0x2000055c                Ethernet_setting_data
 .bss.Ethernet_read_and_reset_data
                0x20000575        0x1 ./Core/Src/main.o
                0x20000575                Ethernet_read_and_reset_data
 .bss.counter_start
                0x20000576        0x1 ./Core/Src/main.o
                0x20000576                counter_start
 *fill*         0x20000577        0x1 
 .bss.RxData    0x20000578        0x8 ./Core/Src/main.o
                0x20000578                RxData
 .bss.send_uart
                0x20000580        0x1 ./Core/Src/main.o
                0x20000580                send_uart
 *fill*         0x20000581        0x1 
 .bss.port_server
                0x20000582        0x2 ./Core/Src/main.o
                0x20000582                port_server
 .bss.port_client
                0x20000584        0x2 ./Core/Src/main.o
                0x20000584                port_client
 .bss.yearNow   0x20000586        0x2 ./Core/Src/main.o
                0x20000586                yearNow
 .bss.SectorError
                0x20000588        0x4 ./Core/Src/main.o
                0x20000588                SectorError
 .bss.wcode     0x2000058c        0x4 ./Core/Src/main.o
                0x2000058c                wcode
 .bss.TxMailbox
                0x20000590        0x4 ./Core/Src/main.o
                0x20000590                TxMailbox
 .bss.x_timer   0x20000594      0x100 ./Core/Src/main.o
                0x20000594                x_timer
 .bss.number_card
                0x20000694        0x4 ./Core/Src/main.o
                0x20000694                number_card
 .bss.connected
                0x20000698        0x4 ./Core/Src/main.o
                0x20000698                connected
 .bss.time_break
                0x2000069c        0x4 ./Core/Src/main.o
                0x2000069c                time_break
 .bss.lenData   0x200006a0        0x4 ./Core/Src/main.o
                0x200006a0                lenData
 .bss.number_card_old
                0x200006a4        0x4 ./Core/Src/main.o
                0x200006a4                number_card_old
 .bss.lock_default_1
                0x200006a8        0x4 ./Core/Src/main.o
                0x200006a8                lock_default_1
 .bss.lock_default_2
                0x200006ac        0x4 ./Core/Src/main.o
                0x200006ac                lock_default_2
 .bss.time_check
                0x200006b0        0x4 ./Core/Src/main.o
                0x200006b0                time_check
 .bss.heardbit_REB
                0x200006b4        0x4 ./Core/Src/main.o
                0x200006b4                heardbit_REB
 .bss.timeSendDataEth
                0x200006b8        0x4 ./Core/Src/main.o
                0x200006b8                timeSendDataEth
 .bss.timeBreak
                0x200006bc        0x4 ./Core/Src/main.o
                0x200006bc                timeBreak
 .bss.RST_timer
                0x200006c0        0x4 ./Core/Src/main.o
                0x200006c0                RST_timer
 .bss.RST_timer_now
                0x200006c4        0x4 ./Core/Src/main.o
                0x200006c4                RST_timer_now
 .bss.RST_timer_last
                0x200006c8        0x4 ./Core/Src/main.o
                0x200006c8                RST_timer_last
 .bss.count_RST
                0x200006cc        0x4 ./Core/Src/main.o
                0x200006cc                count_RST
 .bss.counter_reset
                0x200006d0        0x4 ./Core/Src/main.o
                0x200006d0                counter_reset
 .bss.timeNow   0x200006d4        0x4 ./Core/Src/main.o
                0x200006d4                timeNow
 .bss.bypass_from_REB
                0x200006d8        0x1 ./Core/Src/main.o
                0x200006d8                bypass_from_REB
 .bss.bypass_from_Eth
                0x200006d9        0x1 ./Core/Src/main.o
                0x200006d9                bypass_from_Eth
 *fill*         0x200006da        0x2 
 .bss.x         0x200006dc       0x40 ./Core/Src/main.o
                0x200006dc                x
 .bss.Ethernet_connected
                0x2000071c        0x1 ./Core/Src/main.o
                0x2000071c                Ethernet_connected
 .bss.isSendDataEth
                0x2000071d        0x1 ./Core/Src/main.o
                0x2000071d                isSendDataEth
 .bss.write_mode_somecard
                0x2000071e        0x1 ./Core/Src/main.o
                0x2000071e                write_mode_somecard
 .bss.write_mode
                0x2000071f        0x1 ./Core/Src/main.o
                0x2000071f                write_mode
 .bss.write_done
                0x20000720        0x1 ./Core/Src/main.o
                0x20000720                write_done
 .bss.send_card_to_pc
                0x20000721        0x1 ./Core/Src/main.o
                0x20000721                send_card_to_pc
 .bss.send_card_done
                0x20000722        0x1 ./Core/Src/main.o
                0x20000722                send_card_done
 .bss.new_wcode
                0x20000723        0x1 ./Core/Src/main.o
                0x20000723                new_wcode
 .bss.Ethernet_received
                0x20000724        0x1 ./Core/Src/main.o
                0x20000724                Ethernet_received
 .bss.Ethernet_setting
                0x20000725        0x1 ./Core/Src/main.o
                0x20000725                Ethernet_setting
 .bss.add_card_uart
                0x20000726        0x1 ./Core/Src/main.o
                0x20000726                add_card_uart
 .bss.write_card_by_hand
                0x20000727        0x1 ./Core/Src/main.o
                0x20000727                write_card_by_hand
 .bss.Ethernet_read_and_reset
                0x20000728        0x1 ./Core/Src/main.o
                0x20000728                Ethernet_read_and_reset
 .bss.RST_set   0x20000729        0x1 ./Core/Src/main.o
                0x20000729                RST_set
 .bss.unlock_fire
                0x2000072a        0x1 ./Core/Src/main.o
                0x2000072a                unlock_fire
 .bss.send_uart_to_REB
                0x2000072b        0x1 ./Core/Src/main.o
                0x2000072b                send_uart_to_REB
 .bss.user      0x2000072c       0x20 ./Core/Src/main.o
                0x2000072c                user
 .bss.user_before
                0x2000074c       0x20 ./Core/Src/main.o
                0x2000074c                user_before
 .bss.compare_user
                0x2000076c       0x20 ./Core/Src/main.o
                0x2000076c                compare_user
 .bss.write_user
                0x2000078c       0x20 ./Core/Src/main.o
                0x2000078c                write_user
 .bss.send_user
                0x200007ac       0x20 ./Core/Src/main.o
                0x200007ac                send_user
 .bss.uwTick    0x200007cc        0x4 ./Drivers/STM32F1xx_HAL_Driver/Src/stm32f1xx_hal.o
                0x200007cc                uwTick
 .bss.pFlash    0x200007d0       0x20 ./Drivers/STM32F1xx_HAL_Driver/Src/stm32f1xx_hal_flash.o
                0x200007d0                pFlash
 *(COMMON)
                0x200007f0                        . = ALIGN (0x4)
                0x200007f0                        _ebss = .
                0x200007f0                        __bss_end__ = _ebss

._user_heap_stack
                0x200007f0      0x600 load address 0x080099d0
                0x200007f0                        . = ALIGN (0x8)
                [!provide]                        PROVIDE (end = .)
                0x200007f0                        PROVIDE (_end = .)
                0x200009f0                        . = (. + _Min_Heap_Size)
 *fill*         0x200007f0      0x200 
                0x20000df0                        . = (. + _Min_Stack_Size)
 *fill*         0x200009f0      0x400 
                0x20000df0                        . = ALIGN (0x8)

/DISCARD/
 libc.a(*)
 libm.a(*)
 libgcc.a(*)

.ARM.attributes
                0x00000000       0x29
 *(.ARM.attributes)
 .ARM.attributes
                0x00000000       0x1d C:/ST/STM32CubeIDE_1.15.1/STM32CubeIDE/plugins/com.st.stm32cube.ide.mcu.externaltools.gnu-tools-for-stm32.13.3.rel1.win32_1.0.0.202411081344/tools/bin/../lib/gcc/arm-none-eabi/13.3.1/thumb/v7-m/nofp/crti.o
 .ARM.attributes
                0x0000001d       0x2d C:/ST/STM32CubeIDE_1.15.1/STM32CubeIDE/plugins/com.st.stm32cube.ide.mcu.externaltools.gnu-tools-for-stm32.13.3.rel1.win32_1.0.0.202411081344/tools/bin/../lib/gcc/arm-none-eabi/13.3.1/thumb/v7-m/nofp/crtbegin.o
 .ARM.attributes
                0x0000004a       0x2d ./Core/Src/Ethernet/W5500/w5500.o
 .ARM.attributes
                0x00000077       0x2d ./Core/Src/Ethernet/W5500_SPI.o
 .ARM.attributes
                0x000000a4       0x2d ./Core/Src/Ethernet/socket.o
 .ARM.attributes
                0x000000d1       0x2d ./Core/Src/Ethernet/wizchip_conf.o
 .ARM.attributes
                0x000000fe       0x2d ./Core/Src/W25Qxx.o
 .ARM.attributes
                0x0000012b       0x2d ./Core/Src/main.o
 .ARM.attributes
                0x00000158       0x2d ./Core/Src/stm32f1xx_hal_msp.o
 .ARM.attributes
                0x00000185       0x2d ./Core/Src/stm32f1xx_it.o
 .ARM.attributes
                0x000001b2       0x2d ./Core/Src/system_stm32f1xx.o
 .ARM.attributes
                0x000001df       0x21 ./Core/Startup/startup_stm32f103c8tx.o
 .ARM.attributes
                0x00000200       0x2d ./Drivers/STM32F1xx_HAL_Driver/Src/stm32f1xx_hal.o
 .ARM.attributes
                0x0000022d       0x2d ./Drivers/STM32F1xx_HAL_Driver/Src/stm32f1xx_hal_can.o
 .ARM.attributes
                0x0000025a       0x2d ./Drivers/STM32F1xx_HAL_Driver/Src/stm32f1xx_hal_cortex.o
 .ARM.attributes
                0x00000287       0x2d ./Drivers/STM32F1xx_HAL_Driver/Src/stm32f1xx_hal_dma.o
 .ARM.attributes
                0x000002b4       0x2d ./Drivers/STM32F1xx_HAL_Driver/Src/stm32f1xx_hal_flash.o
 .ARM.attributes
                0x000002e1       0x2d ./Drivers/STM32F1xx_HAL_Driver/Src/stm32f1xx_hal_flash_ex.o
 .ARM.attributes
                0x0000030e       0x2d ./Drivers/STM32F1xx_HAL_Driver/Src/stm32f1xx_hal_gpio.o
 .ARM.attributes
                0x0000033b       0x2d ./Drivers/STM32F1xx_HAL_Driver/Src/stm32f1xx_hal_iwdg.o
 .ARM.attributes
                0x00000368       0x2d ./Drivers/STM32F1xx_HAL_Driver/Src/stm32f1xx_hal_rcc.o
 .ARM.attributes
                0x00000395       0x2d ./Drivers/STM32F1xx_HAL_Driver/Src/stm32f1xx_hal_spi.o
 .ARM.attributes
                0x000003c2       0x2d ./Drivers/STM32F1xx_HAL_Driver/Src/stm32f1xx_hal_tim.o
 .ARM.attributes
                0x000003ef       0x2d ./Drivers/STM32F1xx_HAL_Driver/Src/stm32f1xx_hal_tim_ex.o
 .ARM.attributes
                0x0000041c       0x2d ./Drivers/STM32F1xx_HAL_Driver/Src/stm32f1xx_hal_uart.o
 .ARM.attributes
                0x00000449       0x2d C:/ST/STM32CubeIDE_1.15.1/STM32CubeIDE/plugins/com.st.stm32cube.ide.mcu.externaltools.gnu-tools-for-stm32.13.3.rel1.win32_1.0.0.202411081344/tools/bin/../lib/gcc/arm-none-eabi/13.3.1/../../../../arm-none-eabi/lib/thumb/v7-m/nofp\libc_nano.a(libc_a-memset.o)
 .ARM.attributes
                0x00000476       0x2d C:/ST/STM32CubeIDE_1.15.1/STM32CubeIDE/plugins/com.st.stm32cube.ide.mcu.externaltools.gnu-tools-for-stm32.13.3.rel1.win32_1.0.0.202411081344/tools/bin/../lib/gcc/arm-none-eabi/13.3.1/../../../../arm-none-eabi/lib/thumb/v7-m/nofp\libc_nano.a(libc_a-strcat.o)
 .ARM.attributes
                0x000004a3       0x2d C:/ST/STM32CubeIDE_1.15.1/STM32CubeIDE/plugins/com.st.stm32cube.ide.mcu.externaltools.gnu-tools-for-stm32.13.3.rel1.win32_1.0.0.202411081344/tools/bin/../lib/gcc/arm-none-eabi/13.3.1/../../../../arm-none-eabi/lib/thumb/v7-m/nofp\libc_nano.a(libc_a-init.o)
 .ARM.attributes
                0x000004d0       0x2d C:/ST/STM32CubeIDE_1.15.1/STM32CubeIDE/plugins/com.st.stm32cube.ide.mcu.externaltools.gnu-tools-for-stm32.13.3.rel1.win32_1.0.0.202411081344/tools/bin/../lib/gcc/arm-none-eabi/13.3.1/../../../../arm-none-eabi/lib/thumb/v7-m/nofp\libc_nano.a(libc_a-strcpy.o)
 .ARM.attributes
                0x000004fd       0x17 C:/ST/STM32CubeIDE_1.15.1/STM32CubeIDE/plugins/com.st.stm32cube.ide.mcu.externaltools.gnu-tools-for-stm32.13.3.rel1.win32_1.0.0.202411081344/tools/bin/../lib/gcc/arm-none-eabi/13.3.1/../../../../arm-none-eabi/lib/thumb/v7-m/nofp\libc_nano.a(libc_a-strlen.o)
 .ARM.attributes
                0x00000514       0x1d C:/ST/STM32CubeIDE_1.15.1/STM32CubeIDE/plugins/com.st.stm32cube.ide.mcu.externaltools.gnu-tools-for-stm32.13.3.rel1.win32_1.0.0.202411081344/tools/bin/../lib/gcc/arm-none-eabi/13.3.1/thumb/v7-m/nofp/crtn.o
OUTPUT(RCB_realtime.elf elf32-littlearm)
LOAD linker stubs
LOAD C:/ST/STM32CubeIDE_1.15.1/STM32CubeIDE/plugins/com.st.stm32cube.ide.mcu.externaltools.gnu-tools-for-stm32.13.3.rel1.win32_1.0.0.202411081344/tools/bin/../lib/gcc/arm-none-eabi/13.3.1/../../../../arm-none-eabi/lib/thumb/v7-m/nofp\libc.a
LOAD C:/ST/STM32CubeIDE_1.15.1/STM32CubeIDE/plugins/com.st.stm32cube.ide.mcu.externaltools.gnu-tools-for-stm32.13.3.rel1.win32_1.0.0.202411081344/tools/bin/../lib/gcc/arm-none-eabi/13.3.1/../../../../arm-none-eabi/lib/thumb/v7-m/nofp\libm.a
LOAD C:/ST/STM32CubeIDE_1.15.1/STM32CubeIDE/plugins/com.st.stm32cube.ide.mcu.externaltools.gnu-tools-for-stm32.13.3.rel1.win32_1.0.0.202411081344/tools/bin/../lib/gcc/arm-none-eabi/13.3.1/thumb/v7-m/nofp\libgcc.a

.debug_info     0x00000000    0x149d7
 .debug_info    0x00000000      0x539 ./Core/Src/Ethernet/W5500/w5500.o
 .debug_info    0x00000539      0x8cb ./Core/Src/Ethernet/W5500_SPI.o
 .debug_info    0x00000e04      0x741 ./Core/Src/Ethernet/socket.o
 .debug_info    0x00001545      0xc76 ./Core/Src/Ethernet/wizchip_conf.o
 .debug_info    0x000021bb     0x10af ./Core/Src/W25Qxx.o
 .debug_info    0x0000326a     0x2e0a ./Core/Src/main.o
 .debug_info    0x00006074     0x1531 ./Core/Src/stm32f1xx_hal_msp.o
 .debug_info    0x000075a5      0xd9a ./Core/Src/stm32f1xx_it.o
 .debug_info    0x0000833f      0x222 ./Core/Src/system_stm32f1xx.o
 .debug_info    0x00008561       0x30 ./Core/Startup/startup_stm32f103c8tx.o
 .debug_info    0x00008591      0x704 ./Drivers/STM32F1xx_HAL_Driver/Src/stm32f1xx_hal.o
 .debug_info    0x00008c95      0xf13 ./Drivers/STM32F1xx_HAL_Driver/Src/stm32f1xx_hal_can.o
 .debug_info    0x00009ba8      0xa87 ./Drivers/STM32F1xx_HAL_Driver/Src/stm32f1xx_hal_cortex.o
 .debug_info    0x0000a62f      0x6d2 ./Drivers/STM32F1xx_HAL_Driver/Src/stm32f1xx_hal_dma.o
 .debug_info    0x0000ad01      0x4f8 ./Drivers/STM32F1xx_HAL_Driver/Src/stm32f1xx_hal_flash.o
 .debug_info    0x0000b1f9      0x777 ./Drivers/STM32F1xx_HAL_Driver/Src/stm32f1xx_hal_flash_ex.o
 .debug_info    0x0000b970      0x5ab ./Drivers/STM32F1xx_HAL_Driver/Src/stm32f1xx_hal_gpio.o
 .debug_info    0x0000bf1b      0x1d9 ./Drivers/STM32F1xx_HAL_Driver/Src/stm32f1xx_hal_iwdg.o
 .debug_info    0x0000c0f4      0x7d5 ./Drivers/STM32F1xx_HAL_Driver/Src/stm32f1xx_hal_rcc.o
 .debug_info    0x0000c8c9     0x142d ./Drivers/STM32F1xx_HAL_Driver/Src/stm32f1xx_hal_spi.o
 .debug_info    0x0000dcf6     0x2959 ./Drivers/STM32F1xx_HAL_Driver/Src/stm32f1xx_hal_tim.o
 .debug_info    0x0001064f     0x149b ./Drivers/STM32F1xx_HAL_Driver/Src/stm32f1xx_hal_tim_ex.o
 .debug_info    0x00011aea     0x2eed ./Drivers/STM32F1xx_HAL_Driver/Src/stm32f1xx_hal_uart.o

.debug_abbrev   0x00000000     0x34e2
 .debug_abbrev  0x00000000      0x21f ./Core/Src/Ethernet/W5500/w5500.o
 .debug_abbrev  0x0000021f      0x254 ./Core/Src/Ethernet/W5500_SPI.o
 .debug_abbrev  0x00000473      0x1e3 ./Core/Src/Ethernet/socket.o
 .debug_abbrev  0x00000656      0x321 ./Core/Src/Ethernet/wizchip_conf.o
 .debug_abbrev  0x00000977      0x361 ./Core/Src/W25Qxx.o
 .debug_abbrev  0x00000cd8      0x419 ./Core/Src/main.o
 .debug_abbrev  0x000010f1      0x2a1 ./Core/Src/stm32f1xx_hal_msp.o
 .debug_abbrev  0x00001392      0x222 ./Core/Src/stm32f1xx_it.o
 .debug_abbrev  0x000015b4      0x13f ./Core/Src/system_stm32f1xx.o
 .debug_abbrev  0x000016f3       0x24 ./Core/Startup/startup_stm32f103c8tx.o
 .debug_abbrev  0x00001717      0x201 ./Drivers/STM32F1xx_HAL_Driver/Src/stm32f1xx_hal.o
 .debug_abbrev  0x00001918      0x21c ./Drivers/STM32F1xx_HAL_Driver/Src/stm32f1xx_hal_can.o
 .debug_abbrev  0x00001b34      0x2f8 ./Drivers/STM32F1xx_HAL_Driver/Src/stm32f1xx_hal_cortex.o
 .debug_abbrev  0x00001e2c      0x20b ./Drivers/STM32F1xx_HAL_Driver/Src/stm32f1xx_hal_dma.o
 .debug_abbrev  0x00002037      0x250 ./Drivers/STM32F1xx_HAL_Driver/Src/stm32f1xx_hal_flash.o
 .debug_abbrev  0x00002287      0x247 ./Drivers/STM32F1xx_HAL_Driver/Src/stm32f1xx_hal_flash_ex.o
 .debug_abbrev  0x000024ce      0x1ca ./Drivers/STM32F1xx_HAL_Driver/Src/stm32f1xx_hal_gpio.o
 .debug_abbrev  0x00002698      0x12c ./Drivers/STM32F1xx_HAL_Driver/Src/stm32f1xx_hal_iwdg.o
 .debug_abbrev  0x000027c4      0x2b3 ./Drivers/STM32F1xx_HAL_Driver/Src/stm32f1xx_hal_rcc.o
 .debug_abbrev  0x00002a77      0x27a ./Drivers/STM32F1xx_HAL_Driver/Src/stm32f1xx_hal_spi.o
 .debug_abbrev  0x00002cf1      0x277 ./Drivers/STM32F1xx_HAL_Driver/Src/stm32f1xx_hal_tim.o
 .debug_abbrev  0x00002f68      0x282 ./Drivers/STM32F1xx_HAL_Driver/Src/stm32f1xx_hal_tim_ex.o
 .debug_abbrev  0x000031ea      0x2f8 ./Drivers/STM32F1xx_HAL_Driver/Src/stm32f1xx_hal_uart.o

.debug_aranges  0x00000000     0x1488
 .debug_aranges
                0x00000000       0x60 ./Core/Src/Ethernet/W5500/w5500.o
 .debug_aranges
                0x00000060       0x50 ./Core/Src/Ethernet/W5500_SPI.o
 .debug_aranges
                0x000000b0       0x78 ./Core/Src/Ethernet/socket.o
 .debug_aranges
                0x00000128      0x138 ./Core/Src/Ethernet/wizchip_conf.o
 .debug_aranges
                0x00000260       0xf8 ./Core/Src/W25Qxx.o
 .debug_aranges
                0x00000358      0x110 ./Core/Src/main.o
 .debug_aranges
                0x00000468       0x60 ./Core/Src/stm32f1xx_hal_msp.o
 .debug_aranges
                0x000004c8       0x98 ./Core/Src/stm32f1xx_it.o
 .debug_aranges
                0x00000560       0x28 ./Core/Src/system_stm32f1xx.o
 .debug_aranges
                0x00000588       0x28 ./Core/Startup/startup_stm32f103c8tx.o
 .debug_aranges
                0x000005b0       0xe0 ./Drivers/STM32F1xx_HAL_Driver/Src/stm32f1xx_hal.o
 .debug_aranges
                0x00000690      0x138 ./Drivers/STM32F1xx_HAL_Driver/Src/stm32f1xx_hal_can.o
 .debug_aranges
                0x000007c8      0x100 ./Drivers/STM32F1xx_HAL_Driver/Src/stm32f1xx_hal_cortex.o
 .debug_aranges
                0x000008c8       0x80 ./Drivers/STM32F1xx_HAL_Driver/Src/stm32f1xx_hal_dma.o
 .debug_aranges
                0x00000948       0x88 ./Drivers/STM32F1xx_HAL_Driver/Src/stm32f1xx_hal_flash.o
 .debug_aranges
                0x000009d0       0x98 ./Drivers/STM32F1xx_HAL_Driver/Src/stm32f1xx_hal_flash_ex.o
 .debug_aranges
                0x00000a68       0x58 ./Drivers/STM32F1xx_HAL_Driver/Src/stm32f1xx_hal_gpio.o
 .debug_aranges
                0x00000ac0       0x28 ./Drivers/STM32F1xx_HAL_Driver/Src/stm32f1xx_hal_iwdg.o
 .debug_aranges
                0x00000ae8       0x90 ./Drivers/STM32F1xx_HAL_Driver/Src/stm32f1xx_hal_rcc.o
 .debug_aranges
                0x00000b78      0x1d0 ./Drivers/STM32F1xx_HAL_Driver/Src/stm32f1xx_hal_spi.o
 .debug_aranges
                0x00000d48      0x3d0 ./Drivers/STM32F1xx_HAL_Driver/Src/stm32f1xx_hal_tim.o
 .debug_aranges
                0x00001118      0x168 ./Drivers/STM32F1xx_HAL_Driver/Src/stm32f1xx_hal_tim_ex.o
 .debug_aranges
                0x00001280      0x208 ./Drivers/STM32F1xx_HAL_Driver/Src/stm32f1xx_hal_uart.o

.debug_rnglists
                0x00000000     0x100c
 .debug_rnglists
                0x00000000       0x4c ./Core/Src/Ethernet/W5500/w5500.o
 .debug_rnglists
                0x0000004c       0x38 ./Core/Src/Ethernet/W5500_SPI.o
 .debug_rnglists
                0x00000084       0x6d ./Core/Src/Ethernet/socket.o
 .debug_rnglists
                0x000000f1       0xed ./Core/Src/Ethernet/wizchip_conf.o
 .debug_rnglists
                0x000001de       0xba ./Core/Src/W25Qxx.o
 .debug_rnglists
                0x00000298       0xd7 ./Core/Src/main.o
 .debug_rnglists
                0x0000036f       0x47 ./Core/Src/stm32f1xx_hal_msp.o
 .debug_rnglists
                0x000003b6       0x6d ./Core/Src/stm32f1xx_it.o
 .debug_rnglists
                0x00000423       0x1a ./Core/Src/system_stm32f1xx.o
 .debug_rnglists
                0x0000043d       0x19 ./Core/Startup/startup_stm32f103c8tx.o
 .debug_rnglists
                0x00000456       0xa3 ./Drivers/STM32F1xx_HAL_Driver/Src/stm32f1xx_hal.o
 .debug_rnglists
                0x000004f9       0xed ./Drivers/STM32F1xx_HAL_Driver/Src/stm32f1xx_hal_can.o
 .debug_rnglists
                0x000005e6       0xbb ./Drivers/STM32F1xx_HAL_Driver/Src/stm32f1xx_hal_cortex.o
 .debug_rnglists
                0x000006a1       0x64 ./Drivers/STM32F1xx_HAL_Driver/Src/stm32f1xx_hal_dma.o
 .debug_rnglists
                0x00000705       0x66 ./Drivers/STM32F1xx_HAL_Driver/Src/stm32f1xx_hal_flash.o
 .debug_rnglists
                0x0000076b       0x73 ./Drivers/STM32F1xx_HAL_Driver/Src/stm32f1xx_hal_flash_ex.o
 .debug_rnglists
                0x000007de       0x3f ./Drivers/STM32F1xx_HAL_Driver/Src/stm32f1xx_hal_gpio.o
 .debug_rnglists
                0x0000081d       0x1a ./Drivers/STM32F1xx_HAL_Driver/Src/stm32f1xx_hal_iwdg.o
 .debug_rnglists
                0x00000837       0x6c ./Drivers/STM32F1xx_HAL_Driver/Src/stm32f1xx_hal_rcc.o
 .debug_rnglists
                0x000008a3      0x16e ./Drivers/STM32F1xx_HAL_Driver/Src/stm32f1xx_hal_spi.o
 .debug_rnglists
                0x00000a11      0x31a ./Drivers/STM32F1xx_HAL_Driver/Src/stm32f1xx_hal_tim.o
 .debug_rnglists
                0x00000d2b      0x125 ./Drivers/STM32F1xx_HAL_Driver/Src/stm32f1xx_hal_tim_ex.o
 .debug_rnglists
                0x00000e50      0x1bc ./Drivers/STM32F1xx_HAL_Driver/Src/stm32f1xx_hal_uart.o

.debug_macro    0x00000000    0x19728
 .debug_macro   0x00000000       0x9d ./Core/Src/Ethernet/W5500/w5500.o
 .debug_macro   0x0000009d      0xacc ./Core/Src/Ethernet/W5500/w5500.o
 .debug_macro   0x00000b69       0x22 ./Core/Src/Ethernet/W5500/w5500.o
 .debug_macro   0x00000b8b       0x8e ./Core/Src/Ethernet/W5500/w5500.o
 .debug_macro   0x00000c19       0x51 ./Core/Src/Ethernet/W5500/w5500.o
 .debug_macro   0x00000c6a      0x103 ./Core/Src/Ethernet/W5500/w5500.o
 .debug_macro   0x00000d6d       0x6a ./Core/Src/Ethernet/W5500/w5500.o
 .debug_macro   0x00000dd7      0x1df ./Core/Src/Ethernet/W5500/w5500.o
 .debug_macro   0x00000fb6       0x6c ./Core/Src/Ethernet/W5500/w5500.o
 .debug_macro   0x00001022       0x66 ./Core/Src/Ethernet/W5500/w5500.o
 .debug_macro   0x00001088      0x5e7 ./Core/Src/Ethernet/W5500/w5500.o
 .debug_macro   0x0000166f      0x2bb ./Core/Src/Ethernet/W5500_SPI.o
 .debug_macro   0x0000192a      0x233 ./Core/Src/Ethernet/W5500_SPI.o
 .debug_macro   0x00001b5d       0x2e ./Core/Src/Ethernet/W5500_SPI.o
 .debug_macro   0x00001b8b       0x22 ./Core/Src/Ethernet/W5500_SPI.o
 .debug_macro   0x00001bad       0x1c ./Core/Src/Ethernet/W5500_SPI.o
 .debug_macro   0x00001bc9       0x22 ./Core/Src/Ethernet/W5500_SPI.o
 .debug_macro   0x00001beb       0xbd ./Core/Src/Ethernet/W5500_SPI.o
 .debug_macro   0x00001ca8      0xd23 ./Core/Src/Ethernet/W5500_SPI.o
 .debug_macro   0x000029cb     0xe09e ./Core/Src/Ethernet/W5500_SPI.o
 .debug_macro   0x00010a69       0x6d ./Core/Src/Ethernet/W5500_SPI.o
 .debug_macro   0x00010ad6     0x34a2 ./Core/Src/Ethernet/W5500_SPI.o
 .debug_macro   0x00013f78      0x190 ./Core/Src/Ethernet/W5500_SPI.o
 .debug_macro   0x00014108       0x5c ./Core/Src/Ethernet/W5500_SPI.o
 .debug_macro   0x00014164      0x5bc ./Core/Src/Ethernet/W5500_SPI.o
 .debug_macro   0x00014720      0x289 ./Core/Src/Ethernet/W5500_SPI.o
 .debug_macro   0x000149a9      0x1cb ./Core/Src/Ethernet/W5500_SPI.o
 .debug_macro   0x00014b74      0x114 ./Core/Src/Ethernet/W5500_SPI.o
 .debug_macro   0x00014c88      0x1b2 ./Core/Src/Ethernet/W5500_SPI.o
 .debug_macro   0x00014e3a       0x27 ./Core/Src/Ethernet/W5500_SPI.o
 .debug_macro   0x00014e61      0x136 ./Core/Src/Ethernet/W5500_SPI.o
 .debug_macro   0x00014f97      0x1bc ./Core/Src/Ethernet/W5500_SPI.o
 .debug_macro   0x00015153       0x34 ./Core/Src/Ethernet/W5500_SPI.o
 .debug_macro   0x00015187       0x3c ./Core/Src/Ethernet/W5500_SPI.o
 .debug_macro   0x000151c3      0x408 ./Core/Src/Ethernet/W5500_SPI.o
 .debug_macro   0x000155cb       0x57 ./Core/Src/Ethernet/W5500_SPI.o
 .debug_macro   0x00015622       0x87 ./Core/Src/Ethernet/W5500_SPI.o
 .debug_macro   0x000156a9      0x240 ./Core/Src/Ethernet/W5500_SPI.o
 .debug_macro   0x000158e9       0x78 ./Core/Src/Ethernet/W5500_SPI.o
 .debug_macro   0x00015961      0x140 ./Core/Src/Ethernet/W5500_SPI.o
 .debug_macro   0x00015aa1      0x217 ./Core/Src/Ethernet/W5500_SPI.o
 .debug_macro   0x00015cb8      0x8ed ./Core/Src/Ethernet/W5500_SPI.o
 .debug_macro   0x000165a5      0x28e ./Core/Src/Ethernet/W5500_SPI.o
 .debug_macro   0x00016833       0x83 ./Core/Src/Ethernet/W5500_SPI.o
 .debug_macro   0x000168b6       0x61 ./Core/Src/Ethernet/W5500_SPI.o
 .debug_macro   0x00016917       0x24 ./Core/Src/Ethernet/W5500_SPI.o
 .debug_macro   0x0001693b       0x43 ./Core/Src/Ethernet/W5500_SPI.o
 .debug_macro   0x0001697e       0x34 ./Core/Src/Ethernet/W5500_SPI.o
 .debug_macro   0x000169b2       0x16 ./Core/Src/Ethernet/W5500_SPI.o
 .debug_macro   0x000169c8       0x3c ./Core/Src/Ethernet/W5500_SPI.o
 .debug_macro   0x00016a04      0x370 ./Core/Src/Ethernet/W5500_SPI.o
 .debug_macro   0x00016d74       0x10 ./Core/Src/Ethernet/W5500_SPI.o
 .debug_macro   0x00016d84       0x16 ./Core/Src/Ethernet/W5500_SPI.o
 .debug_macro   0x00016d9a       0x4a ./Core/Src/Ethernet/W5500_SPI.o
 .debug_macro   0x00016de4       0x34 ./Core/Src/Ethernet/W5500_SPI.o
 .debug_macro   0x00016e18       0x10 ./Core/Src/Ethernet/W5500_SPI.o
 .debug_macro   0x00016e28       0x58 ./Core/Src/Ethernet/W5500_SPI.o
 .debug_macro   0x00016e80       0x8e ./Core/Src/Ethernet/W5500_SPI.o
 .debug_macro   0x00016f0e       0x1c ./Core/Src/Ethernet/W5500_SPI.o
 .debug_macro   0x00016f2a      0x185 ./Core/Src/Ethernet/W5500_SPI.o
 .debug_macro   0x000170af       0x16 ./Core/Src/Ethernet/W5500_SPI.o
 .debug_macro   0x000170c5       0x16 ./Core/Src/Ethernet/W5500_SPI.o
 .debug_macro   0x000170db      0x146 ./Core/Src/Ethernet/W5500_SPI.o
 .debug_macro   0x00017221       0xb8 ./Core/Src/Ethernet/socket.o
 .debug_macro   0x000172d9       0x94 ./Core/Src/Ethernet/wizchip_conf.o
 .debug_macro   0x0001736d      0x1d9 ./Core/Src/W25Qxx.o
 .debug_macro   0x00017546       0x82 ./Core/Src/W25Qxx.o
 .debug_macro   0x000175c8       0x16 ./Core/Src/W25Qxx.o
 .debug_macro   0x000175de      0x38d ./Core/Src/main.o
 .debug_macro   0x0001796b       0x16 ./Core/Src/main.o
 .debug_macro   0x00017981       0x20 ./Core/Src/main.o
 .debug_macro   0x000179a1       0x16 ./Core/Src/main.o
 .debug_macro   0x000179b7       0x16 ./Core/Src/main.o
 .debug_macro   0x000179cd       0x29 ./Core/Src/main.o
 .debug_macro   0x000179f6       0x22 ./Core/Src/main.o
 .debug_macro   0x00017a18      0x1d0 ./Core/Src/stm32f1xx_hal_msp.o
 .debug_macro   0x00017be8      0x1da ./Core/Src/stm32f1xx_it.o
 .debug_macro   0x00017dc2      0x1c1 ./Core/Src/system_stm32f1xx.o
 .debug_macro   0x00017f83      0x1e5 ./Drivers/STM32F1xx_HAL_Driver/Src/stm32f1xx_hal.o
 .debug_macro   0x00018168      0x1d0 ./Drivers/STM32F1xx_HAL_Driver/Src/stm32f1xx_hal_can.o
 .debug_macro   0x00018338      0x1c1 ./Drivers/STM32F1xx_HAL_Driver/Src/stm32f1xx_hal_cortex.o
 .debug_macro   0x000184f9      0x1c1 ./Drivers/STM32F1xx_HAL_Driver/Src/stm32f1xx_hal_dma.o
 .debug_macro   0x000186ba      0x1c1 ./Drivers/STM32F1xx_HAL_Driver/Src/stm32f1xx_hal_flash.o
 .debug_macro   0x0001887b      0x1d3 ./Drivers/STM32F1xx_HAL_Driver/Src/stm32f1xx_hal_flash_ex.o
 .debug_macro   0x00018a4e      0x22c ./Drivers/STM32F1xx_HAL_Driver/Src/stm32f1xx_hal_gpio.o
 .debug_macro   0x00018c7a      0x1cd ./Drivers/STM32F1xx_HAL_Driver/Src/stm32f1xx_hal_iwdg.o
 .debug_macro   0x00018e47      0x1d3 ./Drivers/STM32F1xx_HAL_Driver/Src/stm32f1xx_hal_rcc.o
 .debug_macro   0x0001901a      0x1c9 ./Drivers/STM32F1xx_HAL_Driver/Src/stm32f1xx_hal_spi.o
 .debug_macro   0x000191e3      0x1c2 ./Drivers/STM32F1xx_HAL_Driver/Src/stm32f1xx_hal_tim.o
 .debug_macro   0x000193a5      0x1c1 ./Drivers/STM32F1xx_HAL_Driver/Src/stm32f1xx_hal_tim_ex.o
 .debug_macro   0x00019566      0x1c2 ./Drivers/STM32F1xx_HAL_Driver/Src/stm32f1xx_hal_uart.o

.debug_line     0x00000000    0x1722d
 .debug_line    0x00000000      0x85c ./Core/Src/Ethernet/W5500/w5500.o
 .debug_line    0x0000085c      0xa04 ./Core/Src/Ethernet/W5500_SPI.o
 .debug_line    0x00001260      0xfe8 ./Core/Src/Ethernet/socket.o
 .debug_line    0x00002248      0xc6e ./Core/Src/Ethernet/wizchip_conf.o
 .debug_line    0x00002eb6      0xd89 ./Core/Src/W25Qxx.o
 .debug_line    0x00003c3f     0x2040 ./Core/Src/main.o
 .debug_line    0x00005c7f      0x900 ./Core/Src/stm32f1xx_hal_msp.o
 .debug_line    0x0000657f      0x899 ./Core/Src/stm32f1xx_it.o
 .debug_line    0x00006e18      0x7c1 ./Core/Src/system_stm32f1xx.o
 .debug_line    0x000075d9       0x78 ./Core/Startup/startup_stm32f103c8tx.o
 .debug_line    0x00007651      0x9f2 ./Drivers/STM32F1xx_HAL_Driver/Src/stm32f1xx_hal.o
 .debug_line    0x00008043     0x11eb ./Drivers/STM32F1xx_HAL_Driver/Src/stm32f1xx_hal_can.o
 .debug_line    0x0000922e      0xbbc ./Drivers/STM32F1xx_HAL_Driver/Src/stm32f1xx_hal_cortex.o
 .debug_line    0x00009dea      0xdfc ./Drivers/STM32F1xx_HAL_Driver/Src/stm32f1xx_hal_dma.o
 .debug_line    0x0000abe6      0xaa6 ./Drivers/STM32F1xx_HAL_Driver/Src/stm32f1xx_hal_flash.o
 .debug_line    0x0000b68c      0xbb9 ./Drivers/STM32F1xx_HAL_Driver/Src/stm32f1xx_hal_flash_ex.o
 .debug_line    0x0000c245      0xa4f ./Drivers/STM32F1xx_HAL_Driver/Src/stm32f1xx_hal_gpio.o
 .debug_line    0x0000cc94      0x7c1 ./Drivers/STM32F1xx_HAL_Driver/Src/stm32f1xx_hal_iwdg.o
 .debug_line    0x0000d455      0xeab ./Drivers/STM32F1xx_HAL_Driver/Src/stm32f1xx_hal_rcc.o
 .debug_line    0x0000e300     0x1c89 ./Drivers/STM32F1xx_HAL_Driver/Src/stm32f1xx_hal_spi.o
 .debug_line    0x0000ff89     0x34e0 ./Drivers/STM32F1xx_HAL_Driver/Src/stm32f1xx_hal_tim.o
 .debug_line    0x00013469     0x18b6 ./Drivers/STM32F1xx_HAL_Driver/Src/stm32f1xx_hal_tim_ex.o
 .debug_line    0x00014d1f     0x250e ./Drivers/STM32F1xx_HAL_Driver/Src/stm32f1xx_hal_uart.o

.debug_str      0x00000000    0x93856
 .debug_str     0x00000000    0x93856 ./Core/Src/Ethernet/W5500/w5500.o
                               0x6a8c (size before relaxing)
 .debug_str     0x00093856    0x8dab8 ./Core/Src/Ethernet/W5500_SPI.o
 .debug_str     0x00093856     0x70df ./Core/Src/Ethernet/socket.o
 .debug_str     0x00093856     0x7385 ./Core/Src/Ethernet/wizchip_conf.o
 .debug_str     0x00093856    0x87a94 ./Core/Src/W25Qxx.o
 .debug_str     0x00093856    0x8f965 ./Core/Src/main.o
 .debug_str     0x00093856    0x8830d ./Core/Src/stm32f1xx_hal_msp.o
 .debug_str     0x00093856    0x87e38 ./Core/Src/stm32f1xx_it.o
 .debug_str     0x00093856    0x8721c ./Core/Src/system_stm32f1xx.o
 .debug_str     0x00093856       0x68 ./Core/Startup/startup_stm32f103c8tx.o
 .debug_str     0x00093856    0x8794f ./Drivers/STM32F1xx_HAL_Driver/Src/stm32f1xx_hal.o
 .debug_str     0x00093856    0x87a24 ./Drivers/STM32F1xx_HAL_Driver/Src/stm32f1xx_hal_can.o
 .debug_str     0x00093856    0x8789b ./Drivers/STM32F1xx_HAL_Driver/Src/stm32f1xx_hal_cortex.o
 .debug_str     0x00093856    0x875c5 ./Drivers/STM32F1xx_HAL_Driver/Src/stm32f1xx_hal_dma.o
 .debug_str     0x00093856    0x874f7 ./Drivers/STM32F1xx_HAL_Driver/Src/stm32f1xx_hal_flash.o
 .debug_str     0x00093856    0x876a5 ./Drivers/STM32F1xx_HAL_Driver/Src/stm32f1xx_hal_flash_ex.o
 .debug_str     0x00093856    0x875a2 ./Drivers/STM32F1xx_HAL_Driver/Src/stm32f1xx_hal_gpio.o
 .debug_str     0x00093856    0x872e7 ./Drivers/STM32F1xx_HAL_Driver/Src/stm32f1xx_hal_iwdg.o
 .debug_str     0x00093856    0x8764b ./Drivers/STM32F1xx_HAL_Driver/Src/stm32f1xx_hal_rcc.o
 .debug_str     0x00093856    0x87b42 ./Drivers/STM32F1xx_HAL_Driver/Src/stm32f1xx_hal_spi.o
 .debug_str     0x00093856    0x8864d ./Drivers/STM32F1xx_HAL_Driver/Src/stm32f1xx_hal_tim.o
 .debug_str     0x00093856    0x87e59 ./Drivers/STM32F1xx_HAL_Driver/Src/stm32f1xx_hal_tim_ex.o
 .debug_str     0x00093856    0x87cbc ./Drivers/STM32F1xx_HAL_Driver/Src/stm32f1xx_hal_uart.o

.comment        0x00000000       0x43
 .comment       0x00000000       0x43 ./Core/Src/Ethernet/W5500/w5500.o
                                 0x44 (size before relaxing)
 .comment       0x00000043       0x44 ./Core/Src/Ethernet/W5500_SPI.o
 .comment       0x00000043       0x44 ./Core/Src/Ethernet/socket.o
 .comment       0x00000043       0x44 ./Core/Src/Ethernet/wizchip_conf.o
 .comment       0x00000043       0x44 ./Core/Src/W25Qxx.o
 .comment       0x00000043       0x44 ./Core/Src/main.o
 .comment       0x00000043       0x44 ./Core/Src/stm32f1xx_hal_msp.o
 .comment       0x00000043       0x44 ./Core/Src/stm32f1xx_it.o
 .comment       0x00000043       0x44 ./Core/Src/system_stm32f1xx.o
 .comment       0x00000043       0x44 ./Drivers/STM32F1xx_HAL_Driver/Src/stm32f1xx_hal.o
 .comment       0x00000043       0x44 ./Drivers/STM32F1xx_HAL_Driver/Src/stm32f1xx_hal_can.o
 .comment       0x00000043       0x44 ./Drivers/STM32F1xx_HAL_Driver/Src/stm32f1xx_hal_cortex.o
 .comment       0x00000043       0x44 ./Drivers/STM32F1xx_HAL_Driver/Src/stm32f1xx_hal_dma.o
 .comment       0x00000043       0x44 ./Drivers/STM32F1xx_HAL_Driver/Src/stm32f1xx_hal_flash.o
 .comment       0x00000043       0x44 ./Drivers/STM32F1xx_HAL_Driver/Src/stm32f1xx_hal_flash_ex.o
 .comment       0x00000043       0x44 ./Drivers/STM32F1xx_HAL_Driver/Src/stm32f1xx_hal_gpio.o
 .comment       0x00000043       0x44 ./Drivers/STM32F1xx_HAL_Driver/Src/stm32f1xx_hal_iwdg.o
 .comment       0x00000043       0x44 ./Drivers/STM32F1xx_HAL_Driver/Src/stm32f1xx_hal_rcc.o
 .comment       0x00000043       0x44 ./Drivers/STM32F1xx_HAL_Driver/Src/stm32f1xx_hal_spi.o
 .comment       0x00000043       0x44 ./Drivers/STM32F1xx_HAL_Driver/Src/stm32f1xx_hal_tim.o
 .comment       0x00000043       0x44 ./Drivers/STM32F1xx_HAL_Driver/Src/stm32f1xx_hal_tim_ex.o
 .comment       0x00000043       0x44 ./Drivers/STM32F1xx_HAL_Driver/Src/stm32f1xx_hal_uart.o

.debug_frame    0x00000000     0x56b0
 .debug_frame   0x00000000      0x16c ./Core/Src/Ethernet/W5500/w5500.o
 .debug_frame   0x0000016c      0x100 ./Core/Src/Ethernet/W5500_SPI.o
 .debug_frame   0x0000026c      0x1d4 ./Core/Src/Ethernet/socket.o
 .debug_frame   0x00000440      0x534 ./Core/Src/Ethernet/wizchip_conf.o
 .debug_frame   0x00000974      0x428 ./Core/Src/W25Qxx.o
 .debug_frame   0x00000d9c      0x488 ./Core/Src/main.o
 .debug_frame   0x00001224      0x158 ./Core/Src/stm32f1xx_hal_msp.o
 .debug_frame   0x0000137c      0x1c8 ./Core/Src/stm32f1xx_it.o
 .debug_frame   0x00001544       0x58 ./Core/Src/system_stm32f1xx.o
 .debug_frame   0x0000159c      0x334 ./Drivers/STM32F1xx_HAL_Driver/Src/stm32f1xx_hal.o
 .debug_frame   0x000018d0      0x5a0 ./Drivers/STM32F1xx_HAL_Driver/Src/stm32f1xx_hal_can.o
 .debug_frame   0x00001e70      0x428 ./Drivers/STM32F1xx_HAL_Driver/Src/stm32f1xx_hal_cortex.o
 .debug_frame   0x00002298      0x208 ./Drivers/STM32F1xx_HAL_Driver/Src/stm32f1xx_hal_dma.o
 .debug_frame   0x000024a0      0x20c ./Drivers/STM32F1xx_HAL_Driver/Src/stm32f1xx_hal_flash.o
 .debug_frame   0x000026ac      0x258 ./Drivers/STM32F1xx_HAL_Driver/Src/stm32f1xx_hal_flash_ex.o
 .debug_frame   0x00002904      0x14c ./Drivers/STM32F1xx_HAL_Driver/Src/stm32f1xx_hal_gpio.o
 .debug_frame   0x00002a50       0x5c ./Drivers/STM32F1xx_HAL_Driver/Src/stm32f1xx_hal_iwdg.o
 .debug_frame   0x00002aac      0x218 ./Drivers/STM32F1xx_HAL_Driver/Src/stm32f1xx_hal_rcc.o
 .debug_frame   0x00002cc4      0x824 ./Drivers/STM32F1xx_HAL_Driver/Src/stm32f1xx_hal_spi.o
 .debug_frame   0x000034e8     0x11b8 ./Drivers/STM32F1xx_HAL_Driver/Src/stm32f1xx_hal_tim.o