Archive member included to satisfy reference by file (symbol)

C:/ST/STM32CubeIDE_1.18.1/STM32CubeIDE/plugins/com.st.stm32cube.ide.mcu.externaltools.gnu-tools-for-stm32.13.3.rel1.win32_1.0.0.202411081344/tools/bin/../lib/gcc/arm-none-eabi/13.3.1/../../../../arm-none-eabi/lib/thumb/v7-m/nofp\libc_nano.a(libc_a-exit.o)
                              C:/ST/STM32CubeIDE_1.18.1/STM32CubeIDE/plugins/com.st.stm32cube.ide.mcu.externaltools.gnu-tools-for-stm32.13.3.rel1.win32_1.0.0.202411081344/tools/bin/../lib/gcc/arm-none-eabi/13.3.1/../../../../arm-none-eabi/lib/thumb/v7-m/nofp/crt0.o (exit)
C:/ST/STM32CubeIDE_1.18.1/STM32CubeIDE/plugins/com.st.stm32cube.ide.mcu.externaltools.gnu-tools-for-stm32.13.3.rel1.win32_1.0.0.202411081344/tools/bin/../lib/gcc/arm-none-eabi/13.3.1/../../../../arm-none-eabi/lib/thumb/v7-m/nofp\libc_nano.a(libc_a-findfp.o)
                              C:/ST/STM32CubeIDE_1.18.1/STM32CubeIDE/plugins/com.st.stm32cube.ide.mcu.externaltools.gnu-tools-for-stm32.13.3.rel1.win32_1.0.0.202411081344/tools/bin/../lib/gcc/arm-none-eabi/13.3.1/../../../../arm-none-eabi/lib/thumb/v7-m/nofp\libc_nano.a(libc_a-exit.o) (__stdio_exit_handler)
C:/ST/STM32CubeIDE_1.18.1/STM32CubeIDE/plugins/com.st.stm32cube.ide.mcu.externaltools.gnu-tools-for-stm32.13.3.rel1.win32_1.0.0.202411081344/tools/bin/../lib/gcc/arm-none-eabi/13.3.1/../../../../arm-none-eabi/lib/thumb/v7-m/nofp\libc_nano.a(libc_a-fwalk.o)
                              C:/ST/STM32CubeIDE_1.18.1/STM32CubeIDE/plugins/com.st.stm32cube.ide.mcu.externaltools.gnu-tools-for-stm32.13.3.rel1.win32_1.0.0.202411081344/tools/bin/../lib/gcc/arm-none-eabi/13.3.1/../../../../arm-none-eabi/lib/thumb/v7-m/nofp\libc_nano.a(libc_a-findfp.o) (_fwalk_sglue)
C:/ST/STM32CubeIDE_1.18.1/STM32CubeIDE/plugins/com.st.stm32cube.ide.mcu.externaltools.gnu-tools-for-stm32.13.3.rel1.win32_1.0.0.202411081344/tools/bin/../lib/gcc/arm-none-eabi/13.3.1/../../../../arm-none-eabi/lib/thumb/v7-m/nofp\libc_nano.a(libc_a-stdio.o)
                              C:/ST/STM32CubeIDE_1.18.1/STM32CubeIDE/plugins/com.st.stm32cube.ide.mcu.externaltools.gnu-tools-for-stm32.13.3.rel1.win32_1.0.0.202411081344/tools/bin/../lib/gcc/arm-none-eabi/13.3.1/../../../../arm-none-eabi/lib/thumb/v7-m/nofp\libc_nano.a(libc_a-findfp.o) (__sread)
C:/ST/STM32CubeIDE_1.18.1/STM32CubeIDE/plugins/com.st.stm32cube.ide.mcu.externaltools.gnu-tools-for-stm32.13.3.rel1.win32_1.0.0.202411081344/tools/bin/../lib/gcc/arm-none-eabi/13.3.1/../../../../arm-none-eabi/lib/thumb/v7-m/nofp\libc_nano.a(libc_a-memset.o)
                              C:/ST/STM32CubeIDE_1.18.1/STM32CubeIDE/plugins/com.st.stm32cube.ide.mcu.externaltools.gnu-tools-for-stm32.13.3.rel1.win32_1.0.0.202411081344/tools/bin/../lib/gcc/arm-none-eabi/13.3.1/../../../../arm-none-eabi/lib/thumb/v7-m/nofp/crt0.o (memset)
C:/ST/STM32CubeIDE_1.18.1/STM32CubeIDE/plugins/com.st.stm32cube.ide.mcu.externaltools.gnu-tools-for-stm32.13.3.rel1.win32_1.0.0.202411081344/tools/bin/../lib/gcc/arm-none-eabi/13.3.1/../../../../arm-none-eabi/lib/thumb/v7-m/nofp\libc_nano.a(libc_a-strcat.o)
                              ./Core/Src/main.o (strcat)
C:/ST/STM32CubeIDE_1.18.1/STM32CubeIDE/plugins/com.st.stm32cube.ide.mcu.externaltools.gnu-tools-for-stm32.13.3.rel1.win32_1.0.0.202411081344/tools/bin/../lib/gcc/arm-none-eabi/13.3.1/../../../../arm-none-eabi/lib/thumb/v7-m/nofp\libc_nano.a(libc_a-closer.o)
                              C:/ST/STM32CubeIDE_1.18.1/STM32CubeIDE/plugins/com.st.stm32cube.ide.mcu.externaltools.gnu-tools-for-stm32.13.3.rel1.win32_1.0.0.202411081344/tools/bin/../lib/gcc/arm-none-eabi/13.3.1/../../../../arm-none-eabi/lib/thumb/v7-m/nofp\libc_nano.a(libc_a-stdio.o) (_close_r)
C:/ST/STM32CubeIDE_1.18.1/STM32CubeIDE/plugins/com.st.stm32cube.ide.mcu.externaltools.gnu-tools-for-stm32.13.3.rel1.win32_1.0.0.202411081344/tools/bin/../lib/gcc/arm-none-eabi/13.3.1/../../../../arm-none-eabi/lib/thumb/v7-m/nofp\libc_nano.a(libc_a-reent.o)
                              C:/ST/STM32CubeIDE_1.18.1/STM32CubeIDE/plugins/com.st.stm32cube.ide.mcu.externaltools.gnu-tools-for-stm32.13.3.rel1.win32_1.0.0.202411081344/tools/bin/../lib/gcc/arm-none-eabi/13.3.1/../../../../arm-none-eabi/lib/thumb/v7-m/nofp\libc_nano.a(libc_a-closer.o) (errno)
C:/ST/STM32CubeIDE_1.18.1/STM32CubeIDE/plugins/com.st.stm32cube.ide.mcu.externaltools.gnu-tools-for-stm32.13.3.rel1.win32_1.0.0.202411081344/tools/bin/../lib/gcc/arm-none-eabi/13.3.1/../../../../arm-none-eabi/lib/thumb/v7-m/nofp\libc_nano.a(libc_a-impure.o)
                              C:/ST/STM32CubeIDE_1.18.1/STM32CubeIDE/plugins/com.st.stm32cube.ide.mcu.externaltools.gnu-tools-for-stm32.13.3.rel1.win32_1.0.0.202411081344/tools/bin/../lib/gcc/arm-none-eabi/13.3.1/../../../../arm-none-eabi/lib/thumb/v7-m/nofp\libc_nano.a(libc_a-reent.o) (_impure_ptr)
[...]
Memory Configuration

Name             Origin             Length             Attributes
RAM              0x20000000         0x00005000         xrw
FLASH            0x08000000         0x00010000         xr
*default*        0x00000000         0xffffffff

Linker script and memory map

LOAD C:/ST/STM32CubeIDE_1.18.1/STM32CubeIDE/plugins/com.st.stm32cube.ide.mcu.externaltools.gnu-tools-for-stm32.13.3.rel1.win32_1.0.0.202411081344/tools/bin/../lib/gcc/arm-none-eabi/13.3.1/thumb/v7-m/nofp/crti.o
LOAD C:/ST/STM32CubeIDE_1.18.1/STM32CubeIDE/plugins/com.st.stm32cube.ide.mcu.externaltools.gnu-tools-for-stm32.13.3.rel1.win32_1.0.0.202411081344/tools/bin/../lib/gcc/arm-none-eabi/13.3.1/thumb/v7-m/nofp/crtbegin.o
LOAD C:/ST/STM32CubeIDE_1.18.1/STM32CubeIDE/plugins/com.st.stm32cube.ide.mcu.externaltools.gnu-tools-for-stm32.13.3.rel1.win32_1.0.0.202411081344/tools/bin/../lib/gcc/arm-none-eabi/13.3.1/../../../../arm-none-eabi/lib/thumb/v7-m/nofp/crt0.o
LOAD ./Core/Src/Ethernet/W5500/w5500.o
LOAD ./Core/Src/Ethernet/W5500_SPI.o
LOAD ./Core/Src/Ethernet/dhcp.o
LOAD ./Core/Src/Ethernet/socket.o
LOAD ./Core/Src/Ethernet/wizchip_conf.o
LOAD ./Core/Src/W25Qxx.o
LOAD ./Core/Src/main.o
LOAD ./Core/Src/stm32f1xx_hal_msp.o
LOAD ./Core/Src/stm32f1xx_it.o
LOAD ./Core/Src/syscalls.o
LOAD ./Core/Src/sysmem.o
LOAD ./Core/Src/system_stm32f1xx.o
LOAD ./Core/Startup/startup_stm32f103c8tx.o
LOAD ./Drivers/STM32F1xx_HAL_Driver/Src/stm32f1xx_hal.o
LOAD ./Drivers/STM32F1xx_HAL_Driver/Src/stm32f1xx_hal_can.o
LOAD ./Drivers/STM32F1xx_HAL_Driver/Src/stm32f1xx_hal_cortex.o
LOAD ./Drivers/STM32F1xx_HAL_Driver/Src/stm32f1xx_hal_dma.o
LOAD ./Drivers/STM32F1xx_HAL_Driver/Src/stm32f1xx_hal_exti.o
LOAD ./Drivers/STM32F1xx_HAL_Driver/Src/stm32f1xx_hal_flash.o
LOAD ./Drivers/STM32F1xx_HAL_Driver/Src/stm32f1xx_hal_flash_ex.o
LOAD ./Drivers/STM32F1xx_HAL_Driver/Src/stm32f1xx_hal_gpio.o
LOAD ./Drivers/STM32F1xx_HAL_Driver/Src/stm32f1xx_hal_gpio_ex.o
LOAD ./Drivers/STM32F1xx_HAL_Driver/Src/stm32f1xx_hal_iwdg.o
LOAD ./Drivers/STM32F1xx_HAL_Driver/Src/stm32f1xx_hal_pwr.o
LOAD ./Drivers/STM32F1xx_HAL_Driver/Src/stm32f1xx_hal_rcc.o
LOAD ./Drivers/STM32F1xx_HAL_Driver/Src/stm32f1xx_hal_rcc_ex.o
LOAD ./Drivers/STM32F1xx_HAL_Driver/Src/stm32f1xx_hal_spi.o
LOAD ./Drivers/STM32F1xx_HAL_Driver/Src/stm32f1xx_hal_tim.o
LOAD ./Drivers/STM32F1xx_HAL_Driver/Src/stm32f1xx_hal_tim_ex.o
LOAD ./Drivers/STM32F1xx_HAL_Driver/Src/stm32f1xx_hal_uart.o
START GROUP
LOAD C:/ST/STM32CubeIDE_1.18.1/STM32CubeIDE/plugins/com.st.stm32cube.ide.mcu.externaltools.gnu-tools-for-stm32.13.3.rel1.win32_1.0.0.202411081344/tools/bin/../lib/gcc/arm-none-eabi/13.3.1/../../../../arm-none-eabi/lib/thumb/v7-m/nofp\libc_nano.a
LOAD C:/ST/STM32CubeIDE_1.18.1/STM32CubeIDE/plugins/com.st.stm32cube.ide.mcu.externaltools.gnu-tools-for-stm32.13.3.rel1.win32_1.0.0.202411081344/tools/bin/../lib/gcc/arm-none-eabi/13.3.1/../../../../arm-none-eabi/lib/thumb/v7-m/nofp\libm.a
END GROUP
START GROUP
LOAD C:/ST/STM32CubeIDE_1.18.1/STM32CubeIDE/plugins/com.st.stm32cube.ide.mcu.externaltools.gnu-tools-for-stm32.13.3.rel1.win32_1.0.0.202411081344/tools/bin/../lib/gcc/arm-none-eabi/13.3.1/thumb/v7-m/nofp\libgcc.a
LOAD C:/ST/STM32CubeIDE_1.18.1/STM32CubeIDE/plugins/com.st.stm32cube.ide.mcu.externaltools.gnu-tools-for-stm32.13.3.rel1.win32_1.0.0.202411081344/tools/bin/../lib/gcc/arm-none-eabi/13.3.1/../../../../arm-none-eabi/lib/thumb/v7-m/nofp\libc_nano.a
END GROUP
START GROUP
LOAD C:/ST/STM32CubeIDE_1.18.1/STM32CubeIDE/plugins/com.st.stm32cube.ide.mcu.externaltools.gnu-tools-for-stm32.13.3.rel1.win32_1.0.0.202411081344/tools/bin/../lib/gcc/arm-none-eabi/13.3.1/thumb/v7-m/nofp\libgcc.a
LOAD C:/ST/STM32CubeIDE_1.18.1/STM32CubeIDE/plugins/com.st.stm32cube.ide.mcu.externaltools.gnu-tools-for-stm32.13.3.rel1.win32_1.0.0.202411081344/tools/bin/../lib/gcc/arm-none-eabi/13.3.1/../../../../arm-none-eabi/lib/thumb/v7-m/nofp\libc_nano.a
LOAD C:/ST/STM32CubeIDE_1.18.1/STM32CubeIDE/plugins/com.st.stm32cube.ide.mcu.externaltools.gnu-tools-for-stm32.13.3.rel1.win32_1.0.0.202411081344/tools/bin/../lib/gcc/arm-none-eabi/13.3.1/../../../../arm-none-eabi/lib/thumb/v7-m/nofp\libnosys.a
END GROUP
START GROUP
LOAD C:/ST/STM32CubeIDE_1.18.1/STM32CubeIDE/plugins/com.st.stm32cube.ide.mcu.externaltools.gnu-tools-for-stm32.13.3.rel1.win32_1.0.0.202411081344/tools/bin/../lib/gcc/arm-none-eabi/13.3.1/thumb/v7-m/nofp\libgcc.a
LOAD C:/ST/STM32CubeIDE_1.18.1/STM32CubeIDE/plugins/com.st.stm32cube.ide.mcu.externaltools.gnu-tools-for-stm32.13.3.rel1.win32_1.0.0.202411081344/tools/bin/../lib/gcc/arm-none-eabi/13.3.1/../../../../arm-none-eabi/lib/thumb/v7-m/nofp\libc_nano.a
LOAD C:/ST/STM32CubeIDE_1.18.1/STM32CubeIDE/plugins/com.st.stm32cube.ide.mcu.externaltools.gnu-tools-for-stm32.13.3.rel1.win32_1.0.0.202411081344/tools/bin/../lib/gcc/arm-none-eabi/13.3.1/../../../../arm-none-eabi/lib/thumb/v7-m/nofp\libnosys.a
END GROUP
LOAD C:/ST/STM32CubeIDE_1.18.1/STM32CubeIDE/plugins/com.st.stm32cube.ide.mcu.externaltools.gnu-tools-for-stm32.13.3.rel1.win32_1.0.0.202411081344/tools/bin/../lib/gcc/arm-none-eabi/13.3.1/thumb/v7-m/nofp/crtend.o
LOAD C:/ST/STM32CubeIDE_1.18.1/STM32CubeIDE/plugins/com.st.stm32cube.ide.mcu.externaltools.gnu-tools-for-stm32.13.3.rel1.win32_1.0.0.202411081344/tools/bin/../lib/gcc/arm-none-eabi/13.3.1/thumb/v7-m/nofp/crtn.o
                0x20005000                        _estack = (ORIGIN (RAM) + LENGTH (RAM))
                0x00000200                        _Min_Heap_Size = 0x200
                0x00000400                        _Min_Stack_Size = 0x400

.isr_vector     0x08000000      0x10c
                0x08000000                        . = ALIGN (0x4)
 *(.isr_vector)
 .isr_vector    0x08000000      0x10c ./Core/Startup/startup_stm32f103c8tx.o
                0x08000000                g_pfnVectors
                0x0800010c                        . = ALIGN (0x4)

.text           0x0800010c     0x9a90
                0x0800010c                        . = ALIGN (0x4)
 *(.text)
 .text          0x0800010c       0x40 C:/ST/STM32CubeIDE_1.18.1/STM32CubeIDE/plugins/com.st.stm32cube.ide.mcu.externaltools.gnu-tools-for-stm32.13.3.rel1.win32_1.0.0.202411081344/tools/bin/../lib/gcc/arm-none-eabi/13.3.1/thumb/v7-m/nofp/crtbegin.o
 .text          0x0800014c       0x10 C:/ST/STM32CubeIDE_1.18.1/STM32CubeIDE/plugins/com.st.stm32cube.ide.mcu.externaltools.gnu-tools-for-stm32.13.3.rel1.win32_1.0.0.202411081344/tools/bin/../lib/gcc/arm-none-eabi/13.3.1/../../../../arm-none-eabi/lib/thumb/v7-m/nofp\libc_nano.a(libc_a-strlen.o)
                0x0800014c                strlen
 *(.text*)
 .text.WIZCHIP_READ
                0x0800015c       0x98 ./Core/Src/Ethernet/W5500/w5500.o
                0x0800015c                WIZCHIP_READ
 .text.WIZCHIP_WRITE
                0x080001f4       0x9c ./Core/Src/Ethernet/W5500/w5500.o
                0x080001f4                WIZCHIP_WRITE
 .text.WIZCHIP_READ_BUF
                0x08000290       0xc0 ./Core/Src/Ethernet/W5500/w5500.o
                0x08000290                WIZCHIP_READ_BUF
 .text.WIZCHIP_WRITE_BUF
                0x08000350       0xc0 ./Core/Src/Ethernet/W5500/w5500.o
                0x08000350                WIZCHIP_WRITE_BUF
 .text.getSn_TX_FSR
                0x08000410       0x92 ./Core/Src/Ethernet/W5500/w5500.o
                0x08000410                getSn_TX_FSR
 .text.getSn_RX_RSR
                0x080004a2       0x92 ./Core/Src/Ethernet/W5500/w5500.o
                0x080004a2                getSn_RX_RSR
 .text.wiz_send_data
                0x08000534       0xb4 ./Core/Src/Ethernet/W5500/w5500.o
                0x08000534                wiz_send_data
 .text.wiz_recv_data
                0x080005e8       0xb4 ./Core/Src/Ethernet/W5500/w5500.o
                0x080005e8                wiz_recv_data
 .text.wizchip_select
                0x0800069c       0x18 ./Core/Src/Ethernet/W5500_SPI.o
                0x0800069c                wizchip_select
 .text.wizchip_deselect
                0x080006b4       0x18 ./Core/Src/Ethernet/W5500_SPI.o
                0x080006b4                wizchip_deselect
 .text.wizchip_read
                0x080006cc       0x24 ./Core/Src/Ethernet/W5500_SPI.o
                0x080006cc                wizchip_read
 .text.wizchip_write
                0x080006f0       0x24 ./Core/Src/Ethernet/W5500_SPI.o
                0x080006f0                wizchip_write
 .text.wizchip_readburst
                0x08000714       0x28 ./Core/Src/Ethernet/W5500_SPI.o
                0x08000714                wizchip_readburst
 .text.wizchip_writeburst
                0x0800073c       0x28 ./Core/Src/Ethernet/W5500_SPI.o
                0x0800073c                wizchip_writeburst
 .text.W5500Init
                0x08000764       0x98 ./Core/Src/Ethernet/W5500_SPI.o
                0x08000764                W5500Init
 .text.socket   0x080007fc      0x228 ./Core/Src/Ethernet/socket.o
                0x080007fc                socket
 .text.close    0x08000a24       0xf4 ./Core/Src/Ethernet/socket.o
                0x08000a24                close
 .text.connect  0x08000b18      0x1d0 ./Core/Src/Ethernet/socket.o
                0x08000b18                connect
 .text.disconnect
                0x08000ce8      0x108 ./Core/Src/Ethernet/socket.o
                0x08000ce8                disconnect
 .text.send     0x08000df0      0x1f0 ./Core/Src/Ethernet/socket.o
                0x08000df0                send
 .text.recv     0x08000fe0      0x168 ./Core/Src/Ethernet/socket.o
                0x08000fe0                recv
 .text.wizchip_cris_enter
                0x08001148        0xc ./Core/Src/Ethernet/wizchip_conf.o
                0x08001148                wizchip_cris_enter
 .text.wizchip_cris_exit
                0x08001154        0xc ./Core/Src/Ethernet/wizchip_conf.o
                0x08001154                wizchip_cris_exit
 .text.wizchip_cs_select
                0x08001160        0xc ./Core/Src/Ethernet/wizchip_conf.o
                0x08001160                wizchip_cs_select
 .text.wizchip_cs_deselect
                0x0800116c        0xc ./Core/Src/Ethernet/wizchip_conf.o
                0x0800116c                wizchip_cs_deselect
 .text.wizchip_bus_readdata
                0x08001178       0x18 ./Core/Src/Ethernet/wizchip_conf.o
                0x08001178                wizchip_bus_readdata
 .text.wizchip_bus_writedata
                0x08001190       0x1c ./Core/Src/Ethernet/wizchip_conf.o
                0x08001190                wizchip_bus_writedata
 .text.wizchip_spi_readbyte
                0x080011ac        0xe ./Core/Src/Ethernet/wizchip_conf.o
                0x080011ac                wizchip_spi_readbyte
 .text.wizchip_spi_writebyte
                0x080011ba       0x14 ./Core/Src/Ethernet/wizchip_conf.o
                0x080011ba                wizchip_spi_writebyte
 .text.wizchip_spi_readburst
                0x080011ce       0x16 ./Core/Src/Ethernet/wizchip_conf.o
                0x080011ce                wizchip_spi_readburst
 .text.wizchip_spi_writeburst
                0x080011e4       0x16 ./Core/Src/Ethernet/wizchip_conf.o
                0x080011e4                wizchip_spi_writeburst
 *fill*         0x080011fa        0x2 
 .text.reg_wizchip_cs_cbfunc
                0x080011fc       0x48 ./Core/Src/Ethernet/wizchip_conf.o
                0x080011fc                reg_wizchip_cs_cbfunc
 .text.reg_wizchip_spi_cbfunc
                0x08001244       0x58 ./Core/Src/Ethernet/wizchip_conf.o
                0x08001244                reg_wizchip_spi_cbfunc
 .text.reg_wizchip_spiburst_cbfunc
                0x0800129c       0x58 ./Core/Src/Ethernet/wizchip_conf.o
                0x0800129c                reg_wizchip_spiburst_cbfunc
 .text.ctlwizchip
                0x080012f4      0x1c0 ./Core/Src/Ethernet/wizchip_conf.o
                0x080012f4                ctlwizchip
 .text.wizchip_sw_reset
                0x080014b4       0x98 ./Core/Src/Ethernet/wizchip_conf.o
                0x080014b4                wizchip_sw_reset
 .text.wizchip_init
                0x0800154c      0x118 ./Core/Src/Ethernet/wizchip_conf.o
                0x0800154c                wizchip_init
 .text.wizchip_clrinterrupt
                0x08001664       0x68 ./Core/Src/Ethernet/wizchip_conf.o
                0x08001664                wizchip_clrinterrupt
 .text.wizchip_getinterrupt
                0x080016cc       0x4a ./Core/Src/Ethernet/wizchip_conf.o
                0x080016cc                wizchip_getinterrupt
 .text.wizchip_setinterruptmask
                0x08001716       0x36 ./Core/Src/Ethernet/wizchip_conf.o
                0x08001716                wizchip_setinterruptmask
 .text.wizchip_getinterruptmask
                0x0800174c       0x46 ./Core/Src/Ethernet/wizchip_conf.o
                0x0800174c                wizchip_getinterruptmask
 .text.wizphy_getphylink
                0x08001792       0x2c ./Core/Src/Ethernet/wizchip_conf.o
                0x08001792                wizphy_getphylink
 .text.wizphy_getphypmode
                0x080017be       0x32 ./Core/Src/Ethernet/wizchip_conf.o
                0x080017be                wizphy_getphypmode
 .text.wizphy_reset
                0x080017f0       0x4e ./Core/Src/Ethernet/wizchip_conf.o
                0x080017f0                wizphy_reset
 .text.wizphy_setphyconf
                0x0800183e       0x84 ./Core/Src/Ethernet/wizchip_conf.o
                0x0800183e                wizphy_setphyconf
 *fill*         0x080018c2        0x2 
 .text.wizphy_getphyconf
                0x080018c4       0xd4 ./Core/Src/Ethernet/wizchip_conf.o
                0x080018c4                wizphy_getphyconf
 .text.wizphy_setphypmode
                0x08001998       0x94 ./Core/Src/Ethernet/wizchip_conf.o
                0x08001998                wizphy_setphypmode
 .text.wizchip_setnetinfo
                0x08001a2c       0x80 ./Core/Src/Ethernet/wizchip_conf.o
                0x08001a2c                wizchip_setnetinfo
 .text.csLOW    0x08001aac       0x18 ./Core/Src/W25Qxx.o
                0x08001aac                csLOW
 .text.csHIGH   0x08001ac4       0x18 ./Core/Src/W25Qxx.o
                0x08001ac4                csHIGH
 .text.W25Q_delay
                0x08001adc       0x16 ./Core/Src/W25Qxx.o
                0x08001adc                W25Q_delay
 *fill*         0x08001af2        0x2 
 .text.SPI_Write
                0x08001af4       0x28 ./Core/Src/W25Qxx.o
                0x08001af4                SPI_Write
 .text.SPI_Read
                0x08001b1c       0x28 ./Core/Src/W25Qxx.o
                0x08001b1c                SPI_Read
 .text.W25Q_WaitForWriteEnd
                0x08001b44       0x50 ./Core/Src/W25Qxx.o
                0x08001b44                W25Q_WaitForWriteEnd
 .text.W25Q_Reset
                0x08001b94       0x30 ./Core/Src/W25Qxx.o
                0x08001b94                W25Q_Reset
 .text.W25Q_FastRead
                0x08001bc4       0x60 ./Core/Src/W25Qxx.o
                0x08001bc4                W25Q_FastRead
 .text.W25Q_FastRead_address
                0x08001c24       0x52 ./Core/Src/W25Qxx.o
                0x08001c24                W25Q_FastRead_address
 .text.write_enable
                0x08001c76       0x2a ./Core/Src/W25Qxx.o
                0x08001c76                write_enable
 .text.write_disable
                0x08001ca0       0x2a ./Core/Src/W25Qxx.o
                0x08001ca0                write_disable
 .text.W25Q_Erase_Sector
                0x08001cca       0x56 ./Core/Src/W25Qxx.o
                0x08001cca                W25Q_Erase_Sector
 .text.W25Q_Read_Byte
                0x08001d20       0x4c ./Core/Src/W25Qxx.o
                0x08001d20                W25Q_Read_Byte
 .text.W25Q_Write_Nbytes
                0x08001d6c      0x156 ./Core/Src/W25Qxx.o
                0x08001d6c                W25Q_Write_Nbytes
 *fill*         0x08001ec2        0x2 
 .text.HAL_UARTEx_RxEventCallback
                0x08001ec4      0x308 ./Core/Src/main.o
                0x08001ec4                HAL_UARTEx_RxEventCallback
 .text.HAL_GPIO_EXTI_Callback
                0x080021cc       0xc0 ./Core/Src/main.o
                0x080021cc                HAL_GPIO_EXTI_Callback
 .text.HAL_TIM_PeriodElapsedCallback
                0x0800228c      0x174 ./Core/Src/main.o
                0x0800228c                HAL_TIM_PeriodElapsedCallback
 .text.HAL_CAN_RxFifo0MsgPendingCallback
                0x08002400       0x60 ./Core/Src/main.o
                0x08002400                HAL_CAN_RxFifo0MsgPendingCallback
 .text.main     0x08002460     0x1710 ./Core/Src/main.o
                0x08002460                main
 .text.SystemClock_Config
                0x08003b70       0x90 ./Core/Src/main.o
                0x08003b70                SystemClock_Config
 .text.MX_CAN_Init
                0x08003c00       0x6c ./Core/Src/main.o
 .text.MX_IWDG_Init
                0x08003c6c       0x34 ./Core/Src/main.o
 .text.MX_SPI1_Init
                0x08003ca0       0x6c ./Core/Src/main.o
 .text.MX_SPI2_Init
                0x08003d0c       0x6c ./Core/Src/main.o
 .text.MX_TIM2_Init
                0x08003d78       0x9c ./Core/Src/main.o
 .text.MX_TIM3_Init
                0x08003e14       0x9c ./Core/Src/main.o
 .text.MX_USART1_UART_Init
                0x08003eb0       0x54 ./Core/Src/main.o
 .text.MX_DMA_Init
                0x08003f04       0x3c ./Core/Src/main.o
 .text.MX_GPIO_Init
                0x08003f40      0x1c4 ./Core/Src/main.o
 .text.sendData_eth
                0x08004104       0x44 ./Core/Src/main.o
                0x08004104                sendData_eth
 .text.send_u8_eth
                0x08004148       0x2c ./Core/Src/main.o
                0x08004148                send_u8_eth
 .text.sendString
                0x08004174       0x44 ./Core/Src/main.o
                0x08004174                sendString
 .text.sendData_eth_info
                0x080041b8       0x58 ./Core/Src/main.o
                0x080041b8                sendData_eth_info
 .text.sendData_eth_CardID
                0x08004210       0x86 ./Core/Src/main.o
                0x08004210                sendData_eth_CardID
 *fill*         0x08004296        0x2 
 .text.sendData_uart
                0x08004298       0x50 ./Core/Src/main.o
                0x08004298                sendData_uart
 .text.sendString_uart
                0x080042e8       0x58 ./Core/Src/main.o
                0x080042e8                sendString_uart
 .text.sendString_info_uart
                0x08004340       0x78 ./Core/Src/main.o
                0x08004340                sendString_info_uart
 .text.save_data
                0x080043b8      0x1e8 ./Core/Src/main.o
                0x080043b8                save_data
 .text.binary_search
                0x080045a0       0xb0 ./Core/Src/main.o
                0x080045a0                binary_search
 .text.new_card_update
                0x08004650       0x7a ./Core/Src/main.o
                0x08004650                new_card_update
 .text.shift_left_1bit
                0x080046ca       0x5c ./Core/Src/main.o
                0x080046ca                shift_left_1bit
 .text.calculate_data_can
                0x08004726      0x1c2 ./Core/Src/main.o
                0x08004726                calculate_data_can
 .text.reconect_eth
                0x080048e8       0xe0 ./Core/Src/main.o
                0x080048e8                reconect_eth
 .text.Set_speed_can
                0x080049c8       0xcc ./Core/Src/main.o
                0x080049c8                Set_speed_can
 .text.is_leap_year
                0x08004a94       0x64 ./Core/Src/main.o
 .text.mktime   0x08004af8       0xec ./Core/Src/main.o
                0x08004af8                mktime
 .text.Error_Handler
                0x08004be4        0xc ./Core/Src/main.o
                0x08004be4                Error_Handler
 .text.HAL_MspInit
                0x08004bf0       0x64 ./Core/Src/stm32f1xx_hal_msp.o
                0x08004bf0                HAL_MspInit
 .text.HAL_CAN_MspInit
                0x08004c54       0xa8 ./Core/Src/stm32f1xx_hal_msp.o
                0x08004c54                HAL_CAN_MspInit
 .text.HAL_SPI_MspInit
                0x08004cfc      0x10c ./Core/Src/stm32f1xx_hal_msp.o
                0x08004cfc                HAL_SPI_MspInit
 .text.HAL_TIM_Base_MspInit
                0x08004e08       0x80 ./Core/Src/stm32f1xx_hal_msp.o
                0x08004e08                HAL_TIM_Base_MspInit
 .text.HAL_UART_MspInit
                0x08004e88       0xfc ./Core/Src/stm32f1xx_hal_msp.o
                0x08004e88                HAL_UART_MspInit
 .text.NMI_Handler
                0x08004f84        0x8 ./Core/Src/stm32f1xx_it.o
                0x08004f84                NMI_Handler
 .text.HardFault_Handler
                0x08004f8c        0x8 ./Core/Src/stm32f1xx_it.o
                0x08004f8c                HardFault_Handler
 .text.MemManage_Handler
                0x08004f94        0x8 ./Core/Src/stm32f1xx_it.o
                0x08004f94                MemManage_Handler
 .text.BusFault_Handler
                0x08004f9c        0x8 ./Core/Src/stm32f1xx_it.o
                0x08004f9c                BusFault_Handler
 .text.UsageFault_Handler
                0x08004fa4        0x8 ./Core/Src/stm32f1xx_it.o
                0x08004fa4                UsageFault_Handler
 .text.SVC_Handler
                0x08004fac        0xc ./Core/Src/stm32f1xx_it.o
                0x08004fac                SVC_Handler
 .text.DebugMon_Handler
                0x08004fb8        0xc ./Core/Src/stm32f1xx_it.o
                0x08004fb8                DebugMon_Handler
 .text.PendSV_Handler
                0x08004fc4        0xc ./Core/Src/stm32f1xx_it.o
                0x08004fc4                PendSV_Handler
 .text.SysTick_Handler
                0x08004fd0        0xc ./Core/Src/stm32f1xx_it.o
                0x08004fd0                SysTick_Handler
 .text.EXTI0_IRQHandler
                0x08004fdc        0xe ./Core/Src/stm32f1xx_it.o
                0x08004fdc                EXTI0_IRQHandler
 *fill*         0x08004fea        0x2 
 .text.DMA1_Channel5_IRQHandler
                0x08004fec       0x14 ./Core/Src/stm32f1xx_it.o
                0x08004fec                DMA1_Channel5_IRQHandler
 .text.USB_LP_CAN1_RX0_IRQHandler
                0x08005000       0x14 ./Core/Src/stm32f1xx_it.o
                0x08005000                USB_LP_CAN1_RX0_IRQHandler
 .text.EXTI9_5_IRQHandler
                0x08005014        0xe ./Core/Src/stm32f1xx_it.o
                0x08005014                EXTI9_5_IRQHandler
 *fill*         0x08005022        0x2 
 .text.TIM2_IRQHandler
                0x08005024       0x14 ./Core/Src/stm32f1xx_it.o
                0x08005024                TIM2_IRQHandler
 .text.TIM3_IRQHandler
                0x08005038       0x14 ./Core/Src/stm32f1xx_it.o
                0x08005038                TIM3_IRQHandler
 .text.USART1_IRQHandler
                0x0800504c       0x14 ./Core/Src/stm32f1xx_it.o
                0x0800504c                USART1_IRQHandler
 .text.SystemInit
                0x08005060        0xc ./Core/Src/system_stm32f1xx.o
                0x08005060                SystemInit
 .text.Reset_Handler
                0x0800506c       0x48 ./Core/Startup/startup_stm32f103c8tx.o
                0x0800506c                Reset_Handler
 .text.Default_Handler
                0x080050b4        0x2 ./Core/Startup/startup_stm32f103c8tx.o
                0x080050b4                RTC_Alarm_IRQHandler
                0x080050b4                EXTI2_IRQHandler
                0x080050b4                TIM1_CC_IRQHandler
                0x080050b4                PVD_IRQHandler
                0x080050b4                EXTI3_IRQHandler
                0x080050b4                I2C2_EV_IRQHandler
                0x080050b4                ADC1_2_IRQHandler
                0x080050b4                SPI1_IRQHandler
                0x080050b4                TAMPER_IRQHandler
                0x080050b4                DMA1_Channel4_IRQHandler
                0x080050b4                USART3_IRQHandler
                0x080050b4                RTC_IRQHandler
                0x080050b4                DMA1_Channel7_IRQHandler
                0x080050b4                CAN1_RX1_IRQHandler
                0x080050b4                TIM4_IRQHandler
                0x080050b4                I2C1_EV_IRQHandler
                0x080050b4                DMA1_Channel6_IRQHandler
                0x080050b4                RCC_IRQHandler
                0x080050b4                TIM1_TRG_COM_IRQHandler
                0x080050b4                DMA1_Channel1_IRQHandler
                0x080050b4                Default_Handler
                0x080050b4                EXTI15_10_IRQHandler
                0x080050b4                SPI2_IRQHandler
                0x080050b4                EXTI4_IRQHandler
                0x080050b4                USB_HP_CAN1_TX_IRQHandler
                0x080050b4                DMA1_Channel3_IRQHandler
                0x080050b4                TIM1_UP_IRQHandler
                0x080050b4                WWDG_IRQHandler
                0x080050b4                TIM1_BRK_IRQHandler
                0x080050b4                EXTI1_IRQHandler
                0x080050b4                USART2_IRQHandler
                0x080050b4                I2C2_ER_IRQHandler
                0x080050b4                DMA1_Channel2_IRQHandler
                0x080050b4                CAN1_SCE_IRQHandler
                0x080050b4                FLASH_IRQHandler
                0x080050b4                I2C1_ER_IRQHandler
                0x080050b4                USBWakeUp_IRQHandler
 *fill*         0x080050b6        0x2 
 .text.HAL_Init
                0x080050b8       0x2c ./Drivers/STM32F1xx_HAL_Driver/Src/stm32f1xx_hal.o
                0x080050b8                HAL_Init
 .text.HAL_InitTick
                0x080050e4       0x60 ./Drivers/STM32F1xx_HAL_Driver/Src/stm32f1xx_hal.o
                0x080050e4                HAL_InitTick
 .text.HAL_IncTick
                0x08005144       0x24 ./Drivers/STM32F1xx_HAL_Driver/Src/stm32f1xx_hal.o
                0x08005144                HAL_IncTick
 .text.HAL_GetTick
                0x08005168       0x14 ./Drivers/STM32F1xx_HAL_Driver/Src/stm32f1xx_hal.o
                0x08005168                HAL_GetTick
 .text.HAL_Delay
                0x0800517c       0x48 ./Drivers/STM32F1xx_HAL_Driver/Src/stm32f1xx_hal.o
                0x0800517c                HAL_Delay
 .text.HAL_GetUIDw0
                0x080051c4       0x14 ./Drivers/STM32F1xx_HAL_Driver/Src/stm32f1xx_hal.o
                0x080051c4                HAL_GetUIDw0
 .text.HAL_GetUIDw1
                0x080051d8       0x14 ./Drivers/STM32F1xx_HAL_Driver/Src/stm32f1xx_hal.o
                0x080051d8                HAL_GetUIDw1
 .text.HAL_GetUIDw2
                0x080051ec       0x14 ./Drivers/STM32F1xx_HAL_Driver/Src/stm32f1xx_hal.o
                0x080051ec                HAL_GetUIDw2
 .text.HAL_CAN_Init
                0x08005200      0x1f6 ./Drivers/STM32F1xx_HAL_Driver/Src/stm32f1xx_hal_can.o
                0x08005200                HAL_CAN_Init
 .text.HAL_CAN_ConfigFilter
                0x080053f6      0x192 ./Drivers/STM32F1xx_HAL_Driver/Src/stm32f1xx_hal_can.o
                0x080053f6                HAL_CAN_ConfigFilter
 .text.HAL_CAN_Start
                0x08005588       0x88 ./Drivers/STM32F1xx_HAL_Driver/Src/stm32f1xx_hal_can.o
                0x08005588                HAL_CAN_Start
 .text.HAL_CAN_AddTxMessage
                0x08005610      0x19e ./Drivers/STM32F1xx_HAL_Driver/Src/stm32f1xx_hal_can.o
                0x08005610                HAL_CAN_AddTxMessage
 .text.HAL_CAN_AbortTxRequest
                0x080057ae       0x88 ./Drivers/STM32F1xx_HAL_Driver/Src/stm32f1xx_hal_can.o
                0x080057ae                HAL_CAN_AbortTxRequest
 .text.HAL_CAN_GetTxMailboxesFreeLevel
                0x08005836       0x68 ./Drivers/STM32F1xx_HAL_Driver/Src/stm32f1xx_hal_can.o
                0x08005836                HAL_CAN_GetTxMailboxesFreeLevel
 .text.HAL_CAN_GetRxMessage
                0x0800589e      0x242 ./Drivers/STM32F1xx_HAL_Driver/Src/stm32f1xx_hal_can.o
                0x0800589e                HAL_CAN_GetRxMessage
 .text.HAL_CAN_ActivateNotification
                0x08005ae0       0x4a ./Drivers/STM32F1xx_HAL_Driver/Src/stm32f1xx_hal_can.o
                0x08005ae0                HAL_CAN_ActivateNotification
 .text.HAL_CAN_IRQHandler
                0x08005b2a      0x36e ./Drivers/STM32F1xx_HAL_Driver/Src/stm32f1xx_hal_can.o
                0x08005b2a                HAL_CAN_IRQHandler
 .text.HAL_CAN_TxMailbox0CompleteCallback
                0x08005e98       0x12 ./Drivers/STM32F1xx_HAL_Driver/Src/stm32f1xx_hal_can.o
                0x08005e98                HAL_CAN_TxMailbox0CompleteCallback
 .text.HAL_CAN_TxMailbox1CompleteCallback
                0x08005eaa       0x12 ./Drivers/STM32F1xx_HAL_Driver/Src/stm32f1xx_hal_can.o
                0x08005eaa                HAL_CAN_TxMailbox1CompleteCallback
 .text.HAL_CAN_TxMailbox2CompleteCallback
                0x08005ebc       0x12 ./Drivers/STM32F1xx_HAL_Driver/Src/stm32f1xx_hal_can.o
                0x08005ebc                HAL_CAN_TxMailbox2CompleteCallback
 .text.HAL_CAN_TxMailbox0AbortCallback
                0x08005ece       0x12 ./Drivers/STM32F1xx_HAL_Driver/Src/stm32f1xx_hal_can.o
                0x08005ece                HAL_CAN_TxMailbox0AbortCallback
 .text.HAL_CAN_TxMailbox1AbortCallback
                0x08005ee0       0x12 ./Drivers/STM32F1xx_HAL_Driver/Src/stm32f1xx_hal_can.o
                0x08005ee0                HAL_CAN_TxMailbox1AbortCallback
 .text.HAL_CAN_TxMailbox2AbortCallback
                0x08005ef2       0x12 ./Drivers/STM32F1xx_HAL_Driver/Src/stm32f1xx_hal_can.o
                0x08005ef2                HAL_CAN_TxMailbox2AbortCallback
 .text.HAL_CAN_RxFifo0FullCallback
                0x08005f04       0x12 ./Drivers/STM32F1xx_HAL_Driver/Src/stm32f1xx_hal_can.o
                0x08005f04                HAL_CAN_RxFifo0FullCallback
 .text.HAL_CAN_RxFifo1MsgPendingCallback
                0x08005f16       0x12 ./Drivers/STM32F1xx_HAL_Driver/Src/stm32f1xx_hal_can.o
                0x08005f16                HAL_CAN_RxFifo1MsgPendingCallback
 .text.HAL_CAN_RxFifo1FullCallback
                0x08005f28       0x12 ./Drivers/STM32F1xx_HAL_Driver/Src/stm32f1xx_hal_can.o
                0x08005f28                HAL_CAN_RxFifo1FullCallback
 .text.HAL_CAN_SleepCallback
                0x08005f3a       0x12 ./Drivers/STM32F1xx_HAL_Driver/Src/stm32f1xx_hal_can.o
                0x08005f3a                HAL_CAN_SleepCallback
 .text.HAL_CAN_WakeUpFromRxMsgCallback
                0x08005f4c       0x12 ./Drivers/STM32F1xx_HAL_Driver/Src/stm32f1xx_hal_can.o
                0x08005f4c                HAL_CAN_WakeUpFromRxMsgCallback
 .text.HAL_CAN_ErrorCallback
                0x08005f5e       0x12 ./Drivers/STM32F1xx_HAL_Driver/Src/stm32f1xx_hal_can.o
                0x08005f5e                HAL_CAN_ErrorCallback
 .text.__NVIC_SetPriorityGrouping
                0x08005f70       0x48 ./Drivers/STM32F1xx_HAL_Driver/Src/stm32f1xx_hal_cortex.o
 .text.__NVIC_GetPriorityGrouping
                0x08005fb8       0x1c ./Drivers/STM32F1xx_HAL_Driver/Src/stm32f1xx_hal_cortex.o
 .text.__NVIC_EnableIRQ
                0x08005fd4       0x38 ./Drivers/STM32F1xx_HAL_Driver/Src/stm32f1xx_hal_cortex.o
 .text.__NVIC_SetPriority
                0x0800600c       0x54 ./Drivers/STM32F1xx_HAL_Driver/Src/stm32f1xx_hal_cortex.o
 .text.NVIC_EncodePriority
                0x08006060       0x64 ./Drivers/STM32F1xx_HAL_Driver/Src/stm32f1xx_hal_cortex.o
 .text.__NVIC_SystemReset
                0x080060c4       0x2c ./Drivers/STM32F1xx_HAL_Driver/Src/stm32f1xx_hal_cortex.o
 .text.SysTick_Config
                0x080060f0       0x44 ./Drivers/STM32F1xx_HAL_Driver/Src/stm32f1xx_hal_cortex.o
 .text.HAL_NVIC_SetPriorityGrouping
                0x08006134       0x16 ./Drivers/STM32F1xx_HAL_Driver/Src/stm32f1xx_hal_cortex.o
                0x08006134                HAL_NVIC_SetPriorityGrouping
 .text.HAL_NVIC_SetPriority
                0x0800614a       0x38 ./Drivers/STM32F1xx_HAL_Driver/Src/stm32f1xx_hal_cortex.o
                0x0800614a                HAL_NVIC_SetPriority
 .text.HAL_NVIC_EnableIRQ
                0x08006182       0x1c ./Drivers/STM32F1xx_HAL_Driver/Src/stm32f1xx_hal_cortex.o
                0x08006182                HAL_NVIC_EnableIRQ
 .text.HAL_NVIC_SystemReset
                0x0800619e        0x8 ./Drivers/STM32F1xx_HAL_Driver/Src/stm32f1xx_hal_cortex.o
                0x0800619e                HAL_NVIC_SystemReset
 .text.HAL_SYSTICK_Config
                0x080061a6       0x18 ./Drivers/STM32F1xx_HAL_Driver/Src/stm32f1xx_hal_cortex.o
                0x080061a6                HAL_SYSTICK_Config
 *fill*         0x080061be        0x2 
 .text.HAL_DMA_Init
                0x080061c0       0xb4 ./Drivers/STM32F1xx_HAL_Driver/Src/stm32f1xx_hal_dma.o
                0x080061c0                HAL_DMA_Init
 .text.HAL_DMA_Start_IT
                0x08006274       0xc0 ./Drivers/STM32F1xx_HAL_Driver/Src/stm32f1xx_hal_dma.o
                0x08006274                HAL_DMA_Start_IT
 .text.HAL_DMA_Abort
                0x08006334       0x76 ./Drivers/STM32F1xx_HAL_Driver/Src/stm32f1xx_hal_dma.o
                0x08006334                HAL_DMA_Abort
 *fill*         0x080063aa        0x2 
 .text.HAL_DMA_Abort_IT
                0x080063ac       0xf0 ./Drivers/STM32F1xx_HAL_Driver/Src/stm32f1xx_hal_dma.o
                0x080063ac                HAL_DMA_Abort_IT
 .text.HAL_DMA_IRQHandler
                0x0800649c      0x20c ./Drivers/STM32F1xx_HAL_Driver/Src/stm32f1xx_hal_dma.o
                0x0800649c                HAL_DMA_IRQHandler
 .text.DMA_SetConfig
                0x080066a8       0x5a ./Drivers/STM32F1xx_HAL_Driver/Src/stm32f1xx_hal_dma.o
 *fill*         0x08006702        0x2 
 .text.HAL_FLASH_Program
                0x08006704       0xe0 ./Drivers/STM32F1xx_HAL_Driver/Src/stm32f1xx_hal_flash.o
                0x08006704                HAL_FLASH_Program
 .text.HAL_FLASH_Unlock
                0x080067e4       0x4c ./Drivers/STM32F1xx_HAL_Driver/Src/stm32f1xx_hal_flash.o
                0x080067e4                HAL_FLASH_Unlock
 .text.HAL_FLASH_Lock
                0x08006830       0x20 ./Drivers/STM32F1xx_HAL_Driver/Src/stm32f1xx_hal_flash.o
                0x08006830                HAL_FLASH_Lock
 .text.FLASH_Program_HalfWord
                0x08006850       0x38 ./Drivers/STM32F1xx_HAL_Driver/Src/stm32f1xx_hal_flash.o
 .text.FLASH_WaitForLastOperation
                0x08006888       0x8c ./Drivers/STM32F1xx_HAL_Driver/Src/stm32f1xx_hal_flash.o
                0x08006888                FLASH_WaitForLastOperation
 .text.FLASH_SetErrorCode
                0x08006914       0xa0 ./Drivers/STM32F1xx_HAL_Driver/Src/stm32f1xx_hal_flash.o
 .text.HAL_FLASHEx_Erase
                0x080069b4       0xd8 ./Drivers/STM32F1xx_HAL_Driver/Src/stm32f1xx_hal_flash_ex.o
                0x080069b4                HAL_FLASHEx_Erase
 .text.FLASH_MassErase
                0x08006a8c       0x38 ./Drivers/STM32F1xx_HAL_Driver/Src/stm32f1xx_hal_flash_ex.o
 .text.FLASH_PageErase
                0x08006ac4       0x40 ./Drivers/STM32F1xx_HAL_Driver/Src/stm32f1xx_hal_flash_ex.o
                0x08006ac4                FLASH_PageErase
 .text.HAL_GPIO_Init
                0x08006b04      0x308 ./Drivers/STM32F1xx_HAL_Driver/Src/stm32f1xx_hal_gpio.o
                0x08006b04                HAL_GPIO_Init
 .text.HAL_GPIO_ReadPin
                0x08006e0c       0x2e ./Drivers/STM32F1xx_HAL_Driver/Src/stm32f1xx_hal_gpio.o
                0x08006e0c                HAL_GPIO_ReadPin
 .text.HAL_GPIO_WritePin
                0x08006e3a       0x30 ./Drivers/STM32F1xx_HAL_Driver/Src/stm32f1xx_hal_gpio.o
                0x08006e3a                HAL_GPIO_WritePin
 .text.HAL_GPIO_TogglePin
                0x08006e6a       0x32 ./Drivers/STM32F1xx_HAL_Driver/Src/stm32f1xx_hal_gpio.o
                0x08006e6a                HAL_GPIO_TogglePin
 .text.HAL_GPIO_EXTI_IRQHandler
                0x08006e9c       0x30 ./Drivers/STM32F1xx_HAL_Driver/Src/stm32f1xx_hal_gpio.o
                0x08006e9c                HAL_GPIO_EXTI_IRQHandler
 .text.HAL_IWDG_Init
                0x08006ecc       0x88 ./Drivers/STM32F1xx_HAL_Driver/Src/stm32f1xx_hal_iwdg.o
                0x08006ecc                HAL_IWDG_Init
 .text.HAL_IWDG_Refresh
                0x08006f54       0x1e ./Drivers/STM32F1xx_HAL_Driver/Src/stm32f1xx_hal_iwdg.o
                0x08006f54                HAL_IWDG_Refresh
 *fill*         0x08006f72        0x2 
 .text.HAL_RCC_OscConfig
                0x08006f74      0x504 ./Drivers/STM32F1xx_HAL_Driver/Src/stm32f1xx_hal_rcc.o
                0x08006f74                HAL_RCC_OscConfig
 .text.HAL_RCC_ClockConfig
                0x08007478      0x1d4 ./Drivers/STM32F1xx_HAL_Driver/Src/stm32f1xx_hal_rcc.o
                0x08007478                HAL_RCC_ClockConfig
 .text.HAL_RCC_GetSysClockFreq
                0x0800764c       0xac ./Drivers/STM32F1xx_HAL_Driver/Src/stm32f1xx_hal_rcc.o
                0x0800764c                HAL_RCC_GetSysClockFreq
 .text.HAL_RCC_GetHCLKFreq
                0x080076f8       0x14 ./Drivers/STM32F1xx_HAL_Driver/Src/stm32f1xx_hal_rcc.o
                0x080076f8                HAL_RCC_GetHCLKFreq
 .text.HAL_RCC_GetPCLK1Freq
                0x0800770c       0x28 ./Drivers/STM32F1xx_HAL_Driver/Src/stm32f1xx_hal_rcc.o
                0x0800770c                HAL_RCC_GetPCLK1Freq
 .text.HAL_RCC_GetPCLK2Freq
                0x08007734       0x28 ./Drivers/STM32F1xx_HAL_Driver/Src/stm32f1xx_hal_rcc.o
                0x08007734                HAL_RCC_GetPCLK2Freq
 .text.RCC_Delay
                0x0800775c       0x3c ./Drivers/STM32F1xx_HAL_Driver/Src/stm32f1xx_hal_rcc.o
 .text.HAL_SPI_Init
                0x08007798      0x108 ./Drivers/STM32F1xx_HAL_Driver/Src/stm32f1xx_hal_spi.o
                0x08007798                HAL_SPI_Init
 .text.HAL_SPI_Transmit
                0x080078a0      0x288 ./Drivers/STM32F1xx_HAL_Driver/Src/stm32f1xx_hal_spi.o
                0x080078a0                HAL_SPI_Transmit
 .text.HAL_SPI_Receive
                0x08007b28      0x232 ./Drivers/STM32F1xx_HAL_Driver/Src/stm32f1xx_hal_spi.o
                0x08007b28                HAL_SPI_Receive
 .text.HAL_SPI_TransmitReceive
                0x08007d5a      0x352 ./Drivers/STM32F1xx_HAL_Driver/Src/stm32f1xx_hal_spi.o
                0x08007d5a                HAL_SPI_TransmitReceive
 .text.SPI_WaitFlagStateUntilTimeout
                0x080080ac      0x110 ./Drivers/STM32F1xx_HAL_Driver/Src/stm32f1xx_hal_spi.o
 .text.SPI_EndRxTransaction
                0x080081bc       0xa4 ./Drivers/STM32F1xx_HAL_Driver/Src/stm32f1xx_hal_spi.o
 .text.SPI_EndRxTxTransaction
                0x08008260       0x62 ./Drivers/STM32F1xx_HAL_Driver/Src/stm32f1xx_hal_spi.o
 .text.HAL_TIM_Base_Init
                0x080082c2       0x9e ./Drivers/STM32F1xx_HAL_Driver/Src/stm32f1xx_hal_tim.o
                0x080082c2                HAL_TIM_Base_Init
 .text.HAL_TIM_Base_Start_IT
                0x08008360       0xa4 ./Drivers/STM32F1xx_HAL_Driver/Src/stm32f1xx_hal_tim.o
                0x08008360                HAL_TIM_Base_Start_IT
 .text.HAL_TIM_IRQHandler
                0x08008404      0x1e0 ./Drivers/STM32F1xx_HAL_Driver/Src/stm32f1xx_hal_tim.o
                0x08008404                HAL_TIM_IRQHandler
 .text.HAL_TIM_ConfigClockSource
                0x080085e4      0x18e ./Drivers/STM32F1xx_HAL_Driver/Src/stm32f1xx_hal_tim.o
                0x080085e4                HAL_TIM_ConfigClockSource
 .text.HAL_TIM_OC_DelayElapsedCallback
                0x08008772       0x12 ./Drivers/STM32F1xx_HAL_Driver/Src/stm32f1xx_hal_tim.o
                0x08008772                HAL_TIM_OC_DelayElapsedCallback
 .text.HAL_TIM_IC_CaptureCallback
                0x08008784       0x12 ./Drivers/STM32F1xx_HAL_Driver/Src/stm32f1xx_hal_tim.o
                0x08008784                HAL_TIM_IC_CaptureCallback
 .text.HAL_TIM_PWM_PulseFinishedCallback
                0x08008796       0x12 ./Drivers/STM32F1xx_HAL_Driver/Src/stm32f1xx_hal_tim.o
                0x08008796                HAL_TIM_PWM_PulseFinishedCallback
 .text.HAL_TIM_TriggerCallback
                0x080087a8       0x12 ./Drivers/STM32F1xx_HAL_Driver/Src/stm32f1xx_hal_tim.o
                0x080087a8                HAL_TIM_TriggerCallback
 *fill*         0x080087ba        0x2 
 .text.TIM_Base_SetConfig
                0x080087bc       0xdc ./Drivers/STM32F1xx_HAL_Driver/Src/stm32f1xx_hal_tim.o
                0x080087bc                TIM_Base_SetConfig
 .text.TIM_TI1_ConfigInputStage
                0x08008898       0x5c ./Drivers/STM32F1xx_HAL_Driver/Src/stm32f1xx_hal_tim.o
 .text.TIM_TI2_ConfigInputStage
                0x080088f4       0x5e ./Drivers/STM32F1xx_HAL_Driver/Src/stm32f1xx_hal_tim.o
 .text.TIM_ITRx_SetConfig
                0x08008952       0x34 ./Drivers/STM32F1xx_HAL_Driver/Src/stm32f1xx_hal_tim.o
 .text.TIM_ETR_SetConfig
                0x08008986       0x3e ./Drivers/STM32F1xx_HAL_Driver/Src/stm32f1xx_hal_tim.o
                0x08008986                TIM_ETR_SetConfig
 .text.HAL_TIMEx_MasterConfigSynchronization
                0x080089c4       0xbc ./Drivers/STM32F1xx_HAL_Driver/Src/stm32f1xx_hal_tim_ex.o
                0x080089c4                HAL_TIMEx_MasterConfigSynchronization
 .text.HAL_TIMEx_CommutCallback
                0x08008a80       0x12 ./Drivers/STM32F1xx_HAL_Driver/Src/stm32f1xx_hal_tim_ex.o
                0x08008a80                HAL_TIMEx_CommutCallback
 .text.HAL_TIMEx_BreakCallback
                0x08008a92       0x12 ./Drivers/STM32F1xx_HAL_Driver/Src/stm32f1xx_hal_tim_ex.o
                0x08008a92                HAL_TIMEx_BreakCallback
 .text.HAL_UART_Init
                0x08008aa4       0xa0 ./Drivers/STM32F1xx_HAL_Driver/Src/stm32f1xx_hal_uart.o
                0x08008aa4                HAL_UART_Init
 .text.HAL_UART_Transmit
                0x08008b44      0x116 ./Drivers/STM32F1xx_HAL_Driver/Src/stm32f1xx_hal_uart.o
                0x08008b44                HAL_UART_Transmit
 .text.HAL_UARTEx_ReceiveToIdle_DMA
                0x08008c5a       0xb2 ./Drivers/STM32F1xx_HAL_Driver/Src/stm32f1xx_hal_uart.o
                0x08008c5a                HAL_UARTEx_ReceiveToIdle_DMA
 .text.HAL_UART_IRQHandler
                0x08008d0c      0x524 ./Drivers/STM32F1xx_HAL_Driver/Src/stm32f1xx_hal_uart.o
                0x08008d0c                HAL_UART_IRQHandler
 .text.HAL_UART_TxCpltCallback
                0x08009230       0x12 ./Drivers/STM32F1xx_HAL_Driver/Src/stm32f1xx_hal_uart.o
                0x08009230                HAL_UART_TxCpltCallback
 .text.HAL_UART_RxCpltCallback
                0x08009242       0x12 ./Drivers/STM32F1xx_HAL_Driver/Src/stm32f1xx_hal_uart.o
                0x08009242                HAL_UART_RxCpltCallback
 .text.HAL_UART_RxHalfCpltCallback
                0x08009254       0x12 ./Drivers/STM32F1xx_HAL_Driver/Src/stm32f1xx_hal_uart.o
                0x08009254                HAL_UART_RxHalfCpltCallback
 .text.HAL_UART_ErrorCallback
                0x08009266       0x12 ./Drivers/STM32F1xx_HAL_Driver/Src/stm32f1xx_hal_uart.o
                0x08009266                HAL_UART_ErrorCallback
 .text.UART_DMAReceiveCplt
                0x08009278      0x12c ./Drivers/STM32F1xx_HAL_Driver/Src/stm32f1xx_hal_uart.o
 .text.UART_DMARxHalfCplt
                0x080093a4       0x3c ./Drivers/STM32F1xx_HAL_Driver/Src/stm32f1xx_hal_uart.o
 .text.UART_DMAError
                0x080093e0       0x94 ./Drivers/STM32F1xx_HAL_Driver/Src/stm32f1xx_hal_uart.o
 .text.UART_WaitOnFlagUntilTimeout
                0x08009474       0xb2 ./Drivers/STM32F1xx_HAL_Driver/Src/stm32f1xx_hal_uart.o
 *fill*         0x08009526        0x2 
 .text.UART_Start_Receive_DMA
                0x08009528      0x134 ./Drivers/STM32F1xx_HAL_Driver/Src/stm32f1xx_hal_uart.o
                0x08009528                UART_Start_Receive_DMA
 .text.UART_EndTxTransfer
                0x0800965c       0x4e ./Drivers/STM32F1xx_HAL_Driver/Src/stm32f1xx_hal_uart.o
 .text.UART_EndRxTransfer
                0x080096aa       0xc4 ./Drivers/STM32F1xx_HAL_Driver/Src/stm32f1xx_hal_uart.o
 .text.UART_DMAAbortOnError
                0x0800976e       0x28 ./Drivers/STM32F1xx_HAL_Driver/Src/stm32f1xx_hal_uart.o
 .text.UART_Transmit_IT
                0x08009796       0x9e ./Drivers/STM32F1xx_HAL_Driver/Src/stm32f1xx_hal_uart.o
 .text.UART_EndTransmit_IT
                0x08009834       0x30 ./Drivers/STM32F1xx_HAL_Driver/Src/stm32f1xx_hal_uart.o
 .text.UART_Receive_IT
                0x08009864      0x17c ./Drivers/STM32F1xx_HAL_Driver/Src/stm32f1xx_hal_uart.o
 .text.UART_SetConfig
                0x080099e0      0x11c ./Drivers/STM32F1xx_HAL_Driver/Src/stm32f1xx_hal_uart.o
 .text.memset   0x08009afc       0x10 C:/ST/STM32CubeIDE_1.18.1/STM32CubeIDE/plugins/com.st.stm32cube.ide.mcu.externaltools.gnu-tools-for-stm32.13.3.rel1.win32_1.0.0.202411081344/tools/bin/../lib/gcc/arm-none-eabi/13.3.1/../../../../arm-none-eabi/lib/thumb/v7-m/nofp\libc_nano.a(libc_a-memset.o)
                0x08009afc                memset
 .text.strcat   0x08009b0c       0x1e C:/ST/STM32CubeIDE_1.18.1/STM32CubeIDE/plugins/com.st.stm32cube.ide.mcu.externaltools.gnu-tools-for-stm32.13.3.rel1.win32_1.0.0.202411081344/tools/bin/../lib/gcc/arm-none-eabi/13.3.1/../../../../arm-none-eabi/lib/thumb/v7-m/nofp\libc_nano.a(libc_a-strcat.o)
                0x08009b0c                strcat
 *fill*         0x08009b2a        0x2 
 .text.__libc_init_array
                0x08009b2c       0x48 C:/ST/STM32CubeIDE_1.18.1/STM32CubeIDE/plugins/com.st.stm32cube.ide.mcu.externaltools.gnu-tools-for-stm32.13.3.rel1.win32_1.0.0.202411081344/tools/bin/../lib/gcc/arm-none-eabi/13.3.1/../../../../arm-none-eabi/lib/thumb/v7-m/nofp\libc_nano.a(libc_a-init.o)
                0x08009b2c                __libc_init_array
 .text.strcpy   0x08009b74       0x10 C:/ST/STM32CubeIDE_1.18.1/STM32CubeIDE/plugins/com.st.stm32cube.ide.mcu.externaltools.gnu-tools-for-stm32.13.3.rel1.win32_1.0.0.202411081344/tools/bin/../lib/gcc/arm-none-eabi/13.3.1/../../../../arm-none-eabi/lib/thumb/v7-m/nofp\libc_nano.a(libc_a-strcpy.o)
                0x08009b74                strcpy
 *(.glue_7)
 .glue_7        0x08009b84        0x0 linker stubs
 *(.glue_7t)
 .glue_7t       0x08009b84        0x0 linker stubs
 *(.eh_frame)
 .eh_frame      0x08009b84        0x0 C:/ST/STM32CubeIDE_1.18.1/STM32CubeIDE/plugins/com.st.stm32cube.ide.mcu.externaltools.gnu-tools-for-stm32.13.3.rel1.win32_1.0.0.202411081344/tools/bin/../lib/gcc/arm-none-eabi/13.3.1/thumb/v7-m/nofp/crtbegin.o
 *(.init)
 .init          0x08009b84        0x4 C:/ST/STM32CubeIDE_1.18.1/STM32CubeIDE/plugins/com.st.stm32cube.ide.mcu.externaltools.gnu-tools-for-stm32.13.3.rel1.win32_1.0.0.202411081344/tools/bin/../lib/gcc/arm-none-eabi/13.3.1/thumb/v7-m/nofp/crti.o
                0x08009b84                _init
 .init          0x08009b88        0x8 C:/ST/STM32CubeIDE_1.18.1/STM32CubeIDE/plugins/com.st.stm32cube.ide.mcu.externaltools.gnu-tools-for-stm32.13.3.rel1.win32_1.0.0.202411081344/tools/bin/../lib/gcc/arm-none-eabi/13.3.1/thumb/v7-m/nofp/crtn.o
 *(.fini)
 .fini          0x08009b90        0x4 C:/ST/STM32CubeIDE_1.18.1/STM32CubeIDE/plugins/com.st.stm32cube.ide.mcu.externaltools.gnu-tools-for-stm32.13.3.rel1.win32_1.0.0.202411081344/tools/bin/../lib/gcc/arm-none-eabi/13.3.1/thumb/v7-m/nofp/crti.o
                0x08009b90                _fini
 .fini          0x08009b94        0x8 C:/ST/STM32CubeIDE_1.18.1/STM32CubeIDE/plugins/com.st.stm32cube.ide.mcu.externaltools.gnu-tools-for-stm32.13.3.rel1.win32_1.0.0.202411081344/tools/bin/../lib/gcc/arm-none-eabi/13.3.1/thumb/v7-m/nofp/crtn.o
                0x08009b9c                        . = ALIGN (0x4)
                0x08009b9c                        _etext = .

.vfp11_veneer   0x08009b9c        0x0
 .vfp11_veneer  0x08009b9c        0x0 linker stubs

.v4_bx          0x08009b9c        0x0
 .v4_bx         0x08009b9c        0x0 linker stubs

.iplt           0x08009b9c        0x0
 .iplt          0x08009b9c        0x0 C:/ST/STM32CubeIDE_1.18.1/STM32CubeIDE/plugins/com.st.stm32cube.ide.mcu.externaltools.gnu-tools-for-stm32.13.3.rel1.win32_1.0.0.202411081344/tools/bin/../lib/gcc/arm-none-eabi/13.3.1/thumb/v7-m/nofp/crtbegin.o

.rodata         0x08009b9c       0xc8
                0x08009b9c                        . = ALIGN (0x4)
 *(.rodata)
 .rodata        0x08009b9c       0x10 ./Core/Src/Ethernet/W5500_SPI.o
 .rodata        0x08009bac       0x5c ./Core/Src/main.o
 *(.rodata*)
 .rodata.days_in_month
                0x08009c08       0x30 ./Core/Src/main.o
 .rodata.AHBPrescTable
                0x08009c38       0x10 ./Core/Src/system_stm32f1xx.o
                0x08009c38                AHBPrescTable
 .rodata.APBPrescTable
                0x08009c48        0x8 ./Core/Src/system_stm32f1xx.o
                0x08009c48                APBPrescTable
 .rodata.aPLLMULFactorTable.1
                0x08009c50       0x10 ./Drivers/STM32F1xx_HAL_Driver/Src/stm32f1xx_hal_rcc.o
 .rodata.aPredivFactorTable.0
                0x08009c60        0x2 ./Drivers/STM32F1xx_HAL_Driver/Src/stm32f1xx_hal_rcc.o
                0x08009c64                        . = ALIGN (0x4)
 *fill*         0x08009c62        0x2 

.ARM.extab      0x08009c64        0x0
                0x08009c64                        . = ALIGN (0x4)
 *(.ARM.extab* .gnu.linkonce.armextab.*)
                0x08009c64                        . = ALIGN (0x4)

.ARM            0x08009c64        0x8
                0x08009c64                        . = ALIGN (0x4)
                0x08009c64                        __exidx_start = .
 *(.ARM.exidx*)
 .ARM.exidx     0x08009c64        0x8 C:/ST/STM32CubeIDE_1.18.1/STM32CubeIDE/plugins/com.st.stm32cube.ide.mcu.externaltools.gnu-tools-for-stm32.13.3.rel1.win32_1.0.0.202411081344/tools/bin/../lib/gcc/arm-none-eabi/13.3.1/../../../../arm-none-eabi/lib/thumb/v7-m/nofp\libc_nano.a(libc_a-strlen.o)
                0x08009c6c                        __exidx_end = .
                0x08009c6c                        . = ALIGN (0x4)

.rel.dyn        0x08009c6c        0x0
 .rel.iplt      0x08009c6c        0x0 C:/ST/STM32CubeIDE_1.18.1/STM32CubeIDE/plugins/com.st.stm32cube.ide.mcu.externaltools.gnu-tools-for-stm32.13.3.rel1.win32_1.0.0.202411081344/tools/bin/../lib/gcc/arm-none-eabi/13.3.1/thumb/v7-m/nofp/crtbegin.o

.preinit_array  0x08009c6c        0x0
                0x08009c6c                        . = ALIGN (0x4)
                0x08009c6c                        PROVIDE (__preinit_array_start = .)
 *(.preinit_array*)
                0x08009c6c                        PROVIDE (__preinit_array_end = .)
                0x08009c6c                        . = ALIGN (0x4)

.init_array     0x08009c6c        0x4
                0x08009c6c                        . = ALIGN (0x4)
                0x08009c6c                        PROVIDE (__init_array_start = .)
 *(SORT_BY_NAME(.init_array.*))
 *(.init_array*)
 .init_array    0x08009c6c        0x4 C:/ST/STM32CubeIDE_1.18.1/STM32CubeIDE/plugins/com.st.stm32cube.ide.mcu.externaltools.gnu-tools-for-stm32.13.3.rel1.win32_1.0.0.202411081344/tools/bin/../lib/gcc/arm-none-eabi/13.3.1/thumb/v7-m/nofp/crtbegin.o
                0x08009c70                        PROVIDE (__init_array_end = .)
                0x08009c70                        . = ALIGN (0x4)

.fini_array     0x08009c70        0x4
                0x08009c70                        . = ALIGN (0x4)
                [!provide]                        PROVIDE (__fini_array_start = .)
 *(SORT_BY_NAME(.fini_array.*))
 *(.fini_array*)
 .fini_array    0x08009c70        0x4 C:/ST/STM32CubeIDE_1.18.1/STM32CubeIDE/plugins/com.st.stm32cube.ide.mcu.externaltools.gnu-tools-for-stm32.13.3.rel1.win32_1.0.0.202411081344/tools/bin/../lib/gcc/arm-none-eabi/13.3.1/thumb/v7-m/nofp/crtbegin.o
                [!provide]                        PROVIDE (__fini_array_end = .)
                0x08009c74                        . = ALIGN (0x4)
                0x08009c74                        _sidata = LOADADDR (.data)

.data           0x20000000       0x44 load address 0x08009c74
                0x20000000                        . = ALIGN (0x4)
                0x20000000                        _sdata = .
 *(.data)
 *(.data*)
 .data.sock_any_port
                0x20000000        0x2 ./Core/Src/Ethernet/socket.o
 *fill*         0x20000002        0x2 
 .data.WIZCHIP  0x20000004       0x2c ./Core/Src/Ethernet/wizchip_conf.o
                0x20000004                WIZCHIP
 .data.uart_bypass
                0x20000030        0x1 ./Core/Src/main.o
                0x20000030                uart_bypass
 *fill*         0x20000031        0x3 
 .data.c        0x20000034        0x2 ./Core/Src/main.o
                0x20000034                c
 .data.REB_connected
                0x20000036        0x1 ./Core/Src/main.o
                0x20000036                REB_connected
 *fill*         0x20000037        0x1 
 .data.SystemCoreClock
                0x20000038        0x4 ./Core/Src/system_stm32f1xx.o
                0x20000038                SystemCoreClock
 .data.uwTickPrio
                0x2000003c        0x4 ./Drivers/STM32F1xx_HAL_Driver/Src/stm32f1xx_hal.o
                0x2000003c                uwTickPrio
 .data.uwTickFreq
                0x20000040        0x1 ./Drivers/STM32F1xx_HAL_Driver/Src/stm32f1xx_hal.o
                0x20000040                uwTickFreq
 *(.RamFunc)
 *(.RamFunc*)
                0x20000044                        . = ALIGN (0x4)
 *fill*         0x20000041        0x3 
                0x20000044                        _edata = .

.igot.plt       0x20000044        0x0 load address 0x08009cb8
 .igot.plt      0x20000044        0x0 C:/ST/STM32CubeIDE_1.18.1/STM32CubeIDE/plugins/com.st.stm32cube.ide.mcu.externaltools.gnu-tools-for-stm32.13.3.rel1.win32_1.0.0.202411081344/tools/bin/../lib/gcc/arm-none-eabi/13.3.1/thumb/v7-m/nofp/crtbegin.o
                0x20000044                        . = ALIGN (0x4)

.bss            0x20000048      0x978 load address 0x08009cb8
                0x20000048                        _sbss = .
                0x20000048                        __bss_start__ = _sbss
 *(.bss)
 .bss           0x20000048       0x1c C:/ST/STM32CubeIDE_1.18.1/STM32CubeIDE/plugins/com.st.stm32cube.ide.mcu.externaltools.gnu-tools-for-stm32.13.3.rel1.win32_1.0.0.202411081344/tools/bin/../lib/gcc/arm-none-eabi/13.3.1/thumb/v7-m/nofp/crtbegin.o
 *(.bss*)
 .bss.sock_io_mode
                0x20000064        0x2 ./Core/Src/Ethernet/socket.o
 .bss.sock_is_sending
                0x20000066        0x2 ./Core/Src/Ethernet/socket.o
 .bss.sock_remained_size
                0x20000068       0x10 ./Core/Src/Ethernet/socket.o
 .bss.g_uart_request_exit
                0x20000078        0x1 ./Core/Src/Ethernet/socket.o
                0x20000078                g_uart_request_exit
 *fill*         0x20000079        0x3 
 .bss.sock_pack_info
                0x2000007c        0x8 ./Core/Src/Ethernet/socket.o
                0x2000007c                sock_pack_info
 .bss._DNS_     0x20000084        0x4 ./Core/Src/Ethernet/wizchip_conf.o
 .bss._DHCP_    0x20000088        0x1 ./Core/Src/Ethernet/wizchip_conf.o
 *fill*         0x20000089        0x3 
 .bss.EraseInit
                0x2000008c       0x10 ./Core/Src/main.o
                0x2000008c                EraseInit
 .bss.hcan      0x2000009c       0x28 ./Core/Src/main.o
                0x2000009c                hcan
 .bss.hiwdg     0x200000c4        0xc ./Core/Src/main.o
                0x200000c4                hiwdg
 .bss.hspi1     0x200000d0       0x58 ./Core/Src/main.o
                0x200000d0                hspi1
 .bss.hspi2     0x20000128       0x58 ./Core/Src/main.o
                0x20000128                hspi2
 .bss.htim2     0x20000180       0x48 ./Core/Src/main.o
                0x20000180                htim2
 .bss.htim3     0x200001c8       0x48 ./Core/Src/main.o
                0x200001c8                htim3
 .bss.huart1    0x20000210       0x48 ./Core/Src/main.o
                0x20000210                huart1
 .bss.hdma_usart1_rx
                0x20000258       0x44 ./Core/Src/main.o
                0x20000258                hdma_usart1_rx
 .bss.RxHeader  0x2000029c       0x1c ./Core/Src/main.o
                0x2000029c                RxHeader
 .bss.TxHeader_MC2B
                0x200002b8       0x18 ./Core/Src/main.o
                0x200002b8                TxHeader_MC2B
 .bss.uart_data
                0x200002d0       0x32 ./Core/Src/main.o
                0x200002d0                uart_data
 *fill*         0x20000302        0x2 
 .bss.buf       0x20000304      0x400 ./Core/Src/main.o
                0x20000304                buf
 .bss.server_ip
                0x20000704        0x4 ./Core/Src/main.o
                0x20000704                server_ip
 .bss.time_delay
                0x20000708        0x1 ./Core/Src/main.o
                0x20000708                time_delay
 *fill*         0x20000709        0x3 
 .bss.lock_default
                0x2000070c        0x8 ./Core/Src/main.o
                0x2000070c                lock_default
 .bss.ip1       0x20000714        0x1 ./Core/Src/main.o
                0x20000714                ip1
 .bss.ip2       0x20000715        0x1 ./Core/Src/main.o
                0x20000715                ip2
 .bss.ip3       0x20000716        0x1 ./Core/Src/main.o
                0x20000716                ip3
 .bss.ip4       0x20000717        0x1 ./Core/Src/main.o
                0x20000717                ip4
 .bss.ip_server1
                0x20000718        0x1 ./Core/Src/main.o
                0x20000718                ip_server1
 .bss.ip_server2
                0x20000719        0x1 ./Core/Src/main.o
                0x20000719                ip_server2
 .bss.ip_server3
                0x2000071a        0x1 ./Core/Src/main.o
                0x2000071a                ip_server3
 .bss.ip_server4
                0x2000071b        0x1 ./Core/Src/main.o
                0x2000071b                ip_server4
 .bss.data_info
                0x2000071c       0x1e ./Core/Src/main.o
                0x2000071c                data_info
 .bss.elevator_mode
                0x2000073a        0x1 ./Core/Src/main.o
                0x2000073a                elevator_mode
 *fill*         0x2000073b        0x1 
 .bss.data_MC2B
                0x2000073c        0x8 ./Core/Src/main.o
                0x2000073c                data_MC2B
 .bss.keepalive
                0x20000744        0x1 ./Core/Src/main.o
                0x20000744                keepalive
 *fill*         0x20000745        0x3 
 .bss.Ethernet_received_data
                0x20000748        0x9 ./Core/Src/main.o
                0x20000748                Ethernet_received_data
 *fill*         0x20000751        0x3 
 .bss.Ethernet_setting_data
                0x20000754       0x19 ./Core/Src/main.o
                0x20000754                Ethernet_setting_data
 .bss.Ethernet_read_and_reset_data
                0x2000076d        0x1 ./Core/Src/main.o
                0x2000076d                Ethernet_read_and_reset_data
 .bss.counter_start
                0x2000076e        0x1 ./Core/Src/main.o
                0x2000076e                counter_start
 *fill*         0x2000076f        0x1 
 .bss.RxData    0x20000770        0x8 ./Core/Src/main.o
                0x20000770                RxData
 .bss.send_uart
                0x20000778        0x1 ./Core/Src/main.o
                0x20000778                send_uart
 *fill*         0x20000779        0x1 
 .bss.port_server
                0x2000077a        0x2 ./Core/Src/main.o
                0x2000077a                port_server
 .bss.port_client
                0x2000077c        0x2 ./Core/Src/main.o
                0x2000077c                port_client
 *fill*         0x2000077e        0x2 
 .bss.SectorError
                0x20000780        0x4 ./Core/Src/main.o
                0x20000780                SectorError
 .bss.wcode     0x20000784        0x4 ./Core/Src/main.o
                0x20000784                wcode
 .bss.TxMailbox
                0x20000788        0x4 ./Core/Src/main.o
                0x20000788                TxMailbox
 .bss.x_timer   0x2000078c      0x100 ./Core/Src/main.o
                0x2000078c                x_timer
 .bss.number_card
                0x2000088c        0x4 ./Core/Src/main.o
                0x2000088c                number_card
 .bss.connected
                0x20000890        0x4 ./Core/Src/main.o
                0x20000890                connected
 .bss.time_break
                0x20000894        0x4 ./Core/Src/main.o
                0x20000894                time_break
 .bss.lenData   0x20000898        0x4 ./Core/Src/main.o
                0x20000898                lenData
 .bss.number_card_old
                0x2000089c        0x4 ./Core/Src/main.o
                0x2000089c                number_card_old
 .bss.lock_default_1
                0x200008a0        0x4 ./Core/Src/main.o
                0x200008a0                lock_default_1
 .bss.lock_default_2
                0x200008a4        0x4 ./Core/Src/main.o
                0x200008a4                lock_default_2
 .bss.time_check
                0x200008a8        0x4 ./Core/Src/main.o
                0x200008a8                time_check
 .bss.time_auto_reconnect
                0x200008ac        0x4 ./Core/Src/main.o
                0x200008ac                time_auto_reconnect
 .bss.heardbit_REB
                0x200008b0        0x4 ./Core/Src/main.o
                0x200008b0                heardbit_REB
 .bss.timeSendDataEth
                0x200008b4        0x4 ./Core/Src/main.o
                0x200008b4                timeSendDataEth
 .bss.RST_timer
                0x200008b8        0x4 ./Core/Src/main.o
                0x200008b8                RST_timer
 .bss.RST_timer_now
                0x200008bc        0x4 ./Core/Src/main.o
                0x200008bc                RST_timer_now
 .bss.RST_timer_last
                0x200008c0        0x4 ./Core/Src/main.o
                0x200008c0                RST_timer_last
 .bss.count_RST
                0x200008c4        0x4 ./Core/Src/main.o
                0x200008c4                count_RST
 .bss.counter_reset
                0x200008c8        0x4 ./Core/Src/main.o
                0x200008c8                counter_reset
 .bss.time_now  0x200008cc        0x4 ./Core/Src/main.o
                0x200008cc                time_now
 .bss.bypass_from_REB
                0x200008d0        0x1 ./Core/Src/main.o
                0x200008d0                bypass_from_REB
 .bss.bypass_from_Eth
                0x200008d1        0x1 ./Core/Src/main.o
                0x200008d1                bypass_from_Eth
 *fill*         0x200008d2        0x2 
 .bss.x         0x200008d4       0x40 ./Core/Src/main.o
                0x200008d4                x
 .bss.Ethernet_connected
                0x20000914        0x1 ./Core/Src/main.o
                0x20000914                Ethernet_connected
 .bss.isSendDataEth
                0x20000915        0x1 ./Core/Src/main.o
                0x20000915                isSendDataEth
 .bss.write_mode_somecard
                0x20000916        0x1 ./Core/Src/main.o
                0x20000916                write_mode_somecard
 .bss.write_mode
                0x20000917        0x1 ./Core/Src/main.o
                0x20000917                write_mode
 .bss.write_done
                0x20000918        0x1 ./Core/Src/main.o
                0x20000918                write_done
 .bss.new_card  0x20000919        0x1 ./Core/Src/main.o
                0x20000919                new_card
 .bss.send_card_to_pc
                0x2000091a        0x1 ./Core/Src/main.o
                0x2000091a                send_card_to_pc
 .bss.send_card_done
                0x2000091b        0x1 ./Core/Src/main.o
                0x2000091b                send_card_done
 .bss.Ethernet_received
                0x2000091c        0x1 ./Core/Src/main.o
                0x2000091c                Ethernet_received
 .bss.Ethernet_setting
                0x2000091d        0x1 ./Core/Src/main.o
                0x2000091d                Ethernet_setting
 .bss.add_card_uart
                0x2000091e        0x1 ./Core/Src/main.o
                0x2000091e                add_card_uart
 .bss.Ethernet_read_and_reset
                0x2000091f        0x1 ./Core/Src/main.o
                0x2000091f                Ethernet_read_and_reset
 .bss.RST_set   0x20000920        0x1 ./Core/Src/main.o
                0x20000920                RST_set
 .bss.unlock_fire
                0x20000921        0x1 ./Core/Src/main.o
                0x20000921                unlock_fire
 .bss.send_uart_to_REB
                0x20000922        0x1 ./Core/Src/main.o
                0x20000922                send_uart_to_REB
 .bss.send_uart_to_PC
                0x20000923        0x1 ./Core/Src/main.o
                0x20000923                send_uart_to_PC
 .bss.user      0x20000924       0x18 ./Core/Src/main.o
                0x20000924                user
 .bss.user_before
                0x2000093c       0x18 ./Core/Src/main.o
                0x2000093c                user_before
 .bss.compare_user
                0x20000954       0x18 ./Core/Src/main.o
                0x20000954                compare_user
 .bss.write_user
                0x2000096c       0x18 ./Core/Src/main.o
                0x2000096c                write_user
 .bss.send_user
                0x20000984       0x18 ./Core/Src/main.o
                0x20000984                send_user
 .bss.uwTick    0x2000099c        0x4 ./Drivers/STM32F1xx_HAL_Driver/Src/stm32f1xx_hal.o
                0x2000099c                uwTick
 .bss.pFlash    0x200009a0       0x20 ./Drivers/STM32F1xx_HAL_Driver/Src/stm32f1xx_hal_flash.o
                0x200009a0                pFlash
 *(COMMON)
                0x200009c0                        . = ALIGN (0x4)
                0x200009c0                        _ebss = .
                0x200009c0                        __bss_end__ = _ebss

._user_heap_stack
                0x200009c0      0x600 load address 0x08009cb8
                0x200009c0                        . = ALIGN (0x8)
                [!provide]                        PROVIDE (end = .)
                0x200009c0                        PROVIDE (_end = .)
                0x20000bc0                        . = (. + _Min_Heap_Size)
 *fill*         0x200009c0      0x200 
                0x20000fc0                        . = (. + _Min_Stack_Size)
 *fill*         0x20000bc0      0x400 
                0x20000fc0                        . = ALIGN (0x8)

/DISCARD/
 libc.a(*)
 libm.a(*)
 libgcc.a(*)

.ARM.attributes
                0x00000000       0x29
 *(.ARM.attributes)
 .ARM.attributes
                0x00000000       0x1d C:/ST/STM32CubeIDE_1.18.1/STM32CubeIDE/plugins/com.st.stm32cube.ide.mcu.externaltools.gnu-tools-for-stm32.13.3.rel1.win32_1.0.0.202411081344/tools/bin/../lib/gcc/arm-none-eabi/13.3.1/thumb/v7-m/nofp/crti.o
 .ARM.attributes
                0x0000001d       0x2d C:/ST/STM32CubeIDE_1.18.1/STM32CubeIDE/plugins/com.st.stm32cube.ide.mcu.externaltools.gnu-tools-for-stm32.13.3.rel1.win32_1.0.0.202411081344/tools/bin/../lib/gcc/arm-none-eabi/13.3.1/thumb/v7-m/nofp/crtbegin.o
 .ARM.attributes
                0x0000004a       0x2d ./Core/Src/Ethernet/W5500/w5500.o
 .ARM.attributes
                0x00000077       0x2d ./Core/Src/Ethernet/W5500_SPI.o
 .ARM.attributes
                0x000000a4       0x2d ./Core/Src/Ethernet/socket.o
 .ARM.attributes
                0x000000d1       0x2d ./Core/Src/Ethernet/wizchip_conf.o
 .ARM.attributes
                0x000000fe       0x2d ./Core/Src/W25Qxx.o
 .ARM.attributes
                0x0000012b       0x2d ./Core/Src/main.o
 .ARM.attributes
                0x00000158       0x2d ./Core/Src/stm32f1xx_hal_msp.o
 .ARM.attributes
                0x00000185       0x2d ./Core/Src/stm32f1xx_it.o
 .ARM.attributes
                0x000001b2       0x2d ./Core/Src/system_stm32f1xx.o
 .ARM.attributes
                0x000001df       0x21 ./Core/Startup/startup_stm32f103c8tx.o
 .ARM.attributes
                0x00000200       0x2d ./Drivers/STM32F1xx_HAL_Driver/Src/stm32f1xx_hal.o
 .ARM.attributes
                0x0000022d       0x2d ./Drivers/STM32F1xx_HAL_Driver/Src/stm32f1xx_hal_can.o
 .ARM.attributes
                0x0000025a       0x2d ./Drivers/STM32F1xx_HAL_Driver/Src/stm32f1xx_hal_cortex.o
 .ARM.attributes
                0x00000287       0x2d ./Drivers/STM32F1xx_HAL_Driver/Src/stm32f1xx_hal_dma.o
 .ARM.attributes
                0x000002b4       0x2d ./Drivers/STM32F1xx_HAL_Driver/Src/stm32f1xx_hal_flash.o
 .ARM.attributes
                0x000002e1       0x2d ./Drivers/STM32F1xx_HAL_Driver/Src/stm32f1xx_hal_flash_ex.o
 .ARM.attributes
                0x0000030e       0x2d ./Drivers/STM32F1xx_HAL_Driver/Src/stm32f1xx_hal_gpio.o
 .ARM.attributes
                0x0000033b       0x2d ./Drivers/STM32F1xx_HAL_Driver/Src/stm32f1xx_hal_iwdg.o
 .ARM.attributes
                0x00000368       0x2d ./Drivers/STM32F1xx_HAL_Driver/Src/stm32f1xx_hal_rcc.o
 .ARM.attributes
                0x00000395       0x2d ./Drivers/STM32F1xx_HAL_Driver/Src/stm32f1xx_hal_spi.o
 .ARM.attributes
                0x000003c2       0x2d ./Drivers/STM32F1xx_HAL_Driver/Src/stm32f1xx_hal_tim.o
 .ARM.attributes
                0x000003ef       0x2d ./Drivers/STM32F1xx_HAL_Driver/Src/stm32f1xx_hal_tim_ex.o
 .ARM.attributes
                0x0000041c       0x2d ./Drivers/STM32F1xx_HAL_Driver/Src/stm32f1xx_hal_uart.o
 .ARM.attributes
                0x00000449       0x2d C:/ST/STM32CubeIDE_1.18.1/STM32CubeIDE/plugins/com.st.stm32cube.ide.mcu.externaltools.gnu-tools-for-stm32.13.3.rel1.win32_1.0.0.202411081344/tools/bin/../lib/gcc/arm-none-eabi/13.3.1/../../../../arm-none-eabi/lib/thumb/v7-m/nofp\libc_nano.a(libc_a-memset.o)
 .ARM.attributes
                0x00000476       0x2d C:/ST/STM32CubeIDE_1.18.1/STM32CubeIDE/plugins/com.st.stm32cube.ide.mcu.externaltools.gnu-tools-for-stm32.13.3.rel1.win32_1.0.0.202411081344/tools/bin/../lib/gcc/arm-none-eabi/13.3.1/../../../../arm-none-eabi/lib/thumb/v7-m/nofp\libc_nano.a(libc_a-strcat.o)
 .ARM.attributes
                0x000004a3       0x2d C:/ST/STM32CubeIDE_1.18.1/STM32CubeIDE/plugins/com.st.stm32cube.ide.mcu.externaltools.gnu-tools-for-stm32.13.3.rel1.win32_1.0.0.202411081344/tools/bin/../lib/gcc/arm-none-eabi/13.3.1/../../../../arm-none-eabi/lib/thumb/v7-m/nofp\libc_nano.a(libc_a-init.o)
 .ARM.attributes
                0x000004d0       0x2d C:/ST/STM32CubeIDE_1.18.1/STM32CubeIDE/plugins/com.st.stm32cube.ide.mcu.externaltools.gnu-tools-for-stm32.13.3.rel1.win32_1.0.0.202411081344/tools/bin/../lib/gcc/arm-none-eabi/13.3.1/../../../../arm-none-eabi/lib/thumb/v7-m/nofp\libc_nano.a(libc_a-strcpy.o)
 .ARM.attributes
                0x000004fd       0x17 C:/ST/STM32CubeIDE_1.18.1/STM32CubeIDE/plugins/com.st.stm32cube.ide.mcu.externaltools.gnu-tools-for-stm32.13.3.rel1.win32_1.0.0.202411081344/tools/bin/../lib/gcc/arm-none-eabi/13.3.1/../../../../arm-none-eabi/lib/thumb/v7-m/nofp\libc_nano.a(libc_a-strlen.o)
 .ARM.attributes
                0x00000514       0x1d C:/ST/STM32CubeIDE_1.18.1/STM32CubeIDE/plugins/com.st.stm32cube.ide.mcu.externaltools.gnu-tools-for-stm32.13.3.rel1.win32_1.0.0.202411081344/tools/bin/../lib/gcc/arm-none-eabi/13.3.1/thumb/v7-m/nofp/crtn.o
OUTPUT(RCB_realtime.elf elf32-littlearm)
LOAD linker stubs
LOAD C:/ST/STM32CubeIDE_1.18.1/STM32CubeIDE/plugins/com.st.stm32cube.ide.mcu.externaltools.gnu-tools-for-stm32.13.3.rel1.win32_1.0.0.202411081344/tools/bin/../lib/gcc/arm-none-eabi/13.3.1/../../../../arm-none-eabi/lib/thumb/v7-m/nofp\libc.a
LOAD C:/ST/STM32CubeIDE_1.18.1/STM32CubeIDE/plugins/com.st.stm32cube.ide.mcu.externaltools.gnu-tools-for-stm32.13.3.rel1.win32_1.0.0.202411081344/tools/bin/../lib/gcc/arm-none-eabi/13.3.1/../../../../arm-none-eabi/lib/thumb/v7-m/nofp\libm.a
LOAD C:/ST/STM32CubeIDE_1.18.1/STM32CubeIDE/plugins/com.st.stm32cube.ide.mcu.externaltools.gnu-tools-for-stm32.13.3.rel1.win32_1.0.0.202411081344/tools/bin/../lib/gcc/arm-none-eabi/13.3.1/thumb/v7-m/nofp\libgcc.a

.debug_info     0x00000000    0x14998
 .debug_info    0x00000000      0x539 ./Core/Src/Ethernet/W5500/w5500.o
 .debug_info    0x00000539      0x8cb ./Core/Src/Ethernet/W5500_SPI.o
 .debug_info    0x00000e04      0x73c ./Core/Src/Ethernet/socket.o
 .debug_info    0x00001540      0xc76 ./Core/Src/Ethernet/wizchip_conf.o
 .debug_info    0x000021b6     0x10af ./Core/Src/W25Qxx.o
 .debug_info    0x00003265     0x2dd0 ./Core/Src/main.o
 .debug_info    0x00006035     0x1531 ./Core/Src/stm32f1xx_hal_msp.o
 .debug_info    0x00007566      0xd9a ./Core/Src/stm32f1xx_it.o
 .debug_info    0x00008300      0x222 ./Core/Src/system_stm32f1xx.o
 .debug_info    0x00008522       0x30 ./Core/Startup/startup_stm32f103c8tx.o
 .debug_info    0x00008552      0x704 ./Drivers/STM32F1xx_HAL_Driver/Src/stm32f1xx_hal.o
 .debug_info    0x00008c56      0xf13 ./Drivers/STM32F1xx_HAL_Driver/Src/stm32f1xx_hal_can.o
 .debug_info    0x00009b69      0xa87 ./Drivers/STM32F1xx_HAL_Driver/Src/stm32f1xx_hal_cortex.o
 .debug_info    0x0000a5f0      0x6d2 ./Drivers/STM32F1xx_HAL_Driver/Src/stm32f1xx_hal_dma.o
 .debug_info    0x0000acc2      0x4f8 ./Drivers/STM32F1xx_HAL_Driver/Src/stm32f1xx_hal_flash.o
 .debug_info    0x0000b1ba      0x777 ./Drivers/STM32F1xx_HAL_Driver/Src/stm32f1xx_hal_flash_ex.o
 .debug_info    0x0000b931      0x5ab ./Drivers/STM32F1xx_HAL_Driver/Src/stm32f1xx_hal_gpio.o
 .debug_info    0x0000bedc      0x1d9 ./Drivers/STM32F1xx_HAL_Driver/Src/stm32f1xx_hal_iwdg.o
 .debug_info    0x0000c0b5      0x7d5 ./Drivers/STM32F1xx_HAL_Driver/Src/stm32f1xx_hal_rcc.o
 .debug_info    0x0000c88a     0x142d ./Drivers/STM32F1xx_HAL_Driver/Src/stm32f1xx_hal_spi.o
 .debug_info    0x0000dcb7     0x2959 ./Drivers/STM32F1xx_HAL_Driver/Src/stm32f1xx_hal_tim.o
 .debug_info    0x00010610     0x149b ./Drivers/STM32F1xx_HAL_Driver/Src/stm32f1xx_hal_tim_ex.o
 .debug_info    0x00011aab     0x2eed ./Drivers/STM32F1xx_HAL_Driver/Src/stm32f1xx_hal_uart.o

.debug_abbrev   0x00000000     0x34ce
 .debug_abbrev  0x00000000      0x21f ./Core/Src/Ethernet/W5500/w5500.o
 .debug_abbrev  0x0000021f      0x254 ./Core/Src/Ethernet/W5500_SPI.o
 .debug_abbrev  0x00000473      0x1c9 ./Core/Src/Ethernet/socket.o
 .debug_abbrev  0x0000063c      0x321 ./Core/Src/Ethernet/wizchip_conf.o
 .debug_abbrev  0x0000095d      0x361 ./Core/Src/W25Qxx.o
 .debug_abbrev  0x00000cbe      0x41f ./Core/Src/main.o
 .debug_abbrev  0x000010dd      0x2a1 ./Core/Src/stm32f1xx_hal_msp.o
 .debug_abbrev  0x0000137e      0x222 ./Core/Src/stm32f1xx_it.o
 .debug_abbrev  0x000015a0      0x13f ./Core/Src/system_stm32f1xx.o
 .debug_abbrev  0x000016df       0x24 ./Core/Startup/startup_stm32f103c8tx.o
 .debug_abbrev  0x00001703      0x201 ./Drivers/STM32F1xx_HAL_Driver/Src/stm32f1xx_hal.o
 .debug_abbrev  0x00001904      0x21c ./Drivers/STM32F1xx_HAL_Driver/Src/stm32f1xx_hal_can.o
 .debug_abbrev  0x00001b20      0x2f8 ./Drivers/STM32F1xx_HAL_Driver/Src/stm32f1xx_hal_cortex.o
 .debug_abbrev  0x00001e18      0x20b ./Drivers/STM32F1xx_HAL_Driver/Src/stm32f1xx_hal_dma.o
 .debug_abbrev  0x00002023      0x250 ./Drivers/STM32F1xx_HAL_Driver/Src/stm32f1xx_hal_flash.o
 .debug_abbrev  0x00002273      0x247 ./Drivers/STM32F1xx_HAL_Driver/Src/stm32f1xx_hal_flash_ex.o
 .debug_abbrev  0x000024ba      0x1ca ./Drivers/STM32F1xx_HAL_Driver/Src/stm32f1xx_hal_gpio.o
 .debug_abbrev  0x00002684      0x12c ./Drivers/STM32F1xx_HAL_Driver/Src/stm32f1xx_hal_iwdg.o
 .debug_abbrev  0x000027b0      0x2b3 ./Drivers/STM32F1xx_HAL_Driver/Src/stm32f1xx_hal_rcc.o
 .debug_abbrev  0x00002a63      0x27a ./Drivers/STM32F1xx_HAL_Driver/Src/stm32f1xx_hal_spi.o
 .debug_abbrev  0x00002cdd      0x277 ./Drivers/STM32F1xx_HAL_Driver/Src/stm32f1xx_hal_tim.o
 .debug_abbrev  0x00002f54      0x282 ./Drivers/STM32F1xx_HAL_Driver/Src/stm32f1xx_hal_tim_ex.o
 .debug_abbrev  0x000031d6      0x2f8 ./Drivers/STM32F1xx_HAL_Driver/Src/stm32f1xx_hal_uart.o

.debug_aranges  0x00000000     0x1498
 .debug_aranges
                0x00000000       0x60 ./Core/Src/Ethernet/W5500/w5500.o
 .debug_aranges
                0x00000060       0x50 ./Core/Src/Ethernet/W5500_SPI.o
 .debug_aranges
                0x000000b0       0x78 ./Core/Src/Ethernet/socket.o
 .debug_aranges
                0x00000128      0x138 ./Core/Src/Ethernet/wizchip_conf.o
 .debug_aranges
                0x00000260       0xf8 ./Core/Src/W25Qxx.o
 .debug_aranges
                0x00000358      0x120 ./Core/Src/main.o
 .debug_aranges
                0x00000478       0x60 ./Core/Src/stm32f1xx_hal_msp.o
 .debug_aranges
                0x000004d8       0x98 ./Core/Src/stm32f1xx_it.o
 .debug_aranges
                0x00000570       0x28 ./Core/Src/system_stm32f1xx.o
 .debug_aranges
                0x00000598       0x28 ./Core/Startup/startup_stm32f103c8tx.o
 .debug_aranges
                0x000005c0       0xe0 ./Drivers/STM32F1xx_HAL_Driver/Src/stm32f1xx_hal.o
 .debug_aranges
                0x000006a0      0x138 ./Drivers/STM32F1xx_HAL_Driver/Src/stm32f1xx_hal_can.o
 .debug_aranges
                0x000007d8      0x100 ./Drivers/STM32F1xx_HAL_Driver/Src/stm32f1xx_hal_cortex.o
 .debug_aranges
                0x000008d8       0x80 ./Drivers/STM32F1xx_HAL_Driver/Src/stm32f1xx_hal_dma.o
 .debug_aranges
                0x00000958       0x88 ./Drivers/STM32F1xx_HAL_Driver/Src/stm32f1xx_hal_flash.o
 .debug_aranges
                0x000009e0       0x98 ./Drivers/STM32F1xx_HAL_Driver/Src/stm32f1xx_hal_flash_ex.o
 .debug_aranges
                0x00000a78       0x58 ./Drivers/STM32F1xx_HAL_Driver/Src/stm32f1xx_hal_gpio.o
 .debug_aranges
                0x00000ad0       0x28 ./Drivers/STM32F1xx_HAL_Driver/Src/stm32f1xx_hal_iwdg.o
 .debug_aranges
                0x00000af8       0x90 ./Drivers/STM32F1xx_HAL_Driver/Src/stm32f1xx_hal_rcc.o
 .debug_aranges
                0x00000b88      0x1d0 ./Drivers/STM32F1xx_HAL_Driver/Src/stm32f1xx_hal_spi.o
 .debug_aranges
                0x00000d58      0x3d0 ./Drivers/STM32F1xx_HAL_Driver/Src/stm32f1xx_hal_tim.o
 .debug_aranges
                0x00001128      0x168 ./Drivers/STM32F1xx_HAL_Driver/Src/stm32f1xx_hal_tim_ex.o
 .debug_aranges
                0x00001290      0x208 ./Drivers/STM32F1xx_HAL_Driver/Src/stm32f1xx_hal_uart.o

.debug_rnglists
                0x00000000     0x1017
 .debug_rnglists
                0x00000000       0x4c ./Core/Src/Ethernet/W5500/w5500.o
 .debug_rnglists
                0x0000004c       0x38 ./Core/Src/Ethernet/W5500_SPI.o
 .debug_rnglists
                0x00000084       0x6d ./Core/Src/Ethernet/socket.o
 .debug_rnglists
                0x000000f1       0xed ./Core/Src/Ethernet/wizchip_conf.o
 .debug_rnglists
                0x000001de       0xba ./Core/Src/W25Qxx.o
 .debug_rnglists
                0x00000298       0xe2 ./Core/Src/main.o
 .debug_rnglists
                0x0000037a       0x47 ./Core/Src/stm32f1xx_hal_msp.o
 .debug_rnglists
                0x000003c1       0x6d ./Core/Src/stm32f1xx_it.o
 .debug_rnglists
                0x0000042e       0x1a ./Core/Src/system_stm32f1xx.o
 .debug_rnglists
                0x00000448       0x19 ./Core/Startup/startup_stm32f103c8tx.o
 .debug_rnglists
                0x00000461       0xa3 ./Drivers/STM32F1xx_HAL_Driver/Src/stm32f1xx_hal.o
 .debug_rnglists
                0x00000504       0xed ./Drivers/STM32F1xx_HAL_Driver/Src/stm32f1xx_hal_can.o
 .debug_rnglists
                0x000005f1       0xbb ./Drivers/STM32F1xx_HAL_Driver/Src/stm32f1xx_hal_cortex.o
 .debug_rnglists
                0x000006ac       0x64 ./Drivers/STM32F1xx_HAL_Driver/Src/stm32f1xx_hal_dma.o
 .debug_rnglists
                0x00000710       0x66 ./Drivers/STM32F1xx_HAL_Driver/Src/stm32f1xx_hal_flash.o
 .debug_rnglists
                0x00000776       0x73 ./Drivers/STM32F1xx_HAL_Driver/Src/stm32f1xx_hal_flash_ex.o
 .debug_rnglists
                0x000007e9       0x3f ./Drivers/STM32F1xx_HAL_Driver/Src/stm32f1xx_hal_gpio.o
 .debug_rnglists
                0x00000828       0x1a ./Drivers/STM32F1xx_HAL_Driver/Src/stm32f1xx_hal_iwdg.o
 .debug_rnglists
                0x00000842       0x6c ./Drivers/STM32F1xx_HAL_Driver/Src/stm32f1xx_hal_rcc.o
 .debug_rnglists
                0x000008ae      0x16e ./Drivers/STM32F1xx_HAL_Driver/Src/stm32f1xx_hal_spi.o
 .debug_rnglists
                0x00000a1c      0x31a ./Drivers/STM32F1xx_HAL_Driver/Src/stm32f1xx_hal_tim.o
 .debug_rnglists
                0x00000d36      0x125 ./Drivers/STM32F1xx_HAL_Driver/Src/stm32f1xx_hal_tim_ex.o
 .debug_rnglists
                0x00000e5b      0x1bc ./Drivers/STM32F1xx_HAL_Driver/Src/stm32f1xx_hal_uart.o

.debug_macro    0x00000000    0x19710
 .debug_macro   0x00000000       0x9d ./Core/Src/Ethernet/W5500/w5500.o
 .debug_macro   0x0000009d      0xacc ./Core/Src/Ethernet/W5500/w5500.o
 .debug_macro   0x00000b69       0x22 ./Core/Src/Ethernet/W5500/w5500.o
 .debug_macro   0x00000b8b       0x8e ./Core/Src/Ethernet/W5500/w5500.o
 .debug_macro   0x00000c19       0x51 ./Core/Src/Ethernet/W5500/w5500.o
 .debug_macro   0x00000c6a      0x103 ./Core/Src/Ethernet/W5500/w5500.o
 .debug_macro   0x00000d6d       0x6a ./Core/Src/Ethernet/W5500/w5500.o
 .debug_macro   0x00000dd7      0x1df ./Core/Src/Ethernet/W5500/w5500.o
 .debug_macro   0x00000fb6       0x6c ./Core/Src/Ethernet/W5500/w5500.o
 .debug_macro   0x00001022       0x66 ./Core/Src/Ethernet/W5500/w5500.o
 .debug_macro   0x00001088      0x5e7 ./Core/Src/Ethernet/W5500/w5500.o
 .debug_macro   0x0000166f      0x2bb ./Core/Src/Ethernet/W5500_SPI.o
 .debug_macro   0x0000192a      0x233 ./Core/Src/Ethernet/W5500_SPI.o
 .debug_macro   0x00001b5d       0x2e ./Core/Src/Ethernet/W5500_SPI.o
 .debug_macro   0x00001b8b       0x22 ./Core/Src/Ethernet/W5500_SPI.o
 .debug_macro   0x00001bad       0x1c ./Core/Src/Ethernet/W5500_SPI.o
 .debug_macro   0x00001bc9       0x22 ./Core/Src/Ethernet/W5500_SPI.o
 .debug_macro   0x00001beb       0xbd ./Core/Src/Ethernet/W5500_SPI.o
 .debug_macro   0x00001ca8      0xd23 ./Core/Src/Ethernet/W5500_SPI.o
 .debug_macro   0x000029cb     0xe09e ./Core/Src/Ethernet/W5500_SPI.o
 .debug_macro   0x00010a69       0x6d ./Core/Src/Ethernet/W5500_SPI.o
 .debug_macro   0x00010ad6     0x34a2 ./Core/Src/Ethernet/W5500_SPI.o
 .debug_macro   0x00013f78      0x190 ./Core/Src/Ethernet/W5500_SPI.o
 .debug_macro   0x00014108       0x5c ./Core/Src/Ethernet/W5500_SPI.o
 .debug_macro   0x00014164      0x5bc ./Core/Src/Ethernet/W5500_SPI.o
 .debug_macro   0x00014720      0x289 ./Core/Src/Ethernet/W5500_SPI.o
 .debug_macro   0x000149a9      0x1cb ./Core/Src/Ethernet/W5500_SPI.o
 .debug_macro   0x00014b74      0x114 ./Core/Src/Ethernet/W5500_SPI.o
 .debug_macro   0x00014c88      0x1b2 ./Core/Src/Ethernet/W5500_SPI.o
 .debug_macro   0x00014e3a       0x27 ./Core/Src/Ethernet/W5500_SPI.o
 .debug_macro   0x00014e61      0x136 ./Core/Src/Ethernet/W5500_SPI.o
 .debug_macro   0x00014f97      0x1bc ./Core/Src/Ethernet/W5500_SPI.o
 .debug_macro   0x00015153       0x34 ./Core/Src/Ethernet/W5500_SPI.o
 .debug_macro   0x00015187       0x3c ./Core/Src/Ethernet/W5500_SPI.o
 .debug_macro   0x000151c3      0x408 ./Core/Src/Ethernet/W5500_SPI.o
 .debug_macro   0x000155cb       0x57 ./Core/Src/Ethernet/W5500_SPI.o
 .debug_macro   0x00015622       0x87 ./Core/Src/Ethernet/W5500_SPI.o
 .debug_macro   0x000156a9      0x240 ./Core/Src/Ethernet/W5500_SPI.o
 .debug_macro   0x000158e9       0x78 ./Core/Src/Ethernet/W5500_SPI.o
 .debug_macro   0x00015961      0x140 ./Core/Src/Ethernet/W5500_SPI.o
 .debug_macro   0x00015aa1      0x217 ./Core/Src/Ethernet/W5500_SPI.o
 .debug_macro   0x00015cb8      0x8ed ./Core/Src/Ethernet/W5500_SPI.o
 .debug_macro   0x000165a5      0x28e ./Core/Src/Ethernet/W5500_SPI.o
 .debug_macro   0x00016833       0x83 ./Core/Src/Ethernet/W5500_SPI.o
 .debug_macro   0x000168b6       0x61 ./Core/Src/Ethernet/W5500_SPI.o
 .debug_macro   0x00016917       0x24 ./Core/Src/Ethernet/W5500_SPI.o
 .debug_macro   0x0001693b       0x43 ./Core/Src/Ethernet/W5500_SPI.o
 .debug_macro   0x0001697e       0x34 ./Core/Src/Ethernet/W5500_SPI.o
 .debug_macro   0x000169b2       0x16 ./Core/Src/Ethernet/W5500_SPI.o
 .debug_macro   0x000169c8       0x3c ./Core/Src/Ethernet/W5500_SPI.o
 .debug_macro   0x00016a04      0x370 ./Core/Src/Ethernet/W5500_SPI.o
 .debug_macro   0x00016d74       0x10 ./Core/Src/Ethernet/W5500_SPI.o
 .debug_macro   0x00016d84       0x16 ./Core/Src/Ethernet/W5500_SPI.o
 .debug_macro   0x00016d9a       0x4a ./Core/Src/Ethernet/W5500_SPI.o
 .debug_macro   0x00016de4       0x34 ./Core/Src/Ethernet/W5500_SPI.o
 .debug_macro   0x00016e18       0x10 ./Core/Src/Ethernet/W5500_SPI.o
 .debug_macro   0x00016e28       0x58 ./Core/Src/Ethernet/W5500_SPI.o
 .debug_macro   0x00016e80       0x8e ./Core/Src/Ethernet/W5500_SPI.o
 .debug_macro   0x00016f0e       0x1c ./Core/Src/Ethernet/W5500_SPI.o
 .debug_macro   0x00016f2a      0x185 ./Core/Src/Ethernet/W5500_SPI.o
 .debug_macro   0x000170af       0x16 ./Core/Src/Ethernet/W5500_SPI.o
 .debug_macro   0x000170c5       0x16 ./Core/Src/Ethernet/W5500_SPI.o
 .debug_macro   0x000170db      0x146 ./Core/Src/Ethernet/W5500_SPI.o
 .debug_macro   0x00017221       0xb8 ./Core/Src/Ethernet/socket.o
 .debug_macro   0x000172d9       0x94 ./Core/Src/Ethernet/wizchip_conf.o
 .debug_macro   0x0001736d      0x1d9 ./Core/Src/W25Qxx.o
 .debug_macro   0x00017546       0x82 ./Core/Src/W25Qxx.o
 .debug_macro   0x000175c8       0x16 ./Core/Src/W25Qxx.o
 .debug_macro   0x000175de      0x375 ./Core/Src/main.o
 .debug_macro   0x00017953       0x16 ./Core/Src/main.o
 .debug_macro   0x00017969       0x20 ./Core/Src/main.o
 .debug_macro   0x00017989       0x16 ./Core/Src/main.o
 .debug_macro   0x0001799f       0x16 ./Core/Src/main.o
 .debug_macro   0x000179b5       0x29 ./Core/Src/main.o
 .debug_macro   0x000179de       0x22 ./Core/Src/main.o
 .debug_macro   0x00017a00      0x1d0 ./Core/Src/stm32f1xx_hal_msp.o
 .debug_macro   0x00017bd0      0x1da ./Core/Src/stm32f1xx_it.o
 .debug_macro   0x00017daa      0x1c1 ./Core/Src/system_stm32f1xx.o
 .debug_macro   0x00017f6b      0x1e5 ./Drivers/STM32F1xx_HAL_Driver/Src/stm32f1xx_hal.o
 .debug_macro   0x00018150      0x1d0 ./Drivers/STM32F1xx_HAL_Driver/Src/stm32f1xx_hal_can.o
 .debug_macro   0x00018320      0x1c1 ./Drivers/STM32F1xx_HAL_Driver/Src/stm32f1xx_hal_cortex.o
 .debug_macro   0x000184e1      0x1c1 ./Drivers/STM32F1xx_HAL_Driver/Src/stm32f1xx_hal_dma.o
 .debug_macro   0x000186a2      0x1c1 ./Drivers/STM32F1xx_HAL_Driver/Src/stm32f1xx_hal_flash.o
 .debug_macro   0x00018863      0x1d3 ./Drivers/STM32F1xx_HAL_Driver/Src/stm32f1xx_hal_flash_ex.o
 .debug_macro   0x00018a36      0x22c ./Drivers/STM32F1xx_HAL_Driver/Src/stm32f1xx_hal_gpio.o
 .debug_macro   0x00018c62      0x1cd ./Drivers/STM32F1xx_HAL_Driver/Src/stm32f1xx_hal_iwdg.o
 .debug_macro   0x00018e2f      0x1d3 ./Drivers/STM32F1xx_HAL_Driver/Src/stm32f1xx_hal_rcc.o
 .debug_macro   0x00019002      0x1c9 ./Drivers/STM32F1xx_HAL_Driver/Src/stm32f1xx_hal_spi.o
 .debug_macro   0x000191cb      0x1c2 ./Drivers/STM32F1xx_HAL_Driver/Src/stm32f1xx_hal_tim.o
 .debug_macro   0x0001938d      0x1c1 ./Drivers/STM32F1xx_HAL_Driver/Src/stm32f1xx_hal_tim_ex.o
 .debug_macro   0x0001954e      0x1c2 ./Drivers/STM32F1xx_HAL_Driver/Src/stm32f1xx_hal_uart.o

.debug_line     0x00000000    0x1734a
 .debug_line    0x00000000      0x85c ./Core/Src/Ethernet/W5500/w5500.o
 .debug_line    0x0000085c      0xa04 ./Core/Src/Ethernet/W5500_SPI.o
 .debug_line    0x00001260      0xfe8 ./Core/Src/Ethernet/socket.o
 .debug_line    0x00002248      0xc6e ./Core/Src/Ethernet/wizchip_conf.o
 .debug_line    0x00002eb6      0xd89 ./Core/Src/W25Qxx.o
 .debug_line    0x00003c3f     0x215d ./Core/Src/main.o
 .debug_line    0x00005d9c      0x900 ./Core/Src/stm32f1xx_hal_msp.o
 .debug_line    0x0000669c      0x899 ./Core/Src/stm32f1xx_it.o
 .debug_line    0x00006f35      0x7c1 ./Core/Src/system_stm32f1xx.o
 .debug_line    0x000076f6       0x78 ./Core/Startup/startup_stm32f103c8tx.o
 .debug_line    0x0000776e      0x9f2 ./Drivers/STM32F1xx_HAL_Driver/Src/stm32f1xx_hal.o
 .debug_line    0x00008160     0x11eb ./Drivers/STM32F1xx_HAL_Driver/Src/stm32f1xx_hal_can.o
 .debug_line    0x0000934b      0xbbc ./Drivers/STM32F1xx_HAL_Driver/Src/stm32f1xx_hal_cortex.o
 .debug_line    0x00009f07      0xdfc ./Drivers/STM32F1xx_HAL_Driver/Src/stm32f1xx_hal_dma.o
 .debug_line    0x0000ad03      0xaa6 ./Drivers/STM32F1xx_HAL_Driver/Src/stm32f1xx_hal_flash.o
 .debug_line    0x0000b7a9      0xbb9 ./Drivers/STM32F1xx_HAL_Driver/Src/stm32f1xx_hal_flash_ex.o
 .debug_line    0x0000c362      0xa4f ./Drivers/STM32F1xx_HAL_Driver/Src/stm32f1xx_hal_gpio.o
 .debug_line    0x0000cdb1      0x7c1 ./Drivers/STM32F1xx_HAL_Driver/Src/stm32f1xx_hal_iwdg.o
 .debug_line    0x0000d572      0xeab ./Drivers/STM32F1xx_HAL_Driver/Src/stm32f1xx_hal_rcc.o
 .debug_line    0x0000e41d     0x1c89 ./Drivers/STM32F1xx_HAL_Driver/Src/stm32f1xx_hal_spi.o
 .debug_line    0x000100a6     0x34e0 ./Drivers/STM32F1xx_HAL_Driver/Src/stm32f1xx_hal_tim.o
 .debug_line    0x00013586     0x18b6 ./Drivers/STM32F1xx_HAL_Driver/Src/stm32f1xx_hal_tim_ex.o
 .debug_line    0x00014e3c     0x250e ./Drivers/STM32F1xx_HAL_Driver/Src/stm32f1xx_hal_uart.o

.debug_str      0x00000000    0x93808
 .debug_str     0x00000000    0x93808 ./Core/Src/Ethernet/W5500/w5500.o
                               0x6a88 (size before relaxing)
 .debug_str     0x00093808    0x8dab4 ./Core/Src/Ethernet/W5500_SPI.o
 .debug_str     0x00093808     0x70db ./Core/Src/Ethernet/socket.o
 .debug_str     0x00093808     0x7381 ./Core/Src/Ethernet/wizchip_conf.o
 .debug_str     0x00093808    0x87a92 ./Core/Src/W25Qxx.o
 .debug_str     0x00093808    0x8f8e2 ./Core/Src/main.o
 .debug_str     0x00093808    0x88309 ./Core/Src/stm32f1xx_hal_msp.o
 .debug_str     0x00093808    0x87e34 ./Core/Src/stm32f1xx_it.o
 .debug_str     0x00093808    0x87218 ./Core/Src/system_stm32f1xx.o
 .debug_str     0x00093808       0x64 ./Core/Startup/startup_stm32f103c8tx.o
 .debug_str     0x00093808    0x8794b ./Drivers/STM32F1xx_HAL_Driver/Src/stm32f1xx_hal.o
 .debug_str     0x00093808    0x87a20 ./Drivers/STM32F1xx_HAL_Driver/Src/stm32f1xx_hal_can.o
 .debug_str     0x00093808    0x87897 ./Drivers/STM32F1xx_HAL_Driver/Src/stm32f1xx_hal_cortex.o
 .debug_str     0x00093808    0x875c1 ./Drivers/STM32F1xx_HAL_Driver/Src/stm32f1xx_hal_dma.o
 .debug_str     0x00093808    0x874f3 ./Drivers/STM32F1xx_HAL_Driver/Src/stm32f1xx_hal_flash.o
 .debug_str     0x00093808    0x876a1 ./Drivers/STM32F1xx_HAL_Driver/Src/stm32f1xx_hal_flash_ex.o
 .debug_str     0x00093808    0x8759e ./Drivers/STM32F1xx_HAL_Driver/Src/stm32f1xx_hal_gpio.o
 .debug_str     0x00093808    0x872e3 ./Drivers/STM32F1xx_HAL_Driver/Src/stm32f1xx_hal_iwdg.o
 .debug_str     0x00093808    0x87647 ./Drivers/STM32F1xx_HAL_Driver/Src/stm32f1xx_hal_rcc.o
 .debug_str     0x00093808    0x87b3e ./Drivers/STM32F1xx_HAL_Driver/Src/stm32f1xx_hal_spi.o
 .debug_str     0x00093808    0x88649 ./Drivers/STM32F1xx_HAL_Driver/Src/stm32f1xx_hal_tim.o
 .debug_str     0x00093808    0x87e55 ./Drivers/STM32F1xx_HAL_Driver/Src/stm32f1xx_hal_tim_ex.o
 .debug_str     0x00093808    0x87cb8 ./Drivers/STM32F1xx_HAL_Driver/Src/stm32f1xx_hal_uart.o

.comment        0x00000000       0x43
 .comment       0x00000000       0x43 ./Core/Src/Ethernet/W5500/w5500.o
                                 0x44 (size before relaxing)
 .comment       0x00000043       0x44 ./Core/Src/Ethernet/W5500_SPI.o
 .comment       0x00000043       0x44 ./Core/Src/Ethernet/socket.o
 .comment       0x00000043       0x44 ./Core/Src/Ethernet/wizchip_conf.o
 .comment       0x00000043       0x44 ./Core/Src/W25Qxx.o
 .comment       0x00000043       0x44 ./Core/Src/main.o
 .comment       0x00000043       0x44 ./Core/Src/stm32f1xx_hal_msp.o
 .comment       0x00000043       0x44 ./Core/Src/stm32f1xx_it.o
 .comment       0x00000043       0x44 ./Core/Src/system_stm32f1xx.o
 .comment       0x00000043       0x44 ./Drivers/STM32F1xx_HAL_Driver/Src/stm32f1xx_hal.o
 .comment       0x00000043       0x44 ./Drivers/STM32F1xx_HAL_Driver/Src/stm32f1xx_hal_can.o
 .comment       0x00000043       0x44 ./Drivers/STM32F1xx_HAL_Driver/Src/stm32f1xx_hal_cortex.o
 .comment       0x00000043       0x44 ./Drivers/STM32F1xx_HAL_Driver/Src/stm32f1xx_hal_dma.o
 .comment       0x00000043       0x44 ./Drivers/STM32F1xx_HAL_Driver/Src/stm32f1xx_hal_flash.o
 .comment       0x00000043       0x44 ./Drivers/STM32F1xx_HAL_Driver/Src/stm32f1xx_hal_flash_ex.o
 .comment       0x00000043       0x44 ./Drivers/STM32F1xx_HAL_Driver/Src/stm32f1xx_hal_gpio.o
 .comment       0x00000043       0x44 ./Drivers/STM32F1xx_HAL_Driver/Src/stm32f1xx_hal_iwdg.o
 .comment       0x00000043       0x44 ./Drivers/STM32F1xx_HAL_Driver/Src/stm32f1xx_hal_rcc.o
 .comment       0x00000043       0x44 ./Drivers/STM32F1xx_HAL_Driver/Src/stm32f1xx_hal_spi.o
 .comment       0x00000043       0x44 ./Drivers/STM32F1xx_HAL_Driver/Src/stm32f1xx_hal_tim.o
 .comment       0x00000043       0x44 ./Drivers/STM32F1xx_HAL_Driver/Src/stm32f1xx_hal_tim_ex.o
 .comment       0x00000043       0x44 ./Drivers/STM32F1xx_HAL_Driver/Src/stm32f1xx_hal_uart.o

.debug_frame    0x00000000     0x56dc
 .debug_frame   0x00000000      0x16c ./Core/Src/Ethernet/W5500/w5500.o
 .debug_frame   0x0000016c      0x100 ./Core/Src/Ethernet/W5500_SPI.o
 .debug_frame   0x0000026c      0x1d4 ./Core/Src/Ethernet/socket.o
 .debug_frame   0x00000440      0x534 ./Core/Src/Ethernet/wizchip_conf.o
 .debug_frame   0x00000974      0x428 ./Core/Src/W25Qxx.o
 .debug_frame   0x00000d9c      0x4b4 ./Core/Src/main.o
 .debug_frame   0x00001250      0x158 ./Core/Src/stm32f1xx_hal_msp.o
 .debug_frame   0x000013a8      0x1c8 ./Core/Src/stm32f1xx_it.o
 .debug_frame   0x00001570       0x58 ./Core/Src/system_stm32f1xx.o
 .debug_frame   0x000015c8      0x334 ./Drivers/STM32F1xx_HAL_Driver/Src/stm32f1xx_hal.o
 .debug_frame   0x000018fc      0x5a0 ./Drivers/STM32F1xx_HAL_Driver/Src/stm32f1xx_hal_can.o
 .debug_frame   0x00001e9c      0x428 ./Drivers/STM32F1xx_HAL_Driver/Src/stm32f1xx_hal_cortex.o
 .debug_frame   0x000022c4      0x208 ./Drivers/STM32F1xx_HAL_Driver/Src/stm32f1xx_hal_dma.o
 .debug_frame   0x000024cc      0x20c ./Drivers/STM32F1xx_HAL_Driver/Src/stm32f1xx_hal_flash.o
 .debug_frame   0x000026d8      0x258 ./Drivers/STM32F1xx_HAL_Driver/Src/stm32f1xx_hal_flash_ex.o
 .debug_frame   0x00002930      0x14c ./Drivers/STM32F1xx_HAL_Driver/Src/stm32f1xx_hal_gpio.o
 .debug_frame   0x00002a7c       0x5c ./Drivers/STM32F1xx_HAL_Driver/Src/stm32f1xx_hal_iwdg.o