../Core/Src/Ethernet/wizchip_conf.c:68:9:wizchip_cris_enter	4	static
../Core/Src/Ethernet/wizchip_conf.c:76:9:wizchip_cris_exit	4	static
../Core/Src/Ethernet/wizchip_conf.c:84:7:wizchip_cs_select	4	static
../Core/Src/Ethernet/wizchip_conf.c:92:7:wizchip_cs_deselect	4	static
../Core/Src/Ethernet/wizchip_conf.c:101:10:wizchip_bus_readdata	16	static
../Core/Src/Ethernet/wizchip_conf.c:110:7:wizchip_bus_writedata	16	static
../Core/Src/Ethernet/wizchip_conf.c:118:9:wizchip_spi_readbyte	4	static
../Core/Src/Ethernet/wizchip_conf.c:126:7:wizchip_spi_writebyte	16	static
../Core/Src/Ethernet/wizchip_conf.c:134:7:wizchip_spi_readburst	16	static
../Core/Src/Ethernet/wizchip_conf.c:142:7:wizchip_spi_writeburst	16	static
../Core/Src/Ethernet/wizchip_conf.c:194:6:reg_wizchip_cris_cbfunc	16	static
../Core/Src/Ethernet/wizchip_conf.c:208:6:reg_wizchip_cs_cbfunc	16	static
../Core/Src/Ethernet/wizchip_conf.c:224:6:reg_wizchip_bus_cbfunc	16	static
../Core/Src/Ethernet/wizchip_conf.c:252:6:reg_wizchip_spi_cbfunc	16	static
../Core/Src/Ethernet/wizchip_conf.c:269:6:reg_wizchip_spiburst_cbfunc	16	static
../Core/Src/Ethernet/wizchip_conf.c:285:8:ctlwizchip	40	static
../Core/Src/Ethernet/wizchip_conf.c:368:8:ctlnetwork	16	static
../Core/Src/Ethernet/wizchip_conf.c:396:6:wizchip_sw_reset	32	static
../Core/Src/Ethernet/wizchip_conf.c:421:8:wizchip_init	24	static
../Core/Src/Ethernet/wizchip_conf.c:503:6:wizchip_clrinterrupt	24	static
../Core/Src/Ethernet/wizchip_conf.c:535:11:wizchip_getinterrupt	16	static
../Core/Src/Ethernet/wizchip_conf.c:566:6:wizchip_setinterruptmask	24	static
../Core/Src/Ethernet/wizchip_conf.c:590:11:wizchip_getinterruptmask	16	static
../Core/Src/Ethernet/wizchip_conf.c:619:8:wizphy_getphylink	16	static
../Core/Src/Ethernet/wizchip_conf.c:640:8:wizphy_getphypmode	16	static
../Core/Src/Ethernet/wizchip_conf.c:743:6:wizphy_reset	16	static
../Core/Src/Ethernet/wizchip_conf.c:753:6:wizphy_setphyconf	24	static
../Core/Src/Ethernet/wizchip_conf.c:783:6:wizphy_getphyconf	24	static
../Core/Src/Ethernet/wizchip_conf.c:822:6:wizphy_getphystat	24	static
../Core/Src/Ethernet/wizchip_conf.c:829:8:wizphy_setphypmode	24	static
../Core/Src/Ethernet/wizchip_conf.c:855:6:wizchip_setnetinfo	16	static
../Core/Src/Ethernet/wizchip_conf.c:868:6:wizchip_getnetinfo	16	static
../Core/Src/Ethernet/wizchip_conf.c:881:8:wizchip_setnetmode	24	static
../Core/Src/Ethernet/wizchip_conf.c:895:14:wizchip_getnetmode	8	static
../Core/Src/Ethernet/wizchip_conf.c:900:6:wizchip_settimeout	16	static
../Core/Src/Ethernet/wizchip_conf.c:906:6:wizchip_gettimeout	24	static
