../Core/Src/main.c:159:6:HAL_UARTEx_RxEventCallback	24	static
../Core/Src/main.c:258:6:HAL_GPIO_EXTI_Callback	16	static
../Core/Src/main.c:289:6:HAL_TIM_PeriodElapsedCallback	24	static
../Core/Src/main.c:331:6:HAL_CAN_RxFifo0MsgPendingCallback	16	static
../Core/Src/main.c:354:5:main	232	static
../Core/Src/main.c:1085:6:SystemClock_Config	72	static
../Core/Src/main.c:1126:13:MX_CAN_Init	8	static
../Core/Src/main.c:1163:13:MX_IWDG_Init	8	static
../Core/Src/main.c:1191:13:MX_SPI1_Init	8	static
../Core/Src/main.c:1229:13:MX_SPI2_Init	8	static
../Core/Src/main.c:1267:13:MX_TIM2_Init	32	static
../Core/Src/main.c:1312:13:MX_TIM3_Init	32	static
../Core/Src/main.c:1357:13:MX_USART1_UART_Init	8	static
../Core/Src/main.c:1388:13:MX_DMA_Init	16	static
../Core/Src/main.c:1406:13:MX_GPIO_Init	40	static
../Core/Src/main.c:1498:6:sendData_eth	24	static
../Core/Src/main.c:1509:6:send_u8_eth	24	static
../Core/Src/main.c:1518:6:sendString	40	static
../Core/Src/main.c:1531:6:sendData_eth_info	48	static
../Core/Src/main.c:1543:6:sendData_eth_CardID	56	dynamic
../Core/Src/main.c:1575:6:sendData_uart	24	static
../Core/Src/main.c:1588:6:sendString_uart	24	static
../Core/Src/main.c:1603:6:sendString_info_uart	48	static
../Core/Src/main.c:1619:6:save_data	120	static
../Core/Src/main.c:1640:13:binary_search	112	static
../Core/Src/main.c:1658:6:new_card_update	40	static
../Core/Src/main.c:1672:6:shift_left_1bit	32	static
../Core/Src/main.c:1685:6:calculate_data_can	40	static
../Core/Src/main.c:1737:9:reconect_eth	24	static
../Core/Src/main.c:1764:6:Set_speed_can	56	static
../Core/Src/main.c:1805:16:is_leap_year	16	static
../Core/Src/main.c:1820:10:mktime	32	static
../Core/Src/main.c:1853:6:Error_Handler	4	static,ignoring_inline_asm
