../Core/Src/main.c:171:6:HAL_UARTEx_RxEventCallback	16	static
../Core/Src/main.c:209:6:HAL_GPIO_EXTI_Callback	16	static
../Core/Src/main.c:240:6:HAL_TIM_PeriodElapsedCallback	24	static
../Core/Src/main.c:294:6:HAL_CAN_RxFifo0MsgPendingCallback	16	static
../Core/Src/main.c:317:5:main	232	static
../Core/Src/main.c:1043:6:SystemClock_Config	72	static
../Core/Src/main.c:1084:13:MX_CAN_Init	8	static
../Core/Src/main.c:1121:13:MX_IWDG_Init	8	static
../Core/Src/main.c:1149:13:MX_SPI1_Init	8	static
../Core/Src/main.c:1187:13:MX_SPI2_Init	8	static
../Core/Src/main.c:1225:13:MX_TIM2_Init	32	static
../Core/Src/main.c:1270:13:MX_TIM3_Init	32	static
../Core/Src/main.c:1315:13:MX_USART1_UART_Init	8	static
../Core/Src/main.c:1346:13:MX_DMA_Init	16	static
../Core/Src/main.c:1364:13:MX_GPIO_Init	40	static
../Core/Src/main.c:1456:6:sendData_eth	24	static
../Core/Src/main.c:1469:6:send_u8_eth	24	static
../Core/Src/main.c:1480:6:sendString	48	dynamic
../Core/Src/main.c:1494:6:sendData_eth_info	48	static
../Core/Src/main.c:1508:6:sendData_eth_CardID	56	dynamic
../Core/Src/main.c:1543:6:sendData_uart	24	static
../Core/Src/main.c:1558:6:save_data	120	static
../Core/Src/main.c:1578:6:save_time	48	static
../Core/Src/main.c:1590:13:binary_search	80	static
../Core/Src/main.c:1611:6:new_card_update	40	static
../Core/Src/main.c:1625:6:shift_left_1bit	32	static
../Core/Src/main.c:1638:6:calculate_data_can	40	static
../Core/Src/main.c:1690:9:reconect_eth	24	static
../Core/Src/main.c:1721:6:Set_speed_can	56	static
../Core/Src/main.c:1762:16:is_leap_year	16	static
../Core/Src/main.c:1772:10:mktime	32	static
../Core/Src/main.c:1816:6:Error_Handler	4	static,ignoring_inline_asm
