../Core/Src/main.c:145:6:HAL_UARTEx_RxEventCallback	56	static
../Core/Src/main.c:254:6:HAL_GPIO_EXTI_Callback	16	static
../Core/Src/main.c:285:6:HAL_TIM_PeriodElapsedCallback	24	static
../Core/Src/main.c:327:6:HAL_CAN_RxFifo0MsgPendingCallback	16	static
../Core/Src/main.c:350:5:main	184	static
../Core/Src/main.c:1064:6:SystemClock_Config	72	static
../Core/Src/main.c:1105:13:MX_CAN_Init	8	static
../Core/Src/main.c:1142:13:MX_IWDG_Init	8	static
../Core/Src/main.c:1170:13:MX_SPI1_Init	8	static
../Core/Src/main.c:1208:13:MX_SPI2_Init	8	static
../Core/Src/main.c:1246:13:MX_TIM2_Init	32	static
../Core/Src/main.c:1291:13:MX_TIM3_Init	32	static
../Core/Src/main.c:1336:13:MX_USART1_UART_Init	8	static
../Core/Src/main.c:1367:13:MX_DMA_Init	16	static
../Core/Src/main.c:1385:13:MX_GPIO_Init	40	static
../Core/Src/main.c:1477:6:sendData_eth	24	static
../Core/Src/main.c:1488:6:send_u8_eth	24	static
../Core/Src/main.c:1497:6:sendString	24	static
../Core/Src/main.c:1510:6:sendData_eth_info	48	static
../Core/Src/main.c:1522:6:sendData_eth_CardID	32	static
../Core/Src/main.c:1547:6:sendData_uart	24	static
../Core/Src/main.c:1560:6:sendString_uart	24	static
../Core/Src/main.c:1575:6:sendString_info_uart	48	static
../Core/Src/main.c:1591:6:save_data	120	static
../Core/Src/main.c:1612:13:binary_search	96	static
../Core/Src/main.c:1630:6:new_card_update	40	static
../Core/Src/main.c:1644:6:shift_left_1bit	32	static
../Core/Src/main.c:1657:6:calculate_data_can	40	static
../Core/Src/main.c:1709:9:reconect_eth	24	static
../Core/Src/main.c:1742:6:Set_speed_can	56	static
../Core/Src/main.c:1783:16:is_leap_year	16	static
../Core/Src/main.c:1798:10:mktime	32	static
../Core/Src/main.c:1831:6:Error_Handler	4	static,ignoring_inline_asm
