../Core/Src/main.c:145:6:HAL_UARTEx_RxEventCallback	24	static
../Core/Src/main.c:234:6:HAL_GPIO_EXTI_Callback	16	static
../Core/Src/main.c:265:6:HAL_TIM_PeriodElapsedCallback	24	static
../Core/Src/main.c:307:6:HAL_CAN_RxFifo0MsgPendingCallback	16	static
../Core/Src/main.c:330:5:main	184	static
../Core/Src/main.c:1015:6:SystemClock_Config	72	static
../Core/Src/main.c:1056:13:MX_CAN_Init	8	static
../Core/Src/main.c:1093:13:MX_IWDG_Init	8	static
../Core/Src/main.c:1121:13:MX_SPI1_Init	8	static
../Core/Src/main.c:1159:13:MX_SPI2_Init	8	static
../Core/Src/main.c:1197:13:MX_TIM2_Init	32	static
../Core/Src/main.c:1242:13:MX_TIM3_Init	32	static
../Core/Src/main.c:1287:13:MX_USART1_UART_Init	8	static
../Core/Src/main.c:1318:13:MX_DMA_Init	16	static
../Core/Src/main.c:1336:13:MX_GPIO_Init	40	static
../Core/Src/main.c:1428:6:sendData_eth	24	static
../Core/Src/main.c:1439:6:send_u8_eth	24	static
../Core/Src/main.c:1448:6:sendString	24	static
../Core/Src/main.c:1461:6:sendData_eth_info	48	static
../Core/Src/main.c:1473:6:sendData_eth_CardID	32	static
../Core/Src/main.c:1498:6:sendData_uart	24	static
../Core/Src/main.c:1511:6:sendString_uart	24	static
../Core/Src/main.c:1526:6:sendString_info_uart	48	static
../Core/Src/main.c:1542:6:save_data	120	static
../Core/Src/main.c:1563:13:binary_search	96	static
../Core/Src/main.c:1581:6:new_card_update	40	static
../Core/Src/main.c:1595:6:shift_left_1bit	32	static
../Core/Src/main.c:1608:6:calculate_data_can	40	static
../Core/Src/main.c:1660:9:reconect_eth	24	static
../Core/Src/main.c:1687:6:Set_speed_can	56	static
../Core/Src/main.c:1728:16:is_leap_year	16	static
../Core/Src/main.c:1743:10:mktime	32	static
../Core/Src/main.c:1776:6:Error_Handler	4	static,ignoring_inline_asm
