../Core/Src/main.c:159:6:HAL_UARTEx_RxEventCallback	16	static
../Core/Src/main.c:197:6:HAL_GPIO_EXTI_Callback	16	static
../Core/Src/main.c:228:6:HAL_TIM_PeriodElapsedCallback	24	static
../Core/Src/main.c:270:6:HAL_CAN_RxFifo0MsgPendingCallback	16	static
../Core/Src/main.c:293:5:main	232	static
../Core/Src/main.c:968:6:SystemClock_Config	72	static
../Core/Src/main.c:1009:13:MX_CAN_Init	8	static
../Core/Src/main.c:1046:13:MX_IWDG_Init	8	static
../Core/Src/main.c:1074:13:MX_SPI1_Init	8	static
../Core/Src/main.c:1112:13:MX_SPI2_Init	8	static
../Core/Src/main.c:1150:13:MX_TIM2_Init	32	static
../Core/Src/main.c:1195:13:MX_TIM3_Init	32	static
../Core/Src/main.c:1240:13:MX_USART1_UART_Init	8	static
../Core/Src/main.c:1271:13:MX_DMA_Init	16	static
../Core/Src/main.c:1289:13:MX_GPIO_Init	40	static
../Core/Src/main.c:1381:6:sendData_eth	24	static
../Core/Src/main.c:1392:6:send_u8_eth	24	static
../Core/Src/main.c:1401:6:sendString	40	static
../Core/Src/main.c:1414:6:sendData_eth_info	48	static
../Core/Src/main.c:1426:6:sendData_eth_CardID	56	dynamic
../Core/Src/main.c:1458:6:sendData_uart	24	static
../Core/Src/main.c:1471:6:sendString_uart	24	static
../Core/Src/main.c:1486:6:sendString_info_uart	48	static
../Core/Src/main.c:1502:6:save_data	120	static
../Core/Src/main.c:1523:13:binary_search	112	static
../Core/Src/main.c:1541:6:new_card_update	40	static
../Core/Src/main.c:1555:6:shift_left_1bit	32	static
../Core/Src/main.c:1568:6:calculate_data_can	40	static
../Core/Src/main.c:1620:9:reconect_eth	24	static
../Core/Src/main.c:1649:6:Set_speed_can	56	static
../Core/Src/main.c:1690:16:is_leap_year	16	static
../Core/Src/main.c:1705:10:mktime	32	static
../Core/Src/main.c:1738:6:Error_Handler	4	static,ignoring_inline_asm
