../Core/Src/main.c:171:6:HAL_UARTEx_RxEventCallback	16	static
../Core/Src/main.c:209:6:HAL_GPIO_EXTI_Callback	16	static
../Core/Src/main.c:240:6:HAL_TIM_PeriodElapsedCallback	24	static
../Core/Src/main.c:286:6:HAL_CAN_RxFifo0MsgPendingCallback	16	static
../Core/Src/main.c:309:5:main	232	static
../Core/Src/main.c:1034:6:SystemClock_Config	72	static
../Core/Src/main.c:1075:13:MX_CAN_Init	8	static
../Core/Src/main.c:1112:13:MX_IWDG_Init	8	static
../Core/Src/main.c:1140:13:MX_SPI1_Init	8	static
../Core/Src/main.c:1178:13:MX_SPI2_Init	8	static
../Core/Src/main.c:1216:13:MX_TIM2_Init	32	static
../Core/Src/main.c:1261:13:MX_TIM3_Init	32	static
../Core/Src/main.c:1306:13:MX_USART1_UART_Init	8	static
../Core/Src/main.c:1337:13:MX_DMA_Init	16	static
../Core/Src/main.c:1355:13:MX_GPIO_Init	40	static
../Core/Src/main.c:1447:6:sendData_eth	24	static
../Core/Src/main.c:1460:6:send_u8_eth	24	static
../Core/Src/main.c:1471:6:sendString	48	dynamic
../Core/Src/main.c:1485:6:sendData_eth_info	48	static
../Core/Src/main.c:1499:6:sendData_eth_CardID	56	dynamic
../Core/Src/main.c:1534:6:sendData_uart	24	static
../Core/Src/main.c:1549:6:save_data	120	static
../Core/Src/main.c:1569:6:save_time	48	static
../Core/Src/main.c:1581:13:binary_search	80	static
../Core/Src/main.c:1602:6:new_card_update	40	static
../Core/Src/main.c:1616:6:shift_left_1bit	32	static
../Core/Src/main.c:1629:6:calculate_data_can	40	static
../Core/Src/main.c:1681:9:reconect_eth	24	static
../Core/Src/main.c:1712:6:Set_speed_can	56	static
../Core/Src/main.c:1753:16:is_leap_year	16	static
../Core/Src/main.c:1763:10:mktime	32	static
../Core/Src/main.c:1807:6:Error_Handler	4	static,ignoring_inline_asm
