../Core/Src/main.c:171:6:HAL_UARTEx_RxEventCallback	16	static
../Core/Src/main.c:209:6:HAL_GPIO_EXTI_Callback	16	static
../Core/Src/main.c:240:6:HAL_TIM_PeriodElapsedCallback	24	static
../Core/Src/main.c:294:6:HAL_CAN_RxFifo0MsgPendingCallback	16	static
../Core/Src/main.c:317:5:main	232	static
../Core/Src/main.c:1042:6:SystemClock_Config	72	static
../Core/Src/main.c:1083:13:MX_CAN_Init	8	static
../Core/Src/main.c:1120:13:MX_IWDG_Init	8	static
../Core/Src/main.c:1148:13:MX_SPI1_Init	8	static
../Core/Src/main.c:1186:13:MX_SPI2_Init	8	static
../Core/Src/main.c:1224:13:MX_TIM2_Init	32	static
../Core/Src/main.c:1269:13:MX_TIM3_Init	32	static
../Core/Src/main.c:1314:13:MX_USART1_UART_Init	8	static
../Core/Src/main.c:1345:13:MX_DMA_Init	16	static
../Core/Src/main.c:1363:13:MX_GPIO_Init	40	static
../Core/Src/main.c:1455:6:sendData_eth	24	static
../Core/Src/main.c:1468:6:send_u8_eth	24	static
../Core/Src/main.c:1479:6:sendString	48	dynamic
../Core/Src/main.c:1493:6:sendData_eth_info	48	static
../Core/Src/main.c:1507:6:sendData_eth_CardID	56	dynamic
../Core/Src/main.c:1542:6:sendData_uart	24	static
../Core/Src/main.c:1557:6:save_data	120	static
../Core/Src/main.c:1577:6:save_time	48	static
../Core/Src/main.c:1589:13:binary_search	80	static
../Core/Src/main.c:1610:6:new_card_update	40	static
../Core/Src/main.c:1624:6:shift_left_1bit	32	static
../Core/Src/main.c:1637:6:calculate_data_can	40	static
../Core/Src/main.c:1689:9:reconect_eth	24	static
../Core/Src/main.c:1720:6:Set_speed_can	56	static
../Core/Src/main.c:1761:16:is_leap_year	16	static
../Core/Src/main.c:1771:10:mktime	32	static
../Core/Src/main.c:1815:6:Error_Handler	4	static,ignoring_inline_asm
