../Core/Src/main.c:159:6:HAL_UARTEx_RxEventCallback	24	static
../Core/Src/main.c:258:6:HAL_GPIO_EXTI_Callback	16	static
../Core/Src/main.c:289:6:HAL_TIM_PeriodElapsedCallback	24	static
../Core/Src/main.c:331:6:HAL_CAN_RxFifo0MsgPendingCallback	16	static
../Core/Src/main.c:354:5:main	232	static
../Core/Src/main.c:1094:6:SystemClock_Config	72	static
../Core/Src/main.c:1135:13:MX_CAN_Init	8	static
../Core/Src/main.c:1172:13:MX_IWDG_Init	8	static
../Core/Src/main.c:1200:13:MX_SPI1_Init	8	static
../Core/Src/main.c:1238:13:MX_SPI2_Init	8	static
../Core/Src/main.c:1276:13:MX_TIM2_Init	32	static
../Core/Src/main.c:1321:13:MX_TIM3_Init	32	static
../Core/Src/main.c:1366:13:MX_USART1_UART_Init	8	static
../Core/Src/main.c:1397:13:MX_DMA_Init	16	static
../Core/Src/main.c:1415:13:MX_GPIO_Init	40	static
../Core/Src/main.c:1507:6:sendData_eth	24	static
../Core/Src/main.c:1518:6:send_u8_eth	24	static
../Core/Src/main.c:1527:6:sendString	40	static
../Core/Src/main.c:1540:6:sendData_eth_info	48	static
../Core/Src/main.c:1552:6:sendData_eth_CardID	56	dynamic
../Core/Src/main.c:1584:6:sendData_uart	24	static
../Core/Src/main.c:1597:6:sendString_uart	24	static
../Core/Src/main.c:1612:6:sendString_info_uart	48	static
../Core/Src/main.c:1628:6:save_data	120	static
../Core/Src/main.c:1649:13:binary_search	112	static
../Core/Src/main.c:1667:6:new_card_update	40	static
../Core/Src/main.c:1681:6:shift_left_1bit	32	static
../Core/Src/main.c:1694:6:calculate_data_can	40	static
../Core/Src/main.c:1746:9:reconect_eth	24	static
../Core/Src/main.c:1774:6:Set_speed_can	56	static
../Core/Src/main.c:1815:16:is_leap_year	16	static
../Core/Src/main.c:1830:10:mktime	32	static
../Core/Src/main.c:1863:6:Error_Handler	4	static,ignoring_inline_asm
