../Core/Src/main.c:156:6:HAL_UARTEx_RxEventCallback	16	static
../Core/Src/main.c:194:6:HAL_GPIO_EXTI_Callback	16	static
../Core/Src/main.c:225:6:HAL_TIM_PeriodElapsedCallback	24	static
../Core/Src/main.c:271:6:HAL_CAN_RxFifo0MsgPendingCallback	16	static
../Core/Src/main.c:294:5:main	232	static
../Core/Src/main.c:977:6:SystemClock_Config	72	static
../Core/Src/main.c:1018:13:MX_CAN_Init	8	static
../Core/Src/main.c:1055:13:MX_IWDG_Init	8	static
../Core/Src/main.c:1083:13:MX_SPI1_Init	8	static
../Core/Src/main.c:1121:13:MX_SPI2_Init	8	static
../Core/Src/main.c:1159:13:MX_TIM2_Init	32	static
../Core/Src/main.c:1204:13:MX_TIM3_Init	32	static
../Core/Src/main.c:1249:13:MX_USART1_UART_Init	8	static
../Core/Src/main.c:1280:13:MX_DMA_Init	16	static
../Core/Src/main.c:1298:13:MX_GPIO_Init	40	static
../Core/Src/main.c:1390:6:sendData_eth	24	static
../Core/Src/main.c:1403:6:send_u8_eth	24	static
../Core/Src/main.c:1414:6:sendString	48	dynamic
../Core/Src/main.c:1428:6:sendData_eth_info	48	static
../Core/Src/main.c:1442:6:sendData_eth_CardID	56	dynamic
../Core/Src/main.c:1477:6:sendData_uart	24	static
../Core/Src/main.c:1492:6:save_data	120	static
../Core/Src/main.c:1513:13:binary_search	80	static
../Core/Src/main.c:1534:6:new_card_update	40	static
../Core/Src/main.c:1548:6:shift_left_1bit	32	static
../Core/Src/main.c:1561:6:calculate_data_can	40	static
../Core/Src/main.c:1613:9:reconect_eth	24	static
../Core/Src/main.c:1644:6:Set_speed_can	56	static
../Core/Src/main.c:1685:16:is_leap_year	16	static
../Core/Src/main.c:1700:10:mktime	32	static
../Core/Src/main.c:1743:6:Error_Handler	4	static,ignoring_inline_asm
