../Core/Src/main.c:157:6:HAL_UARTEx_RxEventCallback	16	static
../Core/Src/main.c:195:6:HAL_GPIO_EXTI_Callback	16	static
../Core/Src/main.c:226:6:HAL_TIM_PeriodElapsedCallback	24	static
../Core/Src/main.c:268:6:HAL_CAN_RxFifo0MsgPendingCallback	16	static
../Core/Src/main.c:291:5:main	232	static
../Core/Src/main.c:963:6:SystemClock_Config	72	static
../Core/Src/main.c:1004:13:MX_CAN_Init	8	static
../Core/Src/main.c:1041:13:MX_IWDG_Init	8	static
../Core/Src/main.c:1069:13:MX_SPI1_Init	8	static
../Core/Src/main.c:1107:13:MX_SPI2_Init	8	static
../Core/Src/main.c:1145:13:MX_TIM2_Init	32	static
../Core/Src/main.c:1190:13:MX_TIM3_Init	32	static
../Core/Src/main.c:1235:13:MX_USART1_UART_Init	8	static
../Core/Src/main.c:1266:13:MX_DMA_Init	16	static
../Core/Src/main.c:1284:13:MX_GPIO_Init	40	static
../Core/Src/main.c:1376:6:sendData_eth	24	static
../Core/Src/main.c:1389:6:send_u8_eth	24	static
../Core/Src/main.c:1400:6:sendString	48	dynamic
../Core/Src/main.c:1414:6:sendData_eth_info	48	static
../Core/Src/main.c:1428:6:sendData_eth_CardID	56	dynamic
../Core/Src/main.c:1463:6:sendData_uart	24	static
../Core/Src/main.c:1478:6:save_data	120	static
../Core/Src/main.c:1499:13:binary_search	112	static
../Core/Src/main.c:1517:6:new_card_update	40	static
../Core/Src/main.c:1531:6:shift_left_1bit	32	static
../Core/Src/main.c:1544:6:calculate_data_can	40	static
../Core/Src/main.c:1596:9:reconect_eth	24	static
../Core/Src/main.c:1625:6:Set_speed_can	56	static
../Core/Src/main.c:1666:16:is_leap_year	16	static
../Core/Src/main.c:1681:10:mktime	32	static
../Core/Src/main.c:1719:6:Error_Handler	4	static,ignoring_inline_asm
