../Core/Src/main.c:156:6:HAL_UARTEx_RxEventCallback	16	static
../Core/Src/main.c:194:6:HAL_GPIO_EXTI_Callback	16	static
../Core/Src/main.c:225:6:HAL_TIM_PeriodElapsedCallback	24	static
../Core/Src/main.c:271:6:HAL_CAN_RxFifo0MsgPendingCallback	16	static
../Core/Src/main.c:294:5:main	232	static
../Core/Src/main.c:970:6:SystemClock_Config	72	static
../Core/Src/main.c:1011:13:MX_CAN_Init	8	static
../Core/Src/main.c:1048:13:MX_IWDG_Init	8	static
../Core/Src/main.c:1076:13:MX_SPI1_Init	8	static
../Core/Src/main.c:1114:13:MX_SPI2_Init	8	static
../Core/Src/main.c:1152:13:MX_TIM2_Init	32	static
../Core/Src/main.c:1197:13:MX_TIM3_Init	32	static
../Core/Src/main.c:1242:13:MX_USART1_UART_Init	8	static
../Core/Src/main.c:1273:13:MX_DMA_Init	16	static
../Core/Src/main.c:1291:13:MX_GPIO_Init	40	static
../Core/Src/main.c:1383:6:sendData_eth	24	static
../Core/Src/main.c:1396:6:send_u8_eth	24	static
../Core/Src/main.c:1407:6:sendString	48	dynamic
../Core/Src/main.c:1421:6:sendData_eth_info	48	static
../Core/Src/main.c:1435:6:sendData_eth_CardID	56	dynamic
../Core/Src/main.c:1470:6:sendData_uart	24	static
../Core/Src/main.c:1485:6:save_data	120	static
../Core/Src/main.c:1506:13:binary_search	80	static
../Core/Src/main.c:1527:6:new_card_update	40	static
../Core/Src/main.c:1541:6:shift_left_1bit	32	static
../Core/Src/main.c:1554:6:calculate_data_can	40	static
../Core/Src/main.c:1606:9:reconect_eth	24	static
../Core/Src/main.c:1637:6:Set_speed_can	56	static
../Core/Src/main.c:1678:16:is_leap_year	16	static
../Core/Src/main.c:1693:10:mktime	32	static
../Core/Src/main.c:1736:6:Error_Handler	4	static,ignoring_inline_asm
